Component: ARM Compiler 5.06 update 6 (build 750) Tool: armlink [4d35ed]

==============================================================================

Section Cross References

    main.o(i.main) refers to stm32f1xx_hal.o(i.HAL_Init) for HAL_Init
    main.o(i.main) refers to oled.o(i.Automatic_Power_Off_Configuration) for Automatic_Power_Off_Configuration
    main.o(i.main) refers to system.o(i.SystemClock_Configuration) for SystemClock_Configuration
    main.o(i.main) refers to system.o(i.Delay_Configuration) for Delay_Configuration
    main.o(i.main) refers to usart.o(i.USART1_Configuration) for USART1_Configuration
    main.o(i.main) refers to oled.o(i.OLED_Configuration) for OLED_Configuration
    main.o(i.main) refers to system.o(i.Delay_Ms) for Delay_Ms
    main.o(i.main) refers to malloc.o(i.Memory_Configuration) for Memory_Configuration
    main.o(i.main) refers to fatfs.o(i.Exf_Configuration) for Exf_Configuration
    main.o(i.main) refers to iap.o(i.IAP_Get_UpdateAppName) for IAP_Get_UpdateAppName
    main.o(i.main) refers to iap.o(i.IAP_Get_CurrentAppValid) for IAP_Get_CurrentAppValid
    main.o(i.main) refers to iap.o(i.IAP_Get_CurrentAppName) for IAP_Get_CurrentAppName
    main.o(i.main) refers to iap.o(i.IAP_IsNeedUpdate) for IAP_IsNeedUpdate
    main.o(i.main) refers to iap.o(i.IAP_Update_Process) for IAP_Update_Process
    main.o(i.main) refers to iap.o(i.IAP_ErrorHandle) for IAP_ErrorHandle
    main.o(i.main) refers to iap.o(i.IAP_Run_CurrentApp) for IAP_Run_CurrentApp
    main.o(i.main) refers to iap.o(.bss) for IAP_UpdateAppName
    system.o(i.Delay_Configuration) refers to stm32f1xx_hal_cortex.o(i.HAL_SYSTICK_CLKSourceConfig) for HAL_SYSTICK_CLKSourceConfig
    system.o(i.Delay_Configuration) refers to system.o(.data) for fac_us
    system.o(i.Delay_Ms) refers to system.o(i.Delay_Us) for Delay_Us
    system.o(i.Delay_Us) refers to system.o(.data) for fac_us
    system.o(i.EasyDelay_Ms) refers to system.o(i.EasyDelay_Us) for EasyDelay_Us
    system.o(i.SystemClock_Configuration) refers to stm32f1xx_hal_rcc.o(i.HAL_RCC_OscConfig) for HAL_RCC_OscConfig
    system.o(i.SystemClock_Configuration) refers to stm32f1xx_hal_rcc.o(i.HAL_RCC_ClockConfig) for HAL_RCC_ClockConfig
    system.o(i.SystemClock_Configuration) refers to stm32f1xx_hal_rcc_ex.o(i.HAL_RCCEx_PeriphCLKConfig) for HAL_RCCEx_PeriphCLKConfig
    usart.o(.rev16_text) refers (Special) to use_no_semi_2.o(.text) for __use_no_semihosting
    usart.o(.revsh_text) refers (Special) to use_no_semi_2.o(.text) for __use_no_semihosting
    usart.o(.rrx_text) refers (Special) to use_no_semi_2.o(.text) for __use_no_semihosting
    usart.o(i.USART1_Configuration) refers (Special) to use_no_semi_2.o(.text) for __use_no_semihosting
    usart.o(i.USART1_Configuration) refers to stm32f1xx_hal_gpio.o(i.HAL_GPIO_Init) for HAL_GPIO_Init
    usart.o(i.USART1_Configuration) refers to stm32f1xx_hal_uart.o(i.HAL_UART_Init) for HAL_UART_Init
    usart.o(i.USART1_Configuration) refers to usart.o(.bss) for USART1_HandleStruct
    usart.o(i._sys_exit) refers (Special) to use_no_semi_2.o(.text) for __use_no_semihosting
    usart.o(i.fputc) refers (Special) to use_no_semi_2.o(.text) for __use_no_semihosting
    usart.o(.bss) refers (Special) to use_no_semi_2.o(.text) for __use_no_semihosting
    usart.o(.data) refers (Special) to use_no_semi_2.o(.text) for __use_no_semihosting
    iic.o(i.IIC2_Configuration) refers to stm32f1xx_hal_gpio.o(i.HAL_GPIO_Init) for HAL_GPIO_Init
    iic.o(i.Simulate_I2C_Master_Transmit) refers to iic.o(i.Simulate_I2C_Start) for Simulate_I2C_Start
    iic.o(i.Simulate_I2C_Master_Transmit) refers to iic.o(i.Simulate_I2C_WriteByte) for Simulate_I2C_WriteByte
    iic.o(i.Simulate_I2C_Master_Transmit) refers to iic.o(i.Simulate_I2C_WaitAck) for Simulate_I2C_WaitAck
    iic.o(i.Simulate_I2C_Master_Transmit) refers to iic.o(i.Simulate_I2C_Stop) for Simulate_I2C_Stop
    iic.o(i.Simulate_I2C_Start) refers to stm32f1xx_hal_gpio.o(i.HAL_GPIO_WritePin) for HAL_GPIO_WritePin
    iic.o(i.Simulate_I2C_Stop) refers to stm32f1xx_hal_gpio.o(i.HAL_GPIO_WritePin) for HAL_GPIO_WritePin
    iic.o(i.Simulate_I2C_WaitAck) refers to stm32f1xx_hal_gpio.o(i.HAL_GPIO_WritePin) for HAL_GPIO_WritePin
    iic.o(i.Simulate_I2C_WriteByte) refers to stm32f1xx_hal_gpio.o(i.HAL_GPIO_WritePin) for HAL_GPIO_WritePin
    sdio.o(i.DMA2_Channel4_5_IRQHandler) refers to stm32f1xx_hal_dma.o(i.HAL_DMA_IRQHandler) for HAL_DMA_IRQHandler
    sdio.o(i.DMA2_Channel4_5_IRQHandler) refers to sdio.o(.bss) for SDIO_DMA_HandleStruct
    sdio.o(i.SDIO_Configuration) refers to stm32f1xx_hal_gpio.o(i.HAL_GPIO_Init) for HAL_GPIO_Init
    sdio.o(i.SDIO_Configuration) refers to stm32f1xx_hal_sd.o(i.HAL_SD_Init) for HAL_SD_Init
    sdio.o(i.SDIO_Configuration) refers to stm32f1xx_hal_cortex.o(i.HAL_NVIC_SetPriority) for HAL_NVIC_SetPriority
[...]
    i.create_chain                           0x08005c7c   Section        0  ff.o(i.create_chain)
    create_chain                             0x08005c7d   Thumb Code   288  ff.o(i.create_chain)
    i.create_name                            0x08005d9c   Section        0  ff.o(i.create_name)
    create_name                              0x08005d9d   Thumb Code   584  ff.o(i.create_name)
    i.dbc_1st                                0x08005ffc   Section        0  ff.o(i.dbc_1st)
    dbc_1st                                  0x08005ffd   Thumb Code    12  ff.o(i.dbc_1st)
    i.dbc_2nd                                0x08006008   Section        0  ff.o(i.dbc_2nd)
    dbc_2nd                                  0x08006009   Thumb Code    12  ff.o(i.dbc_2nd)
    i.dir_alloc                              0x08006014   Section        0  ff.o(i.dir_alloc)
    dir_alloc                                0x08006015   Thumb Code    96  ff.o(i.dir_alloc)
    i.dir_clear                              0x08006074   Section        0  ff.o(i.dir_clear)
    dir_clear                                0x08006075   Thumb Code   198  ff.o(i.dir_clear)
    i.dir_find                               0x0800613a   Section        0  ff.o(i.dir_find)
    dir_find                                 0x0800613b   Thumb Code   252  ff.o(i.dir_find)
    i.dir_next                               0x08006236   Section        0  ff.o(i.dir_next)
    dir_next                                 0x08006237   Thumb Code   198  ff.o(i.dir_next)
    i.dir_read                               0x080062fc   Section        0  ff.o(i.dir_read)
    dir_read                                 0x080062fd   Thumb Code   210  ff.o(i.dir_read)
    i.dir_register                           0x080063ce   Section        0  ff.o(i.dir_register)
    dir_register                             0x080063cf   Thumb Code   322  ff.o(i.dir_register)
    i.dir_sdi                                0x08006510   Section        0  ff.o(i.dir_sdi)
    dir_sdi                                  0x08006511   Thumb Code   154  ff.o(i.dir_sdi)
    i.disk_initialize                        0x080065aa   Section        0  diskio.o(i.disk_initialize)
    i.disk_ioctl                             0x080065ca   Section        0  diskio.o(i.disk_ioctl)
    i.disk_read                              0x08006606   Section        0  diskio.o(i.disk_read)
    i.disk_status                            0x08006644   Section        0  diskio.o(i.disk_status)
    i.disk_write                             0x0800664a   Section        0  diskio.o(i.disk_write)
    i.f_close                                0x08006688   Section        0  ff.o(i.f_close)
    i.f_closedir                             0x080066aa   Section        0  ff.o(i.f_closedir)
    i.f_mount                                0x080066c4   Section        0  ff.o(i.f_mount)
    i.f_open                                 0x08006718   Section        0  ff.o(i.f_open)
    i.f_opendir                              0x0800691e   Section        0  ff.o(i.f_opendir)
    i.f_read                                 0x080069a8   Section        0  ff.o(i.f_read)
    i.f_readdir                              0x08006b54   Section        0  ff.o(i.f_readdir)
    i.f_sync                                 0x08006bbc   Section        0  ff.o(i.f_sync)
    i.ff_memalloc                            0x08006c5c   Section        0  ffsystem.o(i.ff_memalloc)
    i.ff_memfree                             0x08006c6a   Section        0  ffsystem.o(i.ff_memfree)
    i.ff_oem2uni                             0x08006c78   Section        0  ffunicode.o(i.ff_oem2uni)
    i.ff_uni2oem                             0x08006ca4   Section        0  ffunicode.o(i.ff_uni2oem)
    i.ff_wtoupper                            0x08006ce4   Section        0  ffunicode.o(i.ff_wtoupper)
    i.find_volume                            0x08006d94   Section        0  ff.o(i.find_volume)
    find_volume                              0x08006d95   Thumb Code   758  ff.o(i.find_volume)
    i.follow_path                            0x080070a0   Section        0  ff.o(i.follow_path)
    follow_path                              0x080070a1   Thumb Code   158  ff.o(i.follow_path)
    i.gen_numname                            0x08007140   Section        0  ff.o(i.gen_numname)
    gen_numname                              0x08007141   Thumb Code   198  ff.o(i.gen_numname)
    i.get_fat                                0x0800720c   Section        0  ff.o(i.get_fat)
    get_fat                                  0x0800720d   Thumb Code   224  ff.o(i.get_fat)
    i.get_fattime                            0x080072ec   Section        0  diskio.o(i.get_fattime)
    i.get_fileinfo                           0x080072f0   Section        0  ff.o(i.get_fileinfo)
    get_fileinfo                             0x080072f1   Thumb Code   374  ff.o(i.get_fileinfo)
    i.get_ldnumber                           0x08007466   Section        0  ff.o(i.get_ldnumber)
    get_ldnumber                             0x08007467   Thumb Code    78  ff.o(i.get_ldnumber)
    i.ld_clust                               0x080074b4   Section        0  ff.o(i.ld_clust)
    ld_clust                                 0x080074b5   Thumb Code    38  ff.o(i.ld_clust)
    i.ld_dword                               0x080074da   Section        0  ff.o(i.ld_dword)
    ld_dword                                 0x080074db   Thumb Code    24  ff.o(i.ld_dword)
    i.ld_word                                0x080074f2   Section        0  ff.o(i.ld_word)
    ld_word                                  0x080074f3   Thumb Code    12  ff.o(i.ld_word)
    i.main                                   0x08007500   Section        0  main.o(i.main)
    i.mem_cmp                                0x08007598   Section        0  ff.o(i.mem_cmp)
    mem_cmp                                  0x08007599   Thumb Code    36  ff.o(i.mem_cmp)
    i.mem_cpy                                0x080075bc   Section        0  ff.o(i.mem_cpy)
    mem_cpy                                  0x080075bd   Thumb Code    26  ff.o(i.mem_cpy)
    i.mem_set                                0x080075d6   Section        0  ff.o(i.mem_set)
    mem_set                                  0x080075d7   Thumb Code    18  ff.o(i.mem_set)
    i.move_window                            0x080075e8   Section        0  ff.o(i.move_window)
    move_window                              0x080075e9   Thumb Code    52  ff.o(i.move_window)
    i.pick_lfn                               0x0800761c   Section        0  ff.o(i.pick_lfn)
    pick_lfn                                 0x0800761d   Thumb Code   130  ff.o(i.pick_lfn)
    i.put_fat                                0x080076a4   Section        0  ff.o(i.put_fat)
    put_fat                                  0x080076a5   Thumb Code   312  ff.o(i.put_fat)
    i.put_lfn                                0x080077dc   Section        0  ff.o(i.put_lfn)
    put_lfn                                  0x080077dd   Thumb Code   124  ff.o(i.put_lfn)
    i.put_utf                                0x0800785c   Section        0  ff.o(i.put_utf)
    put_utf                                  0x0800785d   Thumb Code    66  ff.o(i.put_utf)
    i.remove_chain                           0x0800789e   Section        0  ff.o(i.remove_chain)
    remove_chain                             0x0800789f   Thumb Code   154  ff.o(i.remove_chain)
    i.st_clust                               0x08007938   Section        0  ff.o(i.st_clust)
    st_clust                                 0x08007939   Thumb Code    36  ff.o(i.st_clust)
    i.st_dword                               0x0800795c   Section        0  ff.o(i.st_dword)
    st_dword                                 0x0800795d   Thumb Code    24  ff.o(i.st_dword)
    i.st_word                                0x08007974   Section        0  ff.o(i.st_word)
    st_word                                  0x08007975   Thumb Code    12  ff.o(i.st_word)
    i.sum_sfn                                0x08007980   Section        0  ff.o(i.sum_sfn)
    sum_sfn                                  0x08007981   Thumb Code    32  ff.o(i.sum_sfn)
    i.sync_fs                                0x080079a0   Section        0  ff.o(i.sync_fs)
    sync_fs                                  0x080079a1   Thumb Code   134  ff.o(i.sync_fs)
    i.sync_window                            0x08007a30   Section        0  ff.o(i.sync_window)
    sync_window                              0x08007a31   Thumb Code    74  ff.o(i.sync_window)
    i.tchar2uni                              0x08007a7a   Section        0  ff.o(i.tchar2uni)
    tchar2uni                                0x08007a7b   Thumb Code    76  ff.o(i.tchar2uni)
    i.validate                               0x08007ac6   Section        0  ff.o(i.validate)
    validate                                 0x08007ac7   Thumb Code    60  ff.o(i.validate)
    .constdata                               0x08007b04   Section       12  malloc.o(.constdata)
    .constdata                               0x08007b10   Section     3556  oled.o(.constdata)
    .constdata                               0x080088f4   Section      141  ff.o(.constdata)
    LfnOfs                                   0x080088f4   Data          13  ff.o(.constdata)
    ExCvt                                    0x08008901   Data         128  ff.o(.constdata)
    .constdata                               0x08008982   Section      942  ffunicode.o(.constdata)
    uc850                                    0x08008982   Data         256  ffunicode.o(.constdata)
    cvt1                                     0x08008a82   Data         498  ffunicode.o(.constdata)
    cvt2                                     0x08008c74   Data         188  ffunicode.o(.constdata)
    .constdata                               0x08008d30   Section       24  system_stm32f1xx.o(.constdata)
    .constdata                               0x08008d48   Section       17  __printf_flags_wp.o(.constdata)
    maptable                                 0x08008d48   Data          17  __printf_flags_wp.o(.constdata)
    .conststring                             0x08008d5c   Section      108  fatfs.o(.conststring)
    .data                                    0x20000000   Section        4  system.o(.data)
    fac_us                                   0x20000000   Data           4  system.o(.data)
    .data                                    0x20000004   Section       20  malloc.o(.data)
    .data                                    0x20000018   Section        5  iap.o(.data)
    .data                                    0x20000020   Section      372  fatfs.o(.data)
    .data                                    0x20000194   Section        6  ff.o(.data)
    FatFs                                    0x20000194   Data           4  ff.o(.data)
    Fsid                                     0x20000198   Data           2  ff.o(.data)
    .data                                    0x2000019c   Section        4  stm32f1xx_hal.o(.data)
    uwTick                                   0x2000019c   Data           4  stm32f1xx_hal.o(.data)
    .data                                    0x200001a0   Section        4  system_stm32f1xx.o(.data)
    .bss                                     0x200001a4   Section       64  usart.o(.bss)
    .bss                                     0x200001e8   Section      240  sdio.o(.bss)
    .bss                                     0x200002e0   Section    21760  malloc.o(.bss)
    .bss                                     0x200057e0   Section     2304  iap.o(.bss)
    .bss                                     0x200060e0   Section      512  sd_card.o(.bss)
    .bss                                     0x200062e0   Section      328  fatfs.o(.bss)
    .bss                                     0x20006428   Section       32  stm32f1xx_hal_flash.o(.bss)
    .bss                                     0x20006448   Section       96  libspace.o(.bss)
    HEAP                                     0x200064a8   Section      512  startup_stm32f103xe.o(HEAP)
    Heap_Mem                                 0x200064a8   Data         512  startup_stm32f103xe.o(HEAP)
    STACK                                    0x200066a8   Section     1024  startup_stm32f103xe.o(STACK)
    Stack_Mem                                0x200066a8   Data        1024  startup_stm32f103xe.o(STACK)
    __initial_sp                             0x20006aa8   Data           0  startup_stm32f103xe.o(STACK)

    Global Symbols

    Symbol Name                              Value     Ov Type        Size  Object(Section)

    BuildAttributes$$THM_ISAv4$P$D$K$B$S$PE$A:L22UL41UL21$X:L11$S22US41US21$IEEE1$IW$USESV6$~STKCKD$USESV7$~SHL$OSPACE$ROPI$EBA8$UX$STANDARDLIB$REQ8$PRES8$EABIv2 0x00000000   Number         0  anon$$obj.o ABSOLUTE
    __ARM_use_no_argv                        0x00000000   Number         0  main.o ABSOLUTE
    _printf_flags                            0x00000000   Number         0  printf_stubs.o ABSOLUTE
    _printf_return_value                     0x00000000   Number         0  printf_stubs.o ABSOLUTE
    _printf_sizespec                         0x00000000   Number         0  printf_stubs.o ABSOLUTE
    _printf_widthprec                        0x00000000   Number         0  printf_stubs.o ABSOLUTE
    __ARM_exceptions_init                     - Undefined Weak Reference
    __alloca_initialize                       - Undefined Weak Reference
    __arm_preinit_                            - Undefined Weak Reference
    __cpp_initialize__aeabi_                  - Undefined Weak Reference
    __cxa_finalize                            - Undefined Weak Reference
    __rt_locale                               - Undefined Weak Reference
    __sigvec_lookup                           - Undefined Weak Reference
    _atexit_init                              - Undefined Weak Reference
    _call_atexit_fns                          - Undefined Weak Reference
    _clock_init                               - Undefined Weak Reference
    _fp_trap_init                             - Undefined Weak Reference
    _fp_trap_shutdown                         - Undefined Weak Reference
    _get_lc_collate                           - Undefined Weak Reference
    _get_lc_ctype                             - Undefined Weak Reference
    _get_lc_monetary                          - Undefined Weak Reference
    _get_lc_numeric                           - Undefined Weak Reference
    _get_lc_time                              - Undefined Weak Reference
    _getenv_init                              - Undefined Weak Reference
    _handle_redirection                       - Undefined Weak Reference
    _init_alloc                               - Undefined Weak Reference
    _init_user_alloc                          - Undefined Weak Reference
    _initio                                   - Undefined Weak Reference
    _printf_truncate_signed                   - Undefined Weak Reference
    _printf_truncate_unsigned                 - Undefined Weak Reference
    _rand_init                                - Undefined Weak Reference
    _signal_finish                            - Undefined Weak Reference
    _signal_init                              - Undefined Weak Reference
    _terminate_alloc                          - Undefined Weak Reference
    _terminate_user_alloc                     - Undefined Weak Reference
    _terminateio                              - Undefined Weak Reference
    __Vectors_Size                           0x00000130   Number         0  startup_stm32f103xe.o ABSOLUTE
    __Vectors                                0x08000000   Data           4  startup_stm32f103xe.o(RESET)
    __Vectors_End                            0x08000130   Data           0  startup_stm32f103xe.o(RESET)
    __main                                   0x08000131   Thumb Code     8  __main.o(!!!main)
    __scatterload                            0x08000139   Thumb Code     0  __scatter.o(!!!scatter)
    __scatterload_rt2                        0x08000139   Thumb Code    44  __scatter.o(!!!scatter)
    __scatterload_rt2_thumb_only             0x08000139   Thumb Code     0  __scatter.o(!!!scatter)
    __scatterload_null                       0x08000147   Thumb Code     0  __scatter.o(!!!scatter)
    __decompress                             0x0800016d   Thumb Code    90  __dczerorl2.o(!!dczerorl2)
    __decompress1                            0x0800016d   Thumb Code     0  __dczerorl2.o(!!dczerorl2)
    __scatterload_zeroinit                   0x080001c9   Thumb Code    28  __scatter_zi.o(!!handler_zi)
    _printf_d                                0x080001e5   Thumb Code     0  _printf_d.o(.ARM.Collect$$_printf_percent$$00000009)
    _printf_percent                          0x080001e5   Thumb Code     0  _printf_percent.o(.ARM.Collect$$_printf_percent$$00000000)
    _printf_percent_end                      0x080001eb   Thumb Code     0  _printf_percent_end.o(.ARM.Collect$$_printf_percent$$00000017)
    __rt_lib_init                            0x080001ef   Thumb Code     0  libinit.o(.ARM.Collect$$libinit$$00000000)
    __rt_lib_init_alloca_1                   0x080001f1   Thumb Code     0  libinit2.o(.ARM.Collect$$libinit$$0000002E)
    __rt_lib_init_argv_1                     0x080001f1   Thumb Code     0  libinit2.o(.ARM.Collect$$libinit$$0000002C)
    __rt_lib_init_atexit_1                   0x080001f1   Thumb Code     0  libinit2.o(.ARM.Collect$$libinit$$0000001B)
    __rt_lib_init_clock_1                    0x080001f1   Thumb Code     0  libinit2.o(.ARM.Collect$$libinit$$00000021)
    __rt_lib_init_cpp_1                      0x080001f1   Thumb Code     0  libinit2.o(.ARM.Collect$$libinit$$00000032)
    __rt_lib_init_exceptions_1               0x080001f1   Thumb Code     0  libinit2.o(.ARM.Collect$$libinit$$00000030)
    __rt_lib_init_fp_1                       0x080001f1   Thumb Code     0  libinit2.o(.ARM.Collect$$libinit$$00000002)
    __rt_lib_init_fp_trap_1                  0x080001f1   Thumb Code     0  libinit2.o(.ARM.Collect$$libinit$$0000001F)
    __rt_lib_init_getenv_1                   0x080001f1   Thumb Code     0  libinit2.o(.ARM.Collect$$libinit$$00000023)
    __rt_lib_init_heap_1                     0x080001f1   Thumb Code     0  libinit2.o(.ARM.Collect$$libinit$$0000000A)
    __rt_lib_init_lc_collate_1               0x080001f1   Thumb Code     0  libinit2.o(.ARM.Collect$$libinit$$00000011)
    __rt_lib_init_lc_ctype_1                 0x080001f1   Thumb Code     0  libinit2.o(.ARM.Collect$$libinit$$00000013)
    __rt_lib_init_lc_monetary_1              0x080001f1   Thumb Code     0  libinit2.o(.ARM.Collect$$libinit$$00000015)
    __rt_lib_init_lc_numeric_1               0x080001f1   Thumb Code     0  libinit2.o(.ARM.Collect$$libinit$$00000017)
    __rt_lib_init_lc_time_1                  0x080001f1   Thumb Code     0  libinit2.o(.ARM.Collect$$libinit$$00000019)
    __rt_lib_init_preinit_1                  0x080001f1   Thumb Code     0  libinit2.o(.ARM.Collect$$libinit$$00000004)
    __rt_lib_init_rand_1                     0x080001f1   Thumb Code     0  libinit2.o(.ARM.Collect$$libinit$$0000000E)
    __rt_lib_init_return                     0x080001f1   Thumb Code     0  libinit2.o(.ARM.Collect$$libinit$$00000033)
    __rt_lib_init_signal_1                   0x080001f1   Thumb Code     0  libinit2.o(.ARM.Collect$$libinit$$0000001D)
    __rt_lib_init_stdio_1                    0x080001f1   Thumb Code     0  libinit2.o(.ARM.Collect$$libinit$$00000025)
    __rt_lib_init_user_alloc_1               0x080001f1   Thumb Code     0  libinit2.o(.ARM.Collect$$libinit$$0000000C)
    __rt_lib_shutdown                        0x080001f3   Thumb Code     0  libshutdown.o(.ARM.Collect$$libshutdown$$00000000)
    __rt_lib_shutdown_cpp_1                  0x080001f5   Thumb Code     0  libshutdown2.o(.ARM.Collect$$libshutdown$$00000002)
    __rt_lib_shutdown_fp_trap_1              0x080001f5   Thumb Code     0  libshutdown2.o(.ARM.Collect$$libshutdown$$00000007)
    __rt_lib_shutdown_heap_1                 0x080001f5   Thumb Code     0  libshutdown2.o(.ARM.Collect$$libshutdown$$0000000F)
    __rt_lib_shutdown_return                 0x080001f5   Thumb Code     0  libshutdown2.o(.ARM.Collect$$libshutdown$$00000010)
    __rt_lib_shutdown_signal_1               0x080001f5   Thumb Code     0  libshutdown2.o(.ARM.Collect$$libshutdown$$0000000A)
    __rt_lib_shutdown_stdio_1                0x080001f5   Thumb Code     0  libshutdown2.o(.ARM.Collect$$libshutdown$$00000004)
    __rt_lib_shutdown_user_alloc_1           0x080001f5   Thumb Code     0  libshutdown2.o(.ARM.Collect$$libshutdown$$0000000C)
    __rt_entry                               0x080001f7   Thumb Code     0  __rtentry.o(.ARM.Collect$$rtentry$$00000000)
    __rt_entry_presh_1                       0x080001f7   Thumb Code     0  __rtentry2.o(.ARM.Collect$$rtentry$$00000002)
    __rt_entry_sh                            0x080001f7   Thumb Code     0  __rtentry4.o(.ARM.Collect$$rtentry$$00000004)
    __rt_entry_li                            0x080001fd   Thumb Code     0  __rtentry2.o(.ARM.Collect$$rtentry$$0000000A)
    __rt_entry_postsh_1                      0x080001fd   Thumb Code     0  __rtentry2.o(.ARM.Collect$$rtentry$$00000009)
    __rt_entry_main                          0x08000201   Thumb Code     0  __rtentry2.o(.ARM.Collect$$rtentry$$0000000D)
    __rt_entry_postli_1                      0x08000201   Thumb Code     0  __rtentry2.o(.ARM.Collect$$rtentry$$0000000C)
    __rt_exit                                0x08000209   Thumb Code     0  rtexit.o(.ARM.Collect$$rtexit$$00000000)
    __rt_exit_ls                             0x0800020b   Thumb Code     0  rtexit2.o(.ARM.Collect$$rtexit$$00000003)
    __rt_exit_prels_1                        0x0800020b   Thumb Code     0  rtexit2.o(.ARM.Collect$$rtexit$$00000002)
    __rt_exit_exit                           0x0800020f   Thumb Code     0  rtexit2.o(.ARM.Collect$$rtexit$$00000004)
    Reset_Handler                            0x08000215   Thumb Code     8  startup_stm32f103xe.o(.text)
    ADC1_2_IRQHandler                        0x0800022f   Thumb Code     0  startup_stm32f103xe.o(.text)
    ADC3_IRQHandler                          0x0800022f   Thumb Code     0  startup_stm32f103xe.o(.text)
    CAN1_RX1_IRQHandler                      0x0800022f   Thumb Code     0  startup_stm32f103xe.o(.text)
    CAN1_SCE_IRQHandler                      0x0800022f   Thumb Code     0  startup_stm32f103xe.o(.text)
    DMA1_Channel1_IRQHandler                 0x0800022f   Thumb Code     0  startup_stm32f103xe.o(.text)
    DMA1_Channel2_IRQHandler                 0x0800022f   Thumb Code     0  startup_stm32f103xe.o(.text)
    DMA1_Channel3_IRQHandler                 0x0800022f   Thumb Code     0  startup_stm32f103xe.o(.text)
    DMA1_Channel4_IRQHandler                 0x0800022f   Thumb Code     0  startup_stm32f103xe.o(.text)
    DMA1_Channel5_IRQHandler                 0x0800022f   Thumb Code     0  startup_stm32f103xe.o(.text)
    DMA1_Channel6_IRQHandler                 0x0800022f   Thumb Code     0  startup_stm32f103xe.o(.text)
    DMA1_Channel7_IRQHandler                 0x0800022f   Thumb Code     0  startup_stm32f103xe.o(.text)
    DMA2_Channel1_IRQHandler                 0x0800022f   Thumb Code     0  startup_stm32f103xe.o(.text)
    DMA2_Channel2_IRQHandler                 0x0800022f   Thumb Code     0  startup_stm32f103xe.o(.text)
    DMA2_Channel3_IRQHandler                 0x0800022f   Thumb Code     0  startup_stm32f103xe.o(.text)
    EXTI0_IRQHandler                         0x0800022f   Thumb Code     0  startup_stm32f103xe.o(.text)
    EXTI15_10_IRQHandler                     0x0800022f   Thumb Code     0  startup_stm32f103xe.o(.text)
    EXTI1_IRQHandler                         0x0800022f   Thumb Code     0  startup_stm32f103xe.o(.text)
    EXTI2_IRQHandler                         0x0800022f   Thumb Code     0  startup_stm32f103xe.o(.text)
    EXTI3_IRQHandler                         0x0800022f   Thumb Code     0  startup_stm32f103xe.o(.text)
    EXTI4_IRQHandler                         0x0800022f   Thumb Code     0  startup_stm32f103xe.o(.text)
    EXTI9_5_IRQHandler                       0x0800022f   Thumb Code     0  startup_stm32f103xe.o(.text)
    FLASH_IRQHandler                         0x0800022f   Thumb Code     0  startup_stm32f103xe.o(.text)
    FSMC_IRQHandler                          0x0800022f   Thumb Code     0  startup_stm32f103xe.o(.text)
    I2C1_ER_IRQHandler                       0x0800022f   Thumb Code     0  startup_stm32f103xe.o(.text)
    I2C1_EV_IRQHandler                       0x0800022f   Thumb Code     0  startup_stm32f103xe.o(.text)
    I2C2_ER_IRQHandler                       0x0800022f   Thumb Code     0  startup_stm32f103xe.o(.text)
    I2C2_EV_IRQHandler                       0x0800022f   Thumb Code     0  startup_stm32f103xe.o(.text)
    PVD_IRQHandler                           0x0800022f   Thumb Code     0  startup_stm32f103xe.o(.text)
    RCC_IRQHandler                           0x0800022f   Thumb Code     0  startup_stm32f103xe.o(.text)
    RTC_Alarm_IRQHandler                     0x0800022f   Thumb Code     0  startup_stm32f103xe.o(.text)
    RTC_IRQHandler                           0x0800022f   Thumb Code     0  startup_stm32f103xe.o(.text)
    SPI1_IRQHandler                          0x0800022f   Thumb Code     0  startup_stm32f103xe.o(.text)
    SPI2_IRQHandler                          0x0800022f   Thumb Code     0  startup_stm32f103xe.o(.text)
    SPI3_IRQHandler                          0x0800022f   Thumb Code     0  startup_stm32f103xe.o(.text)
    TAMPER_IRQHandler                        0x0800022f   Thumb Code     0  startup_stm32f103xe.o(.text)
    TIM1_BRK_IRQHandler                      0x0800022f   Thumb Code     0  startup_stm32f103xe.o(.text)
    TIM1_CC_IRQHandler                       0x0800022f   Thumb Code     0  startup_stm32f103xe.o(.text)
    TIM1_TRG_COM_IRQHandler                  0x0800022f   Thumb Code     0  startup_stm32f103xe.o(.text)
    TIM1_UP_IRQHandler                       0x0800022f   Thumb Code     0  startup_stm32f103xe.o(.text)
    TIM2_IRQHandler                          0x0800022f   Thumb Code     0  startup_stm32f103xe.o(.text)
    TIM3_IRQHandler                          0x0800022f   Thumb Code     0  startup_stm32f103xe.o(.text)
    TIM4_IRQHandler                          0x0800022f   Thumb Code     0  startup_stm32f103xe.o(.text)
    TIM5_IRQHandler                          0x0800022f   Thumb Code     0  startup_stm32f103xe.o(.text)
    TIM6_IRQHandler                          0x0800022f   Thumb Code     0  startup_stm32f103xe.o(.text)
    TIM7_IRQHandler                          0x0800022f   Thumb Code     0  startup_stm32f103xe.o(.text)
    TIM8_BRK_IRQHandler                      0x0800022f   Thumb Code     0  startup_stm32f103xe.o(.text)
    TIM8_CC_IRQHandler                       0x0800022f   Thumb Code     0  startup_stm32f103xe.o(.text)
    TIM8_TRG_COM_IRQHandler                  0x0800022f   Thumb Code     0  startup_stm32f103xe.o(.text)
    TIM8_UP_IRQHandler                       0x0800022f   Thumb Code     0  startup_stm32f103xe.o(.text)
    UART4_IRQHandler                         0x0800022f   Thumb Code     0  startup_stm32f103xe.o(.text)
    UART5_IRQHandler                         0x0800022f   Thumb Code     0  startup_stm32f103xe.o(.text)
    USART1_IRQHandler                        0x0800022f   Thumb Code     0  startup_stm32f103xe.o(.text)
    USART2_IRQHandler                        0x0800022f   Thumb Code     0  startup_stm32f103xe.o(.text)
    USART3_IRQHandler                        0x0800022f   Thumb Code     0  startup_stm32f103xe.o(.text)
    USBWakeUp_IRQHandler                     0x0800022f   Thumb Code     0  startup_stm32f103xe.o(.text)
    USB_HP_CAN1_TX_IRQHandler                0x0800022f   Thumb Code     0  startup_stm32f103xe.o(.text)
    USB_LP_CAN1_RX0_IRQHandler               0x0800022f   Thumb Code     0  startup_stm32f103xe.o(.text)
    WWDG_IRQHandler                          0x0800022f   Thumb Code     0  startup_stm32f103xe.o(.text)
    __user_initial_stackheap                 0x08000231   Thumb Code     0  startup_stm32f103xe.o(.text)
    __use_no_semihosting                     0x08000255   Thumb Code     2  use_no_semi_2.o(.text)
    __aeabi_uldivmod                         0x08000257   Thumb Code     0  lludivv7m.o(.text)
    _ll_udiv                                 0x08000257   Thumb Code   238  lludivv7m.o(.text)
    __aeabi_llsr                             0x08000345   Thumb Code     0  llushr.o(.text)
    _ll_ushift_r                             0x08000345   Thumb Code    38  llushr.o(.text)
    __2sprintf                               0x0800036d   Thumb Code    34  noretval__2sprintf.o(.text)
    _printf_pre_padding                      0x08000395   Thumb Code    44  _printf_pad.o(.text)
    _printf_post_padding                     0x080003c1   Thumb Code    34  _printf_pad.o(.text)
    _printf_int_dec                          0x080003e5   Thumb Code   104  _printf_dec.o(.text)
    __printf                                 0x0800045d   Thumb Code   308  __printf_flags_wp.o(.text)
    memcmp                                   0x08000595   Thumb Code    88  memcmp.o(.text)
    strcpy                                   0x080005ed   Thumb Code    72  strcpy.o(.text)
    strlen                                   0x08000635   Thumb Code    62  strlen.o(.text)
    strcat                                   0x08000673   Thumb Code    24  strcat.o(.text)
    __aeabi_memcpy                           0x0800068b   Thumb Code     0  rt_memcpy_v6.o(.text)
    __rt_memcpy                              0x0800068b   Thumb Code   138  rt_memcpy_v6.o(.text)
    _memcpy_lastbytes                        0x080006f1   Thumb Code     0  rt_memcpy_v6.o(.text)
    __aeabi_memcpy4                          0x08000715   Thumb Code     0  rt_memcpy_w.o(.text)
    __aeabi_memcpy8                          0x08000715   Thumb Code     0  rt_memcpy_w.o(.text)
    __rt_memcpy_w                            0x08000715   Thumb Code   100  rt_memcpy_w.o(.text)
    _memcpy_lastbytes_aligned                0x0800075d   Thumb Code     0  rt_memcpy_w.o(.text)
    __aeabi_memset                           0x08000779   Thumb Code    16  aeabi_memset.o(.text)
    __aeabi_memclr                           0x08000789   Thumb Code     0  rt_memclr.o(.text)
    __rt_memclr                              0x08000789   Thumb Code    68  rt_memclr.o(.text)
    _memset                                  0x0800078d   Thumb Code     0  rt_memclr.o(.text)
    __aeabi_memclr4                          0x080007cd   Thumb Code     0  rt_memclr_w.o(.text)
    __aeabi_memclr8                          0x080007cd   Thumb Code     0  rt_memclr_w.o(.text)
    __rt_memclr_w                            0x080007cd   Thumb Code    78  rt_memclr_w.o(.text)
    _memset_w                                0x080007d1   Thumb Code     0  rt_memclr_w.o(.text)
    strcmp                                   0x0800081d   Thumb Code   128  strcmpv7m.o(.text)
    __use_two_region_memory                  0x0800089d   Thumb Code     2  heapauxi.o(.text)
    __rt_heap_escrow$2region                 0x0800089f   Thumb Code     2  heapauxi.o(.text)
    __rt_heap_expand$2region                 0x080008a1   Thumb Code     2  heapauxi.o(.text)
    __I$use$semihosting                      0x080008a3   Thumb Code     0  use_no_semi.o(.text)
    __use_no_semihosting_swi                 0x080008a3   Thumb Code     2  use_no_semi.o(.text)
    _printf_int_common                       0x080008a5   Thumb Code   178  _printf_intcommon.o(.text)
    _printf_char_common                      0x08000963   Thumb Code    32  _printf_char_common.o(.text)
    _sputc                                   0x08000989   Thumb Code    10  _sputc.o(.text)
    __user_setup_stackheap                   0x08000993   Thumb Code    74  sys_stackheap_outer.o(.text)
    exit                                     0x080009dd   Thumb Code    18  exit.o(.text)
    __user_libspace                          0x080009f1   Thumb Code     8  libspace.o(.text)
    __user_perproc_libspace                  0x080009f1   Thumb Code     0  libspace.o(.text)
    __user_perthread_libspace                0x080009f1   Thumb Code     0  libspace.o(.text)
    Automatic_Power_Off_Configuration        0x080009f9   Thumb Code    68  oled.o(i.Automatic_Power_Off_Configuration)
    BusFault_Handler                         0x08000a45   Thumb Code     4  stm32f1xx_it.o(i.BusFault_Handler)
    DMA2_Channel4_5_IRQHandler               0x08000a49   Thumb Code    30  sdio.o(i.DMA2_Channel4_5_IRQHandler)
    DebugMon_Handler                         0x08000a91   Thumb Code     2  stm32f1xx_it.o(i.DebugMon_Handler)
    Delay_Configuration                      0x08000a95   Thumb Code    16  system.o(i.Delay_Configuration)
    Delay_Ms                                 0x08000aa9   Thumb Code    24  system.o(i.Delay_Ms)
    Delay_Us                                 0x08000ac1   Thumb Code    68  system.o(i.Delay_Us)
    Exf_Configuration                        0x08000b09   Thumb Code    50  fatfs.o(i.Exf_Configuration)
    Exf_GetType                              0x08000b45   Thumb Code   188  fatfs.o(i.Exf_GetType)
    FLASH_PageErase                          0x08000c2d   Thumb Code    32  stm32f1xx_hal_flash_ex.o(i.FLASH_PageErase)
    FLASH_WaitForLastOperation               0x08000cdd   Thumb Code   106  stm32f1xx_hal_flash.o(i.FLASH_WaitForLastOperation)
    HAL_DMA_DeInit                           0x08000d4d   Thumb Code  1112  stm32f1xx_hal_dma.o(i.HAL_DMA_DeInit)
    HAL_DMA_IRQHandler                       0x080011ad   Thumb Code  2304  stm32f1xx_hal_dma.o(i.HAL_DMA_IRQHandler)
    HAL_DMA_Init                             0x08001ab5   Thumb Code    84  stm32f1xx_hal_dma.o(i.HAL_DMA_Init)
    HAL_DMA_Start_IT                         0x08001b09   Thumb Code   118  stm32f1xx_hal_dma.o(i.HAL_DMA_Start_IT)
    HAL_Delay                                0x08001b7f   Thumb Code    26  stm32f1xx_hal.o(i.HAL_Delay)
    HAL_FLASHEx_Erase                        0x08001b99   Thumb Code   168  stm32f1xx_hal_flash_ex.o(i.HAL_FLASHEx_Erase)
    HAL_FLASH_Lock                           0x08001c49   Thumb Code    16  stm32f1xx_hal_flash.o(i.HAL_FLASH_Lock)
    HAL_FLASH_Program                        0x08001c5d   Thumb Code   168  stm32f1xx_hal_flash.o(i.HAL_FLASH_Program)
    HAL_FLASH_Unlock                         0x08001d0d   Thumb Code    30  stm32f1xx_hal_flash.o(i.HAL_FLASH_Unlock)
    HAL_GPIO_Init                            0x08001d39   Thumb Code   790  stm32f1xx_hal_gpio.o(i.HAL_GPIO_Init)
    HAL_GPIO_ReadPin                         0x08002079   Thumb Code    16  stm32f1xx_hal_gpio.o(i.HAL_GPIO_ReadPin)
    HAL_GPIO_WritePin                        0x08002089   Thumb Code    12  stm32f1xx_hal_gpio.o(i.HAL_GPIO_WritePin)
    HAL_GetTick                              0x08002095   Thumb Code     6  stm32f1xx_hal.o(i.HAL_GetTick)
    HAL_IncTick                              0x080020a1   Thumb Code    12  stm32f1xx_hal.o(i.HAL_IncTick)
    HAL_Init                                 0x080020b1   Thumb Code    34  stm32f1xx_hal.o(i.HAL_Init)
    HAL_InitTick                             0x080020d9   Thumb Code    36  stm32f1xx_hal.o(i.HAL_InitTick)
    HAL_MspInit                              0x080020fd   Thumb Code     2  stm32f1xx_hal.o(i.HAL_MspInit)
    HAL_NVIC_EnableIRQ                       0x080020ff   Thumb Code    26  stm32f1xx_hal_cortex.o(i.HAL_NVIC_EnableIRQ)
    HAL_NVIC_SetPriority                     0x08002119   Thumb Code   124  stm32f1xx_hal_cortex.o(i.HAL_NVIC_SetPriority)
    HAL_NVIC_SetPriorityGrouping             0x08002195   Thumb Code    32  stm32f1xx_hal_cortex.o(i.HAL_NVIC_SetPriorityGrouping)
    HAL_RCCEx_PeriphCLKConfig                0x080021bd   Thumb Code   366  stm32f1xx_hal_rcc_ex.o(i.HAL_RCCEx_PeriphCLKConfig)
    HAL_RCC_ClockConfig                      0x08002339   Thumb Code   648  stm32f1xx_hal_rcc.o(i.HAL_RCC_ClockConfig)
    HAL_RCC_GetHCLKFreq                      0x080025d1   Thumb Code     6  stm32f1xx_hal_rcc.o(i.HAL_RCC_GetHCLKFreq)
    HAL_RCC_GetPCLK1Freq                     0x080025dd   Thumb Code    36  stm32f1xx_hal_rcc.o(i.HAL_RCC_GetPCLK1Freq)
    HAL_RCC_GetPCLK2Freq                     0x08002609   Thumb Code    36  stm32f1xx_hal_rcc.o(i.HAL_RCC_GetPCLK2Freq)
    HAL_RCC_GetSysClockFreq                  0x08002635   Thumb Code   146  stm32f1xx_hal_rcc.o(i.HAL_RCC_GetSysClockFreq)
    HAL_RCC_OscConfig                        0x080026e9   Thumb Code  2164  stm32f1xx_hal_rcc.o(i.HAL_RCC_OscConfig)
    HAL_SD_CheckReadOperation                0x08002f61   Thumb Code   124  stm32f1xx_hal_sd.o(i.HAL_SD_CheckReadOperation)
    HAL_SD_CheckWriteOperation               0x08002fdd   Thumb Code   136  stm32f1xx_hal_sd.o(i.HAL_SD_CheckWriteOperation)
    HAL_SD_DMA_RxCpltCallback                0x08003065   Thumb Code     2  stm32f1xx_hal_sd.o(i.HAL_SD_DMA_RxCpltCallback)
    HAL_SD_DMA_RxErrorCallback               0x08003067   Thumb Code     2  stm32f1xx_hal_sd.o(i.HAL_SD_DMA_RxErrorCallback)
    HAL_SD_DMA_TxCpltCallback                0x08003069   Thumb Code     2  stm32f1xx_hal_sd.o(i.HAL_SD_DMA_TxCpltCallback)
    HAL_SD_DMA_TxErrorCallback               0x0800306b   Thumb Code     2  stm32f1xx_hal_sd.o(i.HAL_SD_DMA_TxErrorCallback)
    HAL_SD_GetStatus                         0x0800306d   Thumb Code    34  stm32f1xx_hal_sd.o(i.HAL_SD_GetStatus)
    HAL_SD_Get_CardInfo                      0x0800308f   Thumb Code   750  stm32f1xx_hal_sd.o(i.HAL_SD_Get_CardInfo)
    HAL_SD_IRQHandler                        0x0800337d   Thumb Code   192  stm32f1xx_hal_sd.o(i.HAL_SD_IRQHandler)
    HAL_SD_Init                              0x0800343d   Thumb Code   162  stm32f1xx_hal_sd.o(i.HAL_SD_Init)
    HAL_SD_MspInit                           0x080034df   Thumb Code     2  stm32f1xx_hal_sd.o(i.HAL_SD_MspInit)
    HAL_SD_ReadBlocks_DMA                    0x080034e1   Thumb Code   296  stm32f1xx_hal_sd.o(i.HAL_SD_ReadBlocks_DMA)
    HAL_SD_StopTransfer                      0x08003611   Thumb Code    62  stm32f1xx_hal_sd.o(i.HAL_SD_StopTransfer)
    HAL_SD_WideBusOperation_Config           0x0800364f   Thumb Code   136  stm32f1xx_hal_sd.o(i.HAL_SD_WideBusOperation_Config)
    HAL_SD_WriteBlocks_DMA                   0x080036d9   Thumb Code   292  stm32f1xx_hal_sd.o(i.HAL_SD_WriteBlocks_DMA)
    HAL_SD_XferCpltCallback                  0x08003805   Thumb Code     2  stm32f1xx_hal_sd.o(i.HAL_SD_XferCpltCallback)
    HAL_SD_XferErrorCallback                 0x08003807   Thumb Code     2  stm32f1xx_hal_sd.o(i.HAL_SD_XferErrorCallback)
    HAL_SYSTICK_CLKSourceConfig              0x08003809   Thumb Code    40  stm32f1xx_hal_cortex.o(i.HAL_SYSTICK_CLKSourceConfig)
    HAL_SYSTICK_Config                       0x08003831   Thumb Code    52  stm32f1xx_hal_cortex.o(i.HAL_SYSTICK_Config)
    HAL_UART_Init                            0x08003865   Thumb Code   110  stm32f1xx_hal_uart.o(i.HAL_UART_Init)
    HAL_UART_MspInit                         0x080038d3   Thumb Code     2  stm32f1xx_hal_uart.o(i.HAL_UART_MspInit)
    HardFault_Handler                        0x080038d5   Thumb Code     4  stm32f1xx_it.o(i.HardFault_Handler)
    IAP_AppProgram                           0x080038d9   Thumb Code   310  iap.o(i.IAP_AppProgram)
    IAP_AppVerify                            0x08003a4d   Thumb Code   232  iap.o(i.IAP_AppVerify)
    IAP_Erase_AppArea                        0x08003b6d   Thumb Code    84  iap.o(i.IAP_Erase_AppArea)
    IAP_Erase_InfoArea                       0x08003bf1   Thumb Code    84  iap.o(i.IAP_Erase_InfoArea)
    IAP_ErrorHandle                          0x08003c71   Thumb Code   246  iap.o(i.IAP_ErrorHandle)
    IAP_Get_CurrentAppName                   0x08003e5d   Thumb Code    36  iap.o(i.IAP_Get_CurrentAppName)
    IAP_Get_CurrentAppValid                  0x08003e89   Thumb Code    28  iap.o(i.IAP_Get_CurrentAppValid)
    IAP_Get_UpdateAppName                    0x08003ea9   Thumb Code   126  iap.o(i.IAP_Get_UpdateAppName)
    IAP_IsNeedUpdate                         0x08003f3d   Thumb Code    20  iap.o(i.IAP_IsNeedUpdate)
    IAP_Run_CurrentApp                       0x08003f59   Thumb Code    38  iap.o(i.IAP_Run_CurrentApp)
    IAP_Set_CurrentAppName                   0x08003f89   Thumb Code   142  iap.o(i.IAP_Set_CurrentAppName)
    IAP_Set_CurrentAppValid                  0x0800401d   Thumb Code    24  iap.o(i.IAP_Set_CurrentAppValid)
    IAP_ShowProgressBar                      0x08004039   Thumb Code    40  iap.o(i.IAP_ShowProgressBar)
    IAP_Update_Process                       0x08004061   Thumb Code   220  iap.o(i.IAP_Update_Process)
    IIC2_Configuration                       0x0800417d   Thumb Code    64  iic.o(i.IIC2_Configuration)
    MemManage_Handler                        0x080041c5   Thumb Code     4  stm32f1xx_it.o(i.MemManage_Handler)
    Memory_Configuration                     0x080041c9   Thumb Code    54  malloc.o(i.Memory_Configuration)
    Memory_Free                              0x0800420d   Thumb Code    30  malloc.o(i.Memory_Free)
    Memory_FreeCheck                         0x08004231   Thumb Code    96  malloc.o(i.Memory_FreeCheck)
    Memory_GetUseRate                        0x0800429d   Thumb Code    54  malloc.o(i.Memory_GetUseRate)
    Memory_Malloc                            0x080042dd   Thumb Code    34  malloc.o(i.Memory_Malloc)
    Memory_MallocCheck                       0x08004305   Thumb Code   156  malloc.o(i.Memory_MallocCheck)
    Memory_Write                             0x080043ad   Thumb Code    20  malloc.o(i.Memory_Write)
    NMI_Handler                              0x080043c1   Thumb Code     2  stm32f1xx_it.o(i.NMI_Handler)
    OLED_Clear                               0x080043fd   Thumb Code    44  oled.o(i.OLED_Clear)
    OLED_Configuration                       0x08004429   Thumb Code   220  oled.o(i.OLED_Configuration)
    OLED_ScrollControl                       0x08004509   Thumb Code    26  oled.o(i.OLED_ScrollControl)
    OLED_SetPosition                         0x08004523   Thumb Code    42  oled.o(i.OLED_SetPosition)
    OLED_ShowChar                            0x0800454d   Thumb Code   224  oled.o(i.OLED_ShowChar)
    OLED_ShowChinese                         0x08004639   Thumb Code    96  oled.o(i.OLED_ShowChinese)
    OLED_ShowNum                             0x0800469d   Thumb Code   232  oled.o(i.OLED_ShowNum)
    OLED_ShowProgressBar                     0x080047c1   Thumb Code    96  oled.o(i.OLED_ShowProgressBar)
    OLED_ShowText                            0x08004821   Thumb Code   146  oled.o(i.OLED_ShowText)
    OLED_WriteByte                           0x080048b9   Thumb Code    36  oled.o(i.OLED_WriteByte)
    PendSV_Handler                           0x080048dd   Thumb Code     2  stm32f1xx_it.o(i.PendSV_Handler)
    SDIO_Configuration                       0x080048e1   Thumb Code   300  sdio.o(i.SDIO_Configuration)
    SDIO_DMA_SetDirection                    0x08004a2d   Thumb Code    34  sdio.o(i.SDIO_DMA_SetDirection)
    SDIO_DataConfig                          0x08004a55   Thumb Code    38  stm32f1xx_ll_sdmmc.o(i.SDIO_DataConfig)
    SDIO_GetCommandResponse                  0x08004a7b   Thumb Code     8  stm32f1xx_ll_sdmmc.o(i.SDIO_GetCommandResponse)
    SDIO_GetPowerState                       0x08004a83   Thumb Code    10  stm32f1xx_ll_sdmmc.o(i.SDIO_GetPowerState)
    SDIO_GetResponse                         0x08004a8d   Thumb Code    20  stm32f1xx_ll_sdmmc.o(i.SDIO_GetResponse)
    SDIO_IRQHandler                          0x08004aa5   Thumb Code    10  sdio.o(i.SDIO_IRQHandler)
    SDIO_Init                                0x08004ab5   Thumb Code    48  stm32f1xx_ll_sdmmc.o(i.SDIO_Init)
    SDIO_PowerState_ON                       0x08004ae5   Thumb Code    10  stm32f1xx_ll_sdmmc.o(i.SDIO_PowerState_ON)
    SDIO_ReadFIFO                            0x08004aef   Thumb Code     8  stm32f1xx_ll_sdmmc.o(i.SDIO_ReadFIFO)
    SDIO_SendCommand                         0x08004af7   Thumb Code    34  stm32f1xx_ll_sdmmc.o(i.SDIO_SendCommand)
    SD_Card_Configuration                    0x08004b19   Thumb Code    84  sd_card.o(i.SD_Card_Configuration)
    SD_Card_Detect                           0x08004b79   Thumb Code    12  sd_card.o(i.SD_Card_Detect)
    SD_Card_Read                             0x08004b89   Thumb Code   148  sd_card.o(i.SD_Card_Read)
    SD_Card_Write                            0x08004c25   Thumb Code   148  sd_card.o(i.SD_Card_Write)
    SVC_Handler                              0x0800565f   Thumb Code     2  stm32f1xx_it.o(i.SVC_Handler)
    Simulate_I2C_Master_Transmit             0x08005661   Thumb Code    56  iic.o(i.Simulate_I2C_Master_Transmit)
    Simulate_I2C_Start                       0x08005699   Thumb Code    48  iic.o(i.Simulate_I2C_Start)
    Simulate_I2C_Stop                        0x080056cd   Thumb Code    36  iic.o(i.Simulate_I2C_Stop)
    Simulate_I2C_WaitAck                     0x080056f5   Thumb Code    26  iic.o(i.Simulate_I2C_WaitAck)
    Simulate_I2C_WriteByte                   0x08005715   Thumb Code    86  iic.o(i.Simulate_I2C_WriteByte)
    SysTick_Handler                          0x08005771   Thumb Code     8  stm32f1xx_it.o(i.SysTick_Handler)
    SystemClock_Configuration                0x08005779   Thumb Code   180  system.o(i.SystemClock_Configuration)
    SystemInit                               0x08005835   Thumb Code    70  system_stm32f1xx.o(i.SystemInit)
    USART1_Configuration                     0x08005a55   Thumb Code   114  usart.o(i.USART1_Configuration)
    UsageFault_Handler                       0x08005ad9   Thumb Code     4  stm32f1xx_it.o(i.UsageFault_Handler)
    _is_digit                                0x08005add   Thumb Code    14  __printf_wp.o(i._is_digit)
    _sys_exit                                0x08005aeb   Thumb Code     4  usart.o(i._sys_exit)
    char_upper                               0x08005aef   Thumb Code    26  fatfs.o(i.char_upper)
    disk_initialize                          0x080065ab   Thumb Code    32  diskio.o(i.disk_initialize)
    disk_ioctl                               0x080065cb   Thumb Code    60  diskio.o(i.disk_ioctl)
    disk_read                                0x08006607   Thumb Code    62  diskio.o(i.disk_read)
    disk_status                              0x08006645   Thumb Code     6  diskio.o(i.disk_status)
    disk_write                               0x0800664b   Thumb Code    62  diskio.o(i.disk_write)
    f_close                                  0x08006689   Thumb Code    34  ff.o(i.f_close)
    f_closedir                               0x080066ab   Thumb Code    24  ff.o(i.f_closedir)
    f_mount                                  0x080066c5   Thumb Code    80  ff.o(i.f_mount)
    f_open                                   0x08006719   Thumb Code   518  ff.o(i.f_open)
    f_opendir                                0x0800691f   Thumb Code   138  ff.o(i.f_opendir)
    f_read                                   0x080069a9   Thumb Code   428  ff.o(i.f_read)
    f_readdir                                0x08006b55   Thumb Code   104  ff.o(i.f_readdir)
    f_sync                                   0x08006bbd   Thumb Code   160  ff.o(i.f_sync)
    ff_memalloc                              0x08006c5d   Thumb Code    14  ffsystem.o(i.ff_memalloc)
    ff_memfree                               0x08006c6b   Thumb Code    14  ffsystem.o(i.ff_memfree)
    ff_oem2uni                               0x08006c79   Thumb Code    38  ffunicode.o(i.ff_oem2uni)
    ff_uni2oem                               0x08006ca5   Thumb Code    58  ffunicode.o(i.ff_uni2oem)
    ff_wtoupper                              0x08006ce5   Thumb Code   166  ffunicode.o(i.ff_wtoupper)
    get_fattime                              0x080072ed   Thumb Code     4  diskio.o(i.get_fattime)
    main                                     0x08007501   Thumb Code   144  main.o(i.main)
    MemoryBlock_Size                         0x08007b04   Data           4  malloc.o(.constdata)
    MemoryPool_Size                          0x08007b08   Data           4  malloc.o(.constdata)
    MemoryTable_Size                         0x08007b0c   Data           4  malloc.o(.constdata)
    Ascii_6X8                                0x08007b10   Data         570  oled.o(.constdata)
    Ascii_7X12                               0x08007d4a   Data        1330  oled.o(.constdata)
    Ascii_8X16                               0x0800827c   Data        1520  oled.o(.constdata)
    GB_16                                    0x0800886c   Data         136  oled.o(.constdata)
    AHBPrescTable                            0x08008d30   Data          16  system_stm32f1xx.o(.constdata)
    APBPrescTable                            0x08008d40   Data           8  system_stm32f1xx.o(.constdata)
    Region$$Table$$Base                      0x08008dc8   Number         0  anon$$obj.o(Region$$Table)
    Region$$Table$$Limit                     0x08008de8   Number         0  anon$$obj.o(Region$$Table)
    Memory_Struct                            0x20000004   Data          20  malloc.o(.data)
    ptr_app                                  0x20000018   Data           4  iap.o(.data)
    updatePercent                            0x2000001c   Data           1  iap.o(.data)
    fatfs                                    0x20000020   Data           4  fatfs.o(.data)
    file                                     0x20000024   Data           4  fatfs.o(.data)
    FileType_Table                           0x20000028   Data         364  fatfs.o(.data)
    SystemCoreClock                          0x200001a0   Data           4  system_stm32f1xx.o(.data)
    USART1_HandleStruct                      0x200001a4   Data          64  usart.o(.bss)
    SD_HandleStruct                          0x200001e8   Data          96  sdio.o(.bss)
    SD_CardInfoStruct                        0x20000248   Data          88  sdio.o(.bss)
    SDIO_DMA_HandleStruct                    0x200002a0   Data          56  sdio.o(.bss)
    MemoryIn_Pool                            0x200002e0   Data       20480  malloc.o(.bss)
    MemoryIn_Table                           0x200052e0   Data        1280  malloc.o(.bss)
    IAP_CurrentAppName                       0x200057e0   Data         128  iap.o(.bss)
    IAP_UpdateAppName                        0x20005860   Data         128  iap.o(.bss)
    readBuf                                  0x200058e0   Data        2048  iap.o(.bss)
    SD_Card_DataBuff                         0x200060e0   Data         512  sd_card.o(.bss)
    fileInfo                                 0x200062e0   Data         280  fatfs.o(.bss)
    dir                                      0x200063f8   Data          48  fatfs.o(.bss)
    pFlash                                   0x20006428   Data          32  stm32f1xx_hal_flash.o(.bss)
    __libspace_start                         0x20006448   Data          96  libspace.o(.bss)
    __temporary_stack_top$libspace           0x200064a8   Data           0  libspace.o(.bss)



==============================================================================

Memory Map of the image

  Image Entry point : 0x08000131

  Load Region LR_IROM1 (Base: 0x08000000, Size: 0x00008f8c, Max: 0x00019000, ABSOLUTE, COMPRESSED[0x00008e54])

    Execution Region ER_IROM1 (Exec base: 0x08000000, Load base: 0x08000000, Size: 0x00008de8, Max: 0x00019000, ABSOLUTE)

    Exec Addr    Load Addr    Size         Type   Attr      Idx    E Section Name        Object

    0x08000000   0x08000000   0x00000130   Data   RO         1381    RESET               startup_stm32f103xe.o
    0x08000130   0x08000130   0x00000008   Code   RO         6182  * !!!main             c_w.l(__main.o)
    0x08000138   0x08000138   0x00000034   Code   RO         6358    !!!scatter          c_w.l(__scatter.o)
    0x0800016c   0x0800016c   0x0000005a   Code   RO         6356    !!dczerorl2         c_w.l(__dczerorl2.o)
    0x080001c6   0x080001c6   0x00000002   PAD
    0x080001c8   0x080001c8   0x0000001c   Code   RO         6360    !!handler_zi        c_w.l(__scatter_zi.o)
    0x080001e4   0x080001e4   0x00000000   Code   RO         6159    .ARM.Collect$$_printf_percent$$00000000  c_w.l(_printf_percent.o)
    0x080001e4   0x080001e4   0x00000006   Code   RO         6158    .ARM.Collect$$_printf_percent$$00000009  c_w.l(_printf_d.o)
    0x080001ea   0x080001ea   0x00000004   Code   RO         6197    .ARM.Collect$$_printf_percent$$00000017  c_w.l(_printf_percent_end.o)
    0x080001ee   0x080001ee   0x00000002   Code   RO         6230    .ARM.Collect$$libinit$$00000000  c_w.l(libinit.o)
    0x080001f0   0x080001f0   0x00000000   Code   RO         6243    .ARM.Collect$$libinit$$00000002  c_w.l(libinit2.o)
    0x080001f0   0x080001f0   0x00000000   Code   RO         6245    .ARM.Collect$$libinit$$00000004  c_w.l(libinit2.o)
    0x080001f0   0x080001f0   0x00000000   Code   RO         6248    .ARM.Collect$$libinit$$0000000A  c_w.l(libinit2.o)
    0x080001f0   0x080001f0   0x00000000   Code   RO         6250    .ARM.Collect$$libinit$$0000000C  c_w.l(libinit2.o)
    0x080001f0   0x080001f0   0x00000000   Code   RO         6252    .ARM.Collect$$libinit$$0000000E  c_w.l(libinit2.o)
    0x080001f0   0x080001f0   0x00000000   Code   RO         6255    .ARM.Collect$$libinit$$00000011  c_w.l(libinit2.o)
    0x080001f0   0x080001f0   0x00000000   Code   RO         6257    .ARM.Collect$$libinit$$00000013  c_w.l(libinit2.o)
    0x080001f0   0x080001f0   0x00000000   Code   RO         6259    .ARM.Collect$$libinit$$00000015  c_w.l(libinit2.o)
    0x080001f0   0x080001f0   0x00000000   Code   RO         6261    .ARM.Collect$$libinit$$00000017  c_w.l(libinit2.o)
    0x080001f0   0x080001f0   0x00000000   Code   RO         6263    .ARM.Collect$$libinit$$00000019  c_w.l(libinit2.o)
    0x080001f0   0x080001f0   0x00000000   Code   RO         6265    .ARM.Collect$$libinit$$0000001B  c_w.l(libinit2.o)
    0x080001f0   0x080001f0   0x00000000   Code   RO         6267    .ARM.Collect$$libinit$$0000001D  c_w.l(libinit2.o)
    0x080001f0   0x080001f0   0x00000000   Code   RO         6269    .ARM.Collect$$libinit$$0000001F  c_w.l(libinit2.o)
    0x080001f0   0x080001f0   0x00000000   Code   RO         6271    .ARM.Collect$$libinit$$00000021  c_w.l(libinit2.o)
    0x080001f0   0x080001f0   0x00000000   Code   RO         6273    .ARM.Collect$$libinit$$00000023  c_w.l(libinit2.o)
    0x080001f0   0x080001f0   0x00000000   Code   RO         6275    .ARM.Collect$$libinit$$00000025  c_w.l(libinit2.o)
    0x080001f0   0x080001f0   0x00000000   Code   RO         6279    .ARM.Collect$$libinit$$0000002C  c_w.l(libinit2.o)
    0x080001f0   0x080001f0   0x00000000   Code   RO         6281    .ARM.Collect$$libinit$$0000002E  c_w.l(libinit2.o)
    0x080001f0   0x080001f0   0x00000000   Code   RO         6283    .ARM.Collect$$libinit$$00000030  c_w.l(libinit2.o)
    0x080001f0   0x080001f0   0x00000000   Code   RO         6285    .ARM.Collect$$libinit$$00000032  c_w.l(libinit2.o)
    0x080001f0   0x080001f0   0x00000002   Code   RO         6286    .ARM.Collect$$libinit$$00000033  c_w.l(libinit2.o)
    0x080001f2   0x080001f2   0x00000002   Code   RO         6312    .ARM.Collect$$libshutdown$$00000000  c_w.l(libshutdown.o)
    0x080001f4   0x080001f4   0x00000000   Code   RO         6339    .ARM.Collect$$libshutdown$$00000002  c_w.l(libshutdown2.o)
    0x080001f4   0x080001f4   0x00000000   Code   RO         6341    .ARM.Collect$$libshutdown$$00000004  c_w.l(libshutdown2.o)
    0x080001f4   0x080001f4   0x00000000   Code   RO         6344    .ARM.Collect$$libshutdown$$00000007  c_w.l(libshutdown2.o)
    0x080001f4   0x080001f4   0x00000000   Code   RO         6347    .ARM.Collect$$libshutdown$$0000000A  c_w.l(libshutdown2.o)
    0x080001f4   0x080001f4   0x00000000   Code   RO         6349    .ARM.Collect$$libshutdown$$0000000C  c_w.l(libshutdown2.o)
    0x080001f4   0x080001f4   0x00000000   Code   RO         6352    .ARM.Collect$$libshutdown$$0000000F  c_w.l(libshutdown2.o)
    0x080001f4   0x080001f4   0x00000002   Code   RO         6353    .ARM.Collect$$libshutdown$$00000010  c_w.l(libshutdown2.o)
    0x080001f6   0x080001f6   0x00000000   Code   RO         6186    .ARM.Collect$$rtentry$$00000000  c_w.l(__rtentry.o)
    0x080001f6   0x080001f6   0x00000000   Code   RO         6199    .ARM.Collect$$rtentry$$00000002  c_w.l(__rtentry2.o)
    0x080001f6   0x080001f6   0x00000006   Code   RO         6211    .ARM.Collect$$rtentry$$00000004  c_w.l(__rtentry4.o)
    0x080001fc   0x080001fc   0x00000000   Code   RO         6201    .ARM.Collect$$rtentry$$00000009  c_w.l(__rtentry2.o)
    0x080001fc   0x080001fc   0x00000004   Code   RO         6202    .ARM.Collect$$rtentry$$0000000A  c_w.l(__rtentry2.o)
    0x08000200   0x08000200   0x00000000   Code   RO         6204    .ARM.Collect$$rtentry$$0000000C  c_w.l(__rtentry2.o)
    0x08000200   0x08000200   0x00000008   Code   RO         6205    .ARM.Collect$$rtentry$$0000000D  c_w.l(__rtentry2.o)
    0x08000208   0x08000208   0x00000002   Code   RO         6234    .ARM.Collect$$rtexit$$00000000  c_w.l(rtexit.o)
    0x0800020a   0x0800020a   0x00000000   Code   RO         6288    .ARM.Collect$$rtexit$$00000002  c_w.l(rtexit2.o)
    0x0800020a   0x0800020a   0x00000004   Code   RO         6289    .ARM.Collect$$rtexit$$00000003  c_w.l(rtexit2.o)
    0x0800020e   0x0800020e   0x00000006   Code   RO         6290    .ARM.Collect$$rtexit$$00000004  c_w.l(rtexit2.o)
    0x08000214   0x08000214   0x00000040   Code   RO         1382    .text               startup_stm32f103xe.o
    0x08000254   0x08000254   0x00000002   Code   RO         6122    .text               c_w.l(use_no_semi_2.o)
    0x08000256   0x08000256   0x000000ee   Code   RO         6124    .text               c_w.l(lludivv7m.o)
    0x08000344   0x08000344   0x00000026   Code   RO         6126    .text               c_w.l(llushr.o)
    0x0800036a   0x0800036a   0x00000002   PAD
    0x0800036c   0x0800036c   0x00000028   Code   RO         6130    .text               c_w.l(noretval__2sprintf.o)
    0x08000394   0x08000394   0x0000004e   Code   RO         6134    .text               c_w.l(_printf_pad.o)
    0x080003e2   0x080003e2   0x00000002   PAD
    0x080003e4   0x080003e4   0x00000078   Code   RO         6136    .text               c_w.l(_printf_dec.o)
    0x0800045c   0x0800045c   0x00000138   Code   RO         6150    .text               c_w.l(__printf_flags_wp.o)
    0x08000594   0x08000594   0x00000058   Code   RO         6160    .text               c_w.l(memcmp.o)
    0x080005ec   0x080005ec   0x00000048   Code   RO         6162    .text               c_w.l(strcpy.o)
    0x08000634   0x08000634   0x0000003e   Code   RO         6164    .text               c_w.l(strlen.o)
    0x08000672   0x08000672   0x00000018   Code   RO         6166    .text               c_w.l(strcat.o)
    0x0800068a   0x0800068a   0x0000008a   Code   RO         6168    .text               c_w.l(rt_memcpy_v6.o)
    0x08000714   0x08000714   0x00000064   Code   RO         6170    .text               c_w.l(rt_memcpy_w.o)
    0x08000778   0x08000778   0x00000010   Code   RO         6172    .text               c_w.l(aeabi_memset.o)
    0x08000788   0x08000788   0x00000044   Code   RO         6174    .text               c_w.l(rt_memclr.o)
    0x080007cc   0x080007cc   0x0000004e   Code   RO         6176    .text               c_w.l(rt_memclr_w.o)
    0x0800081a   0x0800081a   0x00000002   PAD
    0x0800081c   0x0800081c   0x00000080   Code   RO         6178    .text               c_w.l(strcmpv7m.o)
    0x0800089c   0x0800089c   0x00000006   Code   RO         6180    .text               c_w.l(heapauxi.o)
    0x080008a2   0x080008a2   0x00000002   Code   RO         6184    .text               c_w.l(use_no_semi.o)
    0x080008a4   0x080008a4   0x000000b2   Code   RO         6191    .text               c_w.l(_printf_intcommon.o)
    0x08000956   0x08000956   0x00000002   PAD
    0x08000958   0x08000958   0x00000030   Code   RO         6193    .text               c_w.l(_printf_char_common.o)
    0x08000988   0x08000988   0x0000000a   Code   RO         6195    .text               c_w.l(_sputc.o)
    0x08000992   0x08000992   0x0000004a   Code   RO         6217    .text               c_w.l(sys_stackheap_outer.o)
    0x080009dc   0x080009dc   0x00000012   Code   RO         6219    .text               c_w.l(exit.o)
    0x080009ee   0x080009ee   0x00000002   PAD
    0x080009f0   0x080009f0   0x00000008   Code   RO         6231    .text               c_w.l(libspace.o)
    0x080009f8   0x080009f8   0x0000004c   Code   RO          703    i.Automatic_Power_Off_Configuration  oled.o
    0x08000a44   0x08000a44   0x00000004   Code   RO         5320    i.BusFault_Handler  stm32f1xx_it.o
    0x08000a48   0x08000a48   0x00000028   Code   RO          408    i.DMA2_Channel4_5_IRQHandler  sdio.o
    0x08000a70   0x08000a70   0x00000020   Code   RO         1921    i.DMA_SetConfig     stm32f1xx_hal_dma.o
    0x08000a90   0x08000a90   0x00000002   Code   RO         5321    i.DebugMon_Handler  stm32f1xx_it.o
    0x08000a92   0x08000a92   0x00000002   PAD
    0x08000a94   0x08000a94   0x00000014   Code   RO          248    i.Delay_Configuration  system.o
    0x08000aa8   0x08000aa8   0x00000018   Code   RO          249    i.Delay_Ms          system.o
    0x08000ac0   0x08000ac0   0x00000048   Code   RO          250    i.Delay_Us          system.o
    0x08000b08   0x08000b08   0x0000003c   Code   RO          821    i.Exf_Configuration  fatfs.o
    0x08000b44   0x08000b44   0x000000c0   Code   RO          827    i.Exf_GetType       fatfs.o
    0x08000c04   0x08000c04   0x00000028   Code   RO         2101    i.FLASH_MassErase   stm32f1xx_hal_flash_ex.o
    0x08000c2c   0x08000c2c   0x00000028   Code   RO         2110    i.FLASH_PageErase   stm32f1xx_hal_flash_ex.o
    0x08000c54   0x08000c54   0x00000020   Code   RO         1998    i.FLASH_Program_HalfWord  stm32f1xx_hal_flash.o
    0x08000c74   0x08000c74   0x00000068   Code   RO         1999    i.FLASH_SetErrorCode  stm32f1xx_hal_flash.o
    0x08000cdc   0x08000cdc   0x00000070   Code   RO         2000    i.FLASH_WaitForLastOperation  stm32f1xx_hal_flash.o
    0x08000d4c   0x08000d4c   0x00000460   Code   RO         1923    i.HAL_DMA_DeInit    stm32f1xx_hal_dma.o
    0x080011ac   0x080011ac   0x00000908   Code   RO         1926    i.HAL_DMA_IRQHandler  stm32f1xx_hal_dma.o
    0x08001ab4   0x08001ab4   0x00000054   Code   RO         1927    i.HAL_DMA_Init      stm32f1xx_hal_dma.o
    0x08001b08   0x08001b08   0x00000076   Code   RO         1930    i.HAL_DMA_Start_IT  stm32f1xx_hal_dma.o
    0x08001b7e   0x08001b7e   0x0000001a   Code   RO         1396    i.HAL_Delay         stm32f1xx_hal.o
    0x08001b98   0x08001b98   0x000000b0   Code   RO         2111    i.HAL_FLASHEx_Erase  stm32f1xx_hal_flash_ex.o
    0x08001c48   0x08001c48   0x00000014   Code   RO         2004    i.HAL_FLASH_Lock    stm32f1xx_hal_flash.o
    0x08001c5c   0x08001c5c   0x000000b0   Code   RO         2009    i.HAL_FLASH_Program  stm32f1xx_hal_flash.o
    0x08001d0c   0x08001d0c   0x0000002c   Code   RO         2011    i.HAL_FLASH_Unlock  stm32f1xx_hal_flash.o
    0x08001d38   0x08001d38   0x00000340   Code   RO         2210    i.HAL_GPIO_Init     stm32f1xx_hal_gpio.o
    0x08002078   0x08002078   0x00000010   Code   RO         2212    i.HAL_GPIO_ReadPin  stm32f1xx_hal_gpio.o
    0x08002088   0x08002088   0x0000000c   Code   RO         2214    i.HAL_GPIO_WritePin  stm32f1xx_hal_gpio.o
    0x08002094   0x08002094   0x0000000c   Code   RO         1400    i.HAL_GetTick       stm32f1xx_hal.o
    0x080020a0   0x080020a0   0x00000010   Code   RO         1401    i.HAL_IncTick       stm32f1xx_hal.o
    0x080020b0   0x080020b0   0x00000028   Code   RO         1402    i.HAL_Init          stm32f1xx_hal.o
    0x080020d8   0x080020d8   0x00000024   Code   RO         1403    i.HAL_InitTick      stm32f1xx_hal.o
    0x080020fc   0x080020fc   0x00000002   Code   RO         1405    i.HAL_MspInit       stm32f1xx_hal.o
    0x080020fe   0x080020fe   0x0000001a   Code   RO         1801    i.HAL_NVIC_EnableIRQ  stm32f1xx_hal_cortex.o
    0x08002118   0x08002118   0x0000007c   Code   RO         1807    i.HAL_NVIC_SetPriority  stm32f1xx_hal_cortex.o
    0x08002194   0x08002194   0x00000028   Code   RO         1808    i.HAL_NVIC_SetPriorityGrouping  stm32f1xx_hal_cortex.o
    0x080021bc   0x080021bc   0x0000017c   Code   RO         3203    i.HAL_RCCEx_PeriphCLKConfig  stm32f1xx_hal_rcc_ex.o
    0x08002338   0x08002338   0x00000298   Code   RO         3100    i.HAL_RCC_ClockConfig  stm32f1xx_hal_rcc.o
    0x080025d0   0x080025d0   0x0000000c   Code   RO         3105    i.HAL_RCC_GetHCLKFreq  stm32f1xx_hal_rcc.o
    0x080025dc   0x080025dc   0x0000002c   Code   RO         3107    i.HAL_RCC_GetPCLK1Freq  stm32f1xx_hal_rcc.o
    0x08002608   0x08002608   0x0000002c   Code   RO         3108    i.HAL_RCC_GetPCLK2Freq  stm32f1xx_hal_rcc.o
    0x08002634   0x08002634   0x000000b4   Code   RO         3109    i.HAL_RCC_GetSysClockFreq  stm32f1xx_hal_rcc.o
    0x080026e8   0x080026e8   0x00000878   Code   RO         3112    i.HAL_RCC_OscConfig  stm32f1xx_hal_rcc.o
    0x08002f60   0x08002f60   0x0000007c   Code   RO         3237    i.HAL_SD_CheckReadOperation  stm32f1xx_hal_sd.o
    0x08002fdc   0x08002fdc   0x00000088   Code   RO         3238    i.HAL_SD_CheckWriteOperation  stm32f1xx_hal_sd.o
    0x08003064   0x08003064   0x00000002   Code   RO         3239    i.HAL_SD_DMA_RxCpltCallback  stm32f1xx_hal_sd.o
    0x08003066   0x08003066   0x00000002   Code   RO         3240    i.HAL_SD_DMA_RxErrorCallback  stm32f1xx_hal_sd.o
    0x08003068   0x08003068   0x00000002   Code   RO         3241    i.HAL_SD_DMA_TxCpltCallback  stm32f1xx_hal_sd.o
    0x0800306a   0x0800306a   0x00000002   Code   RO         3242    i.HAL_SD_DMA_TxErrorCallback  stm32f1xx_hal_sd.o
    0x0800306c   0x0800306c   0x00000022   Code   RO         3246    i.HAL_SD_GetStatus  stm32f1xx_hal_sd.o
    0x0800308e   0x0800308e   0x000002ee   Code   RO         3247    i.HAL_SD_Get_CardInfo  stm32f1xx_hal_sd.o
    0x0800337c   0x0800337c   0x000000c0   Code   RO         3249    i.HAL_SD_IRQHandler  stm32f1xx_hal_sd.o
    0x0800343c   0x0800343c   0x000000a2   Code   RO         3250    i.HAL_SD_Init       stm32f1xx_hal_sd.o
    0x080034de   0x080034de   0x00000002   Code   RO         3252    i.HAL_SD_MspInit    stm32f1xx_hal_sd.o
    0x080034e0   0x080034e0   0x00000130   Code   RO         3254    i.HAL_SD_ReadBlocks_DMA  stm32f1xx_hal_sd.o
    0x08003610   0x08003610   0x0000003e   Code   RO         3256    i.HAL_SD_StopTransfer  stm32f1xx_hal_sd.o
    0x0800364e   0x0800364e   0x00000088   Code   RO         3257    i.HAL_SD_WideBusOperation_Config  stm32f1xx_hal_sd.o
    0x080036d6   0x080036d6   0x00000002   PAD
    0x080036d8   0x080036d8   0x0000012c   Code   RO         3259    i.HAL_SD_WriteBlocks_DMA  stm32f1xx_hal_sd.o
    0x08003804   0x08003804   0x00000002   Code   RO         3260    i.HAL_SD_XferCpltCallback  stm32f1xx_hal_sd.o
    0x08003806   0x08003806   0x00000002   Code   RO         3261    i.HAL_SD_XferErrorCallback  stm32f1xx_hal_sd.o
    0x08003808   0x08003808   0x00000028   Code   RO         1810    i.HAL_SYSTICK_CLKSourceConfig  stm32f1xx_hal_cortex.o
    0x08003830   0x08003830   0x00000034   Code   RO         1812    i.HAL_SYSTICK_Config  stm32f1xx_hal_cortex.o
    0x08003864   0x08003864   0x0000006e   Code   RO         4793    i.HAL_UART_Init     stm32f1xx_hal_uart.o
    0x080038d2   0x080038d2   0x00000002   Code   RO         4795    i.HAL_UART_MspInit  stm32f1xx_hal_uart.o
    0x080038d4   0x080038d4   0x00000004   Code   RO         5322    i.HardFault_Handler  stm32f1xx_it.o
    0x080038d8   0x080038d8   0x00000174   Code   RO          533    i.IAP_AppProgram    iap.o
    0x08003a4c   0x08003a4c   0x00000120   Code   RO          534    i.IAP_AppVerify     iap.o
    0x08003b6c   0x08003b6c   0x00000084   Code   RO          535    i.IAP_Erase_AppArea  iap.o
    0x08003bf0   0x08003bf0   0x00000080   Code   RO          536    i.IAP_Erase_InfoArea  iap.o
    0x08003c70   0x08003c70   0x000001ec   Code   RO          537    i.IAP_ErrorHandle   iap.o
    0x08003e5c   0x08003e5c   0x0000002c   Code   RO          538    i.IAP_Get_CurrentAppName  iap.o
    0x08003e88   0x08003e88   0x00000020   Code   RO          539    i.IAP_Get_CurrentAppValid  iap.o
    0x08003ea8   0x08003ea8   0x00000094   Code   RO          540    i.IAP_Get_UpdateAppName  iap.o
    0x08003f3c   0x08003f3c   0x0000001c   Code   RO          541    i.IAP_IsNeedUpdate  iap.o
    0x08003f58   0x08003f58   0x00000030   Code   RO          542    i.IAP_Run_CurrentApp  iap.o
    0x08003f88   0x08003f88   0x00000094   Code   RO          543    i.IAP_Set_CurrentAppName  iap.o
    0x0800401c   0x0800401c   0x0000001c   Code   RO          544    i.IAP_Set_CurrentAppValid  iap.o
    0x08004038   0x08004038   0x00000028   Code   RO          545    i.IAP_ShowProgressBar  iap.o
    0x08004060   0x08004060   0x0000011c   Code   RO          546    i.IAP_Update_Process  iap.o
    0x0800417c   0x0800417c   0x00000048   Code   RO          348    i.IIC2_Configuration  iic.o
    0x080041c4   0x080041c4   0x00000004   Code   RO         5323    i.MemManage_Handler  stm32f1xx_it.o
    0x080041c8   0x080041c8   0x00000044   Code   RO          456    i.Memory_Configuration  malloc.o
    0x0800420c   0x0800420c   0x00000024   Code   RO          458    i.Memory_Free       malloc.o
    0x08004230   0x08004230   0x0000006c   Code   RO          459    i.Memory_FreeCheck  malloc.o
    0x0800429c   0x0800429c   0x00000040   Code   RO          460    i.Memory_GetUseRate  malloc.o
    0x080042dc   0x080042dc   0x00000028   Code   RO          461    i.Memory_Malloc     malloc.o
    0x08004304   0x08004304   0x000000a8   Code   RO          462    i.Memory_MallocCheck  malloc.o
    0x080043ac   0x080043ac   0x00000014   Code   RO          464    i.Memory_Write      malloc.o
    0x080043c0   0x080043c0   0x00000002   Code   RO         5324    i.NMI_Handler       stm32f1xx_it.o
    0x080043c2   0x080043c2   0x00000002   PAD
    0x080043c4   0x080043c4   0x00000010   Code   RO         1814    i.NVIC_GetPriorityGrouping  stm32f1xx_hal_cortex.o
    0x080043d4   0x080043d4   0x00000028   Code   RO         1815    i.NVIC_SetPriority  stm32f1xx_hal_cortex.o
    0x080043fc   0x080043fc   0x0000002c   Code   RO          704    i.OLED_Clear        oled.o
    0x08004428   0x08004428   0x000000e0   Code   RO          705    i.OLED_Configuration  oled.o
    0x08004508   0x08004508   0x0000001a   Code   RO          708    i.OLED_ScrollControl  oled.o
    0x08004522   0x08004522   0x0000002a   Code   RO          709    i.OLED_SetPosition  oled.o
    0x0800454c   0x0800454c   0x000000ec   Code   RO          710    i.OLED_ShowChar     oled.o
    0x08004638   0x08004638   0x00000064   Code   RO          711    i.OLED_ShowChinese  oled.o
    0x0800469c   0x0800469c   0x00000124   Code   RO          712    i.OLED_ShowNum      oled.o
    0x080047c0   0x080047c0   0x00000060   Code   RO          714    i.OLED_ShowProgressBar  oled.o
    0x08004820   0x08004820   0x00000098   Code   RO          716    i.OLED_ShowText     oled.o
    0x080048b8   0x080048b8   0x00000024   Code   RO          717    i.OLED_WriteByte    oled.o
    0x080048dc   0x080048dc   0x00000002   Code   RO         5325    i.PendSV_Handler    stm32f1xx_it.o
    0x080048de   0x080048de   0x00000002   PAD
    0x080048e0   0x080048e0   0x0000014c   Code   RO          409    i.SDIO_Configuration  sdio.o
    0x08004a2c   0x08004a2c   0x00000028   Code   RO          410    i.SDIO_DMA_SetDirection  sdio.o
    0x08004a54   0x08004a54   0x00000026   Code   RO         5521    i.SDIO_DataConfig   stm32f1xx_ll_sdmmc.o
    0x08004a7a   0x08004a7a   0x00000008   Code   RO         5522    i.SDIO_GetCommandResponse  stm32f1xx_ll_sdmmc.o
    0x08004a82   0x08004a82   0x0000000a   Code   RO         5525    i.SDIO_GetPowerState  stm32f1xx_ll_sdmmc.o
    0x08004a8c   0x08004a8c   0x00000018   Code   RO         5526    i.SDIO_GetResponse  stm32f1xx_ll_sdmmc.o
    0x08004aa4   0x08004aa4   0x00000010   Code   RO          411    i.SDIO_IRQHandler   sdio.o
    0x08004ab4   0x08004ab4   0x00000030   Code   RO         5527    i.SDIO_Init         stm32f1xx_ll_sdmmc.o
    0x08004ae4   0x08004ae4   0x0000000a   Code   RO         5529    i.SDIO_PowerState_ON  stm32f1xx_ll_sdmmc.o
    0x08004aee   0x08004aee   0x00000008   Code   RO         5530    i.SDIO_ReadFIFO     stm32f1xx_ll_sdmmc.o
    0x08004af6   0x08004af6   0x00000022   Code   RO         5531    i.SDIO_SendCommand  stm32f1xx_ll_sdmmc.o
    0x08004b18   0x08004b18   0x00000060   Code   RO          645    i.SD_Card_Configuration  sd_card.o
    0x08004b78   0x08004b78   0x00000010   Code   RO          646    i.SD_Card_Detect    sd_card.o
    0x08004b88   0x08004b88   0x0000009c   Code   RO          648    i.SD_Card_Read      sd_card.o
    0x08004c24   0x08004c24   0x0000009c   Code   RO          649    i.SD_Card_Write     sd_card.o
    0x08004cc0   0x08004cc0   0x00000036   Code   RO         3262    i.SD_CmdError       stm32f1xx_hal_sd.o
    0x08004cf6   0x08004cf6   0x00000002   PAD
    0x08004cf8   0x08004cf8   0x00000184   Code   RO         3263    i.SD_CmdResp1Error  stm32f1xx_hal_sd.o
    0x08004e7c   0x08004e7c   0x00000046   Code   RO         3264    i.SD_CmdResp2Error  stm32f1xx_hal_sd.o
    0x08004ec2   0x08004ec2   0x00000032   Code   RO         3265    i.SD_CmdResp3Error  stm32f1xx_hal_sd.o
    0x08004ef4   0x08004ef4   0x000000b0   Code   RO         3266    i.SD_CmdResp6Error  stm32f1xx_hal_sd.o
    0x08004fa4   0x08004fa4   0x00000066   Code   RO         3267    i.SD_CmdResp7Error  stm32f1xx_hal_sd.o
    0x0800500a   0x0800500a   0x0000001a   Code   RO         3268    i.SD_DMA_RxCplt     stm32f1xx_hal_sd.o
    0x08005024   0x08005024   0x0000000e   Code   RO         3269    i.SD_DMA_RxError    stm32f1xx_hal_sd.o
    0x08005032   0x08005032   0x0000001a   Code   RO         3270    i.SD_DMA_TxCplt     stm32f1xx_hal_sd.o
    0x0800504c   0x0800504c   0x0000000e   Code   RO         3271    i.SD_DMA_TxError    stm32f1xx_hal_sd.o
    0x0800505a   0x0800505a   0x00000182   Code   RO         3272    i.SD_FindSCR        stm32f1xx_hal_sd.o
    0x080051dc   0x080051dc   0x0000001e   Code   RO         3273    i.SD_GetState       stm32f1xx_hal_sd.o
    0x080051fa   0x080051fa   0x00000112   Code   RO         3274    i.SD_Initialize_Cards  stm32f1xx_hal_sd.o
    0x0800530c   0x0800530c   0x00000174   Code   RO         3277    i.SD_PowerON        stm32f1xx_hal_sd.o
    0x08005480   0x08005480   0x00000040   Code   RO         3278    i.SD_Select_Deselect  stm32f1xx_hal_sd.o
    0x080054c0   0x080054c0   0x0000005a   Code   RO         3279    i.SD_SendStatus     stm32f1xx_hal_sd.o
    0x0800551a   0x0800551a   0x000000a2   Code   RO         3280    i.SD_WideBus_Disable  stm32f1xx_hal_sd.o
    0x080055bc   0x080055bc   0x000000a2   Code   RO         3281    i.SD_WideBus_Enable  stm32f1xx_hal_sd.o
    0x0800565e   0x0800565e   0x00000002   Code   RO         5326    i.SVC_Handler       stm32f1xx_it.o
    0x08005660   0x08005660   0x00000038   Code   RO          349    i.Simulate_I2C_Master_Transmit  iic.o
    0x08005698   0x08005698   0x00000034   Code   RO          350    i.Simulate_I2C_Start  iic.o
    0x080056cc   0x080056cc   0x00000028   Code   RO          351    i.Simulate_I2C_Stop  iic.o
    0x080056f4   0x080056f4   0x00000020   Code   RO          352    i.Simulate_I2C_WaitAck  iic.o
    0x08005714   0x08005714   0x0000005c   Code   RO          353    i.Simulate_I2C_WriteByte  iic.o
    0x08005770   0x08005770   0x00000008   Code   RO         5327    i.SysTick_Handler   stm32f1xx_it.o
    0x08005778   0x08005778   0x000000bc   Code   RO          253    i.SystemClock_Configuration  system.o
    0x08005834   0x08005834   0x00000058   Code   RO         5810    i.SystemInit        system_stm32f1xx.o
    0x0800588c   0x0800588c   0x000001c8   Code   RO         4813    i.UART_SetConfig    stm32f1xx_hal_uart.o
    0x08005a54   0x08005a54   0x00000084   Code   RO          304    i.USART1_Configuration  usart.o
    0x08005ad8   0x08005ad8   0x00000004   Code   RO         5328    i.UsageFault_Handler  stm32f1xx_it.o
    0x08005adc   0x08005adc   0x0000000e   Code   RO         6148    i._is_digit         c_w.l(__printf_wp.o)
    0x08005aea   0x08005aea   0x00000004   Code   RO          305    i._sys_exit         usart.o
    0x08005aee   0x08005aee   0x0000001a   Code   RO          828    i.char_upper        fatfs.o
    0x08005b08   0x08005b08   0x0000007c   Code   RO          952    i.check_fs          ff.o
    0x08005b84   0x08005b84   0x00000014   Code   RO          953    i.chk_chr           ff.o
    0x08005b98   0x08005b98   0x00000032   Code   RO          954    i.clmt_clust        ff.o
    0x08005bca   0x08005bca   0x0000001a   Code   RO          955    i.clst2sect         ff.o
    0x08005be4   0x08005be4   0x00000098   Code   RO          956    i.cmp_lfn           ff.o
    0x08005c7c   0x08005c7c   0x00000120   Code   RO          957    i.create_chain      ff.o
    0x08005d9c   0x08005d9c   0x00000260   Code   RO          958    i.create_name       ff.o
    0x08005ffc   0x08005ffc   0x0000000c   Code   RO          959    i.dbc_1st           ff.o
    0x08006008   0x08006008   0x0000000c   Code   RO          960    i.dbc_2nd           ff.o
    0x08006014   0x08006014   0x00000060   Code   RO          961    i.dir_alloc         ff.o
    0x08006074   0x08006074   0x000000c6   Code   RO          962    i.dir_clear         ff.o
    0x0800613a   0x0800613a   0x000000fc   Code   RO          963    i.dir_find          ff.o
    0x08006236   0x08006236   0x000000c6   Code   RO          964    i.dir_next          ff.o
    0x080062fc   0x080062fc   0x000000d2   Code   RO          965    i.dir_read          ff.o
    0x080063ce   0x080063ce   0x00000142   Code   RO          966    i.dir_register      ff.o
    0x08006510   0x08006510   0x0000009a   Code   RO          968    i.dir_sdi           ff.o
    0x080065aa   0x080065aa   0x00000020   Code   RO          895    i.disk_initialize   diskio.o
    0x080065ca   0x080065ca   0x0000003c   Code   RO          896    i.disk_ioctl        diskio.o
    0x08006606   0x08006606   0x0000003e   Code   RO          897    i.disk_read         diskio.o
    0x08006644   0x08006644   0x00000006   Code   RO          898    i.disk_status       diskio.o
    0x0800664a   0x0800664a   0x0000003e   Code   RO          899    i.disk_write        diskio.o
    0x08006688   0x08006688   0x00000022   Code   RO          969    i.f_close           ff.o
    0x080066aa   0x080066aa   0x00000018   Code   RO          970    i.f_closedir        ff.o
    0x080066c2   0x080066c2   0x00000002   PAD
    0x080066c4   0x080066c4   0x00000054   Code   RO          975    i.f_mount           ff.o
    0x08006718   0x08006718   0x00000206   Code   RO          976    i.f_open            ff.o
    0x0800691e   0x0800691e   0x0000008a   Code   RO          977    i.f_opendir         ff.o
    0x080069a8   0x080069a8   0x000001ac   Code   RO          981    i.f_read            ff.o
    0x08006b54   0x08006b54   0x00000068   Code   RO          982    i.f_readdir         ff.o
    0x08006bbc   0x08006bbc   0x000000a0   Code   RO          985    i.f_sync            ff.o
    0x08006c5c   0x08006c5c   0x0000000e   Code   RO         1323    i.ff_memalloc       ffsystem.o
    0x08006c6a   0x08006c6a   0x0000000e   Code   RO         1324    i.ff_memfree        ffsystem.o
    0x08006c78   0x08006c78   0x0000002c   Code   RO         1353    i.ff_oem2uni        ffunicode.o
    0x08006ca4   0x08006ca4   0x00000040   Code   RO         1354    i.ff_uni2oem        ffunicode.o
    0x08006ce4   0x08006ce4   0x000000b0   Code   RO         1355    i.ff_wtoupper       ffunicode.o
    0x08006d94   0x08006d94   0x0000030c   Code   RO          989    i.find_volume       ff.o
    0x080070a0   0x080070a0   0x0000009e   Code   RO          990    i.follow_path       ff.o
    0x0800713e   0x0800713e   0x00000002   PAD
    0x08007140   0x08007140   0x000000cc   Code   RO          991    i.gen_numname       ff.o
    0x0800720c   0x0800720c   0x000000e0   Code   RO          992    i.get_fat           ff.o
    0x080072ec   0x080072ec   0x00000004   Code   RO          900    i.get_fattime       diskio.o
    0x080072f0   0x080072f0   0x00000176   Code   RO          993    i.get_fileinfo      ff.o
    0x08007466   0x08007466   0x0000004e   Code   RO          994    i.get_ldnumber      ff.o
    0x080074b4   0x080074b4   0x00000026   Code   RO          995    i.ld_clust          ff.o
    0x080074da   0x080074da   0x00000018   Code   RO          996    i.ld_dword          ff.o
    0x080074f2   0x080074f2   0x0000000c   Code   RO          997    i.ld_word           ff.o
    0x080074fe   0x080074fe   0x00000002   PAD
    0x08007500   0x08007500   0x00000098   Code   RO            4    i.main              main.o
    0x08007598   0x08007598   0x00000024   Code   RO          998    i.mem_cmp           ff.o
    0x080075bc   0x080075bc   0x0000001a   Code   RO          999    i.mem_cpy           ff.o
    0x080075d6   0x080075d6   0x00000012   Code   RO         1000    i.mem_set           ff.o
    0x080075e8   0x080075e8   0x00000034   Code   RO         1001    i.move_window       ff.o
    0x0800761c   0x0800761c   0x00000088   Code   RO         1002    i.pick_lfn          ff.o
    0x080076a4   0x080076a4   0x00000138   Code   RO         1003    i.put_fat           ff.o
    0x080077dc   0x080077dc   0x00000080   Code   RO         1004    i.put_lfn           ff.o
    0x0800785c   0x0800785c   0x00000042   Code   RO         1005    i.put_utf           ff.o
    0x0800789e   0x0800789e   0x0000009a   Code   RO         1009    i.remove_chain      ff.o
    0x08007938   0x08007938   0x00000024   Code   RO         1010    i.st_clust          ff.o
    0x0800795c   0x0800795c   0x00000018   Code   RO         1011    i.st_dword          ff.o
    0x08007974   0x08007974   0x0000000c   Code   RO         1012    i.st_word           ff.o
    0x08007980   0x08007980   0x00000020   Code   RO         1013    i.sum_sfn           ff.o
    0x080079a0   0x080079a0   0x00000090   Code   RO         1014    i.sync_fs           ff.o
    0x08007a30   0x08007a30   0x0000004a   Code   RO         1015    i.sync_window       ff.o
    0x08007a7a   0x08007a7a   0x0000004c   Code   RO         1016    i.tchar2uni         ff.o
    0x08007ac6   0x08007ac6   0x0000003c   Code   RO         1017    i.validate          ff.o
    0x08007b02   0x08007b02   0x00000002   PAD
    0x08007b04   0x08007b04   0x0000000c   Data   RO          466    .constdata          malloc.o
    0x08007b10   0x08007b10   0x00000de4   Data   RO          718    .constdata          oled.o
    0x080088f4   0x080088f4   0x0000008d   Data   RO         1018    .constdata          ff.o
    0x08008981   0x08008981   0x00000001   PAD
    0x08008982   0x08008982   0x000003ae   Data   RO         1356    .constdata          ffunicode.o
    0x08008d30   0x08008d30   0x00000018   Data   RO         5811    .constdata          system_stm32f1xx.o
    0x08008d48   0x08008d48   0x00000011   Data   RO         6151    .constdata          c_w.l(__printf_flags_wp.o)
    0x08008d59   0x08008d59   0x00000003   PAD
    0x08008d5c   0x08008d5c   0x0000006c   Data   RO          830    .conststring        fatfs.o
    0x08008dc8   0x08008dc8   0x00000020   Data   RO         6354    Region$$Table       anon$$obj.o


    Execution Region RW_IRAM1 (Exec base: 0x20000000, Load base: 0x08008de8, Size: 0x00006aa8, Max: 0x00010000, ABSOLUTE, COMPRESSED[0x0000006c])

    Exec Addr    Load Addr    Size         Type   Attr      Idx    E Section Name        Object

    0x20000000   COMPRESSED   0x00000004   Data   RW          254    .data               system.o
    0x20000004   COMPRESSED   0x00000014   Data   RW          467    .data               malloc.o
    0x20000018   COMPRESSED   0x00000005   Data   RW          548    .data               iap.o
    0x2000001d   COMPRESSED   0x00000003   PAD
    0x20000020   COMPRESSED   0x00000174   Data   RW          831    .data               fatfs.o
    0x20000194   COMPRESSED   0x00000006   Data   RW         1019    .data               ff.o
    0x2000019a   COMPRESSED   0x00000002   PAD
    0x2000019c   COMPRESSED   0x00000004   Data   RW         1408    .data               stm32f1xx_hal.o
    0x200001a0   COMPRESSED   0x00000004   Data   RW         5812    .data               system_stm32f1xx.o
    0x200001a4        -       0x00000040   Zero   RW          307    .bss                usart.o
    0x200001e4   COMPRESSED   0x00000004   PAD
    0x200001e8        -       0x000000f0   Zero   RW          412    .bss                sdio.o
    0x200002d8   COMPRESSED   0x00000008   PAD
    0x200002e0        -       0x00005500   Zero   RW          465    .bss                malloc.o
    0x200057e0        -       0x00000900   Zero   RW          547    .bss                iap.o
    0x200060e0        -       0x00000200   Zero   RW          650    .bss                sd_card.o
    0x200062e0        -       0x00000148   Zero   RW          829    .bss                fatfs.o
    0x20006428        -       0x00000020   Zero   RW         2012    .bss                stm32f1xx_hal_flash.o
    0x20006448        -       0x00000060   Zero   RW         6232    .bss                c_w.l(libspace.o)
    0x200064a8        -       0x00000200   Zero   RW         1380    HEAP                startup_stm32f103xe.o
    0x200066a8        -       0x00000400   Zero   RW         1379    STACK               startup_stm32f103xe.o


==============================================================================

Image component sizes


      Code (inc. data)   RO Data    RW Data    ZI Data      Debug   Object Name

       226          0          0          0          0       6296   diskio.o
       278         14        108        372        328       3044   fatfs.o
      7490         92        141          6          0      60080   ff.o
        28          0          0          0          0       1199   ffsystem.o
       284         32        942          0          0       3052   ffunicode.o
      2212        594          0          5       2304      14578   iap.o
       344         28          0          0          0       4205   iic.o
       152          8          0          0          0     499627   main.o
       504         60         12         20      21760       6467   malloc.o
      1324        106       3556          0          0       9988   oled.o
       424         32          0          0        512       3807   sd_card.o
       428         54          0          0        240       3494   sdio.o
        64         26        304          0       1536        876   startup_stm32f103xe.o
       132         16          0          4          0       4460   stm32f1xx_hal.o
       338         22          0          0          0      27201   stm32f1xx_hal_cortex.o
      3666         42          0          0          0       5908   stm32f1xx_hal_dma.o
       488         52          0          0         32       4474   stm32f1xx_hal_flash.o
       256         26          0          0          0       2783   stm32f1xx_hal_flash_ex.o
       860         42          0          0          0       3667   stm32f1xx_hal_gpio.o
      3112        100          0          0          0       6076   stm32f1xx_hal_rcc.o
       380         14          0          0          0       1408   stm32f1xx_hal_rcc_ex.o
      4674         24          0          0          0      31092   stm32f1xx_hal_sd.o
       568          6          0          0          0       2403   stm32f1xx_hal_uart.o
        32          0          0          0          0       4770   stm32f1xx_it.o
       180          4          0          0          0       5660   stm32f1xx_ll_sdmmc.o
       304         16          0          4          0       3440   system.o
        88         18         24          4          0       1427   system_stm32f1xx.o
       136         18          0          0         64       3245   usart.o

    ----------------------------------------------------------------------
     28990       1446       5120        420      26788     724727   Object Totals
         0          0         32          0          0          0   (incl. Generated)
        18          0          1          5         12          0   (incl. Padding)

    ----------------------------------------------------------------------

      Code (inc. data)   RO Data    RW Data    ZI Data      Debug   Library Member Name

        90          0          0          0          0          0   __dczerorl2.o
         8          0          0          0          0         68   __main.o
       312          4         17          0          0         92   __printf_flags_wp.o
        14          0          0          0          0         68   __printf_wp.o
         0          0          0          0          0          0   __rtentry.o
        12          0          0          0          0          0   __rtentry2.o
         6          0          0          0          0          0   __rtentry4.o
        52          8          0          0          0          0   __scatter.o
        28          0          0          0          0          0   __scatter_zi.o
        48          6          0          0          0         96   _printf_char_common.o
         6          0          0          0          0          0   _printf_d.o
       120         16          0          0          0         92   _printf_dec.o
       178          0          0          0          0         88   _printf_intcommon.o
        78          0          0          0          0        108   _printf_pad.o
         0          0          0          0          0          0   _printf_percent.o
         4          0          0          0          0          0   _printf_percent_end.o
        10          0          0          0          0         68   _sputc.o
        16          0          0          0          0         68   aeabi_memset.o
        18          0          0          0          0         80   exit.o
         6          0          0          0          0        152   heapauxi.o
         2          0          0          0          0          0   libinit.o
         2          0          0          0          0          0   libinit2.o
         2          0          0          0          0          0   libshutdown.o
         2          0          0          0          0          0   libshutdown2.o
         8          4          0          0         96         68   libspace.o
       238          0          0          0          0        100   lludivv7m.o
        38          0          0          0          0         68   llushr.o
        88          0          0          0          0         76   memcmp.o
        40          6          0          0          0         84   noretval__2sprintf.o
        68          0          0          0          0         68   rt_memclr.o
        78          0          0          0          0         80   rt_memclr_w.o
       138          0          0          0          0         68   rt_memcpy_v6.o
       100          0          0          0          0         80   rt_memcpy_w.o
         2          0          0          0          0          0   rtexit.o
        10          0          0          0          0          0   rtexit2.o
        24          0          0          0          0         68   strcat.o
       128          0          0          0          0         68   strcmpv7m.o
        72          0          0          0          0         80   strcpy.o
        62          0          0          0          0         76   strlen.o
        74          0          0          0          0         80   sys_stackheap_outer.o
         2          0          0          0          0         68   use_no_semi.o
         2          0          0          0          0         68   use_no_semi_2.o

    ----------------------------------------------------------------------
      2198         44         20          0         96       2180   Library Totals
        12          0          3          0          0          0   (incl. Padding)

    ----------------------------------------------------------------------

      Code (inc. data)   RO Data    RW Data    ZI Data      Debug   Library Name

      2186         44         17          0         96       2180   c_w.l

    ----------------------------------------------------------------------
      2198         44         20          0         96       2180   Library Totals

    ----------------------------------------------------------------------

==============================================================================


      Code (inc. data)   RO Data    RW Data    ZI Data      Debug   

     31188       1490       5140        420      26884     715047   Grand Totals
     31188       1490       5140        108      26884     715047   ELF Image Totals (compressed)
     31188       1490       5140        108          0          0   ROM Totals

==============================================================================

    Total RO  Size (Code + RO Data)                36328 (  35.48kB)
    Total RW  Size (RW Data + ZI Data)             27304 (  26.66kB)
    Total ROM Size (Code + RO Data + RW Data)      36436 (  35.58kB)

==============================================================================

