Component: ARM Compiler 5.06 update 6 (build 750) Tool: armlink [4d35ed]

==============================================================================

Section Cross References

    main.o(i.host_keep_alive) refers to stm32f1xx_hal.o(i.HAL_GetTick) for HAL_GetTick
    main.o(i.host_keep_alive) refers to noretval__2printf.o(.text) for __2printf
    main.o(i.host_keep_alive) refers to main.o(.data) for busy_state
    main.o(i.main) refers to stm32f1xx_hal.o(i.HAL_Init) for HAL_Init
    main.o(i.main) refers to endstop.o(i.Automatic_Power_Off_Configuration) for Automatic_Power_Off_Configuration
    main.o(i.main) refers to ws2812.o(i.ws2812_GPIO_Init) for ws2812_GPIO_Init
    main.o(i.main) refers to system.o(i.SystemClock_Configuration) for SystemClock_Configuration
    main.o(i.main) refers to system.o(i.Delay_Configuration) for Delay_Configuration
    main.o(i.main) refers to rtc.o(i.RTC_Configuration) for RTC_Configuration
    main.o(i.main) refers to usart.o(i.USART1_Configuration) for USART1_Configuration
    main.o(i.main) refers to keypad.o(i.KeyPad_Configuration) for KeyPad_Configuration
    main.o(i.main) refers to remote.o(i.Remote_Configuration) for Remote_Configuration
    main.o(i.main) refers to oled.o(i.OLED_Configuration) for OLED_Configuration
    main.o(i.main) refers to hmi.o(i.HMI_StartFrame) for HMI_StartFrame
    main.o(i.main) refers to malloc.o(i.Memory_Configuration) for Memory_Configuration
    main.o(i.main) refers to fatfs.o(i.Exf_Configuration) for Exf_Configuration
    main.o(i.main) refers to planner.o(i.reset_acceleration_rates) for reset_acceleration_rates
    main.o(i.main) refers to stepper_motor.o(i.Stepper_Configuration) for Stepper_Configuration
    main.o(i.main) refers to endstop.o(i.EndStops_Configuration) for EndStops_Configuration
    main.o(i.main) refers to temperature.o(i.Temperature_Configuration) for Temperature_Configuration
    main.o(i.main) refers to planner.o(i.plan_init) for plan_init
    main.o(i.main) refers to keypad.o(i.KeyPad_Enable) for KeyPad_Enable
    main.o(i.main) refers to remote.o(i.Remote_Enable) for Remote_Enable
    main.o(i.main) refers to system.o(i.Delay_Ms) for Delay_Ms
    main.o(i.main) refers to hmi.o(i.HMI_ProcessFrame) for HMI_ProcessFrame
    main.o(i.main) refers to printer.o(i.Printer_GetCommand) for Printer_GetCommand
    main.o(i.main) refers to storage_device.o(i.StorageDevice_Process) for StorageDevice_Process
    main.o(i.main) refers to printer.o(i.Printer_Process) for Printer_Process
    main.o(i.main) refers to temperature.o(i.Temperature_Manage) for Temperature_Manage
    main.o(i.main) refers to printer.o(i.manage_inactivity) for manage_inactivity
    main.o(i.main) refers to endstop.o(i.EndStops_ReportState) for EndStops_ReportState
    main.o(i.main) refers to endstop.o(i.Automatic_Power_Off) for Automatic_Power_Off
    main.o(i.set_busy_state) refers to main.o(.data) for busy_state
    main.o(i.set_temp_report_interval) refers to main.o(.data) for temp_report_interval
    main.o(i.temprature_auto_report) refers to _printf_percent.o(.ARM.Collect$$_printf_percent$$00000000) for _printf_percent
    main.o(i.temprature_auto_report) refers to _printf_f.o(.ARM.Collect$$_printf_percent$$00000003) for _printf_f
    main.o(i.temprature_auto_report) refers to printf1.o(x$fpl$printf1) for _printf_fp_dec
    main.o(i.temprature_auto_report) refers to stm32f1xx_hal.o(i.HAL_GetTick) for HAL_GetTick
    main.o(i.temprature_auto_report) refers to temperature.o(i.Heater_GetTargetCelsius) for Heater_GetTargetCelsius
    main.o(i.temprature_auto_report) refers to f2d.o(x$fpl$f2d) for __aeabi_f2d
    main.o(i.temprature_auto_report) refers to temperature.o(i.Heater_GetCurrentCelsius) for Heater_GetCurrentCelsius
    main.o(i.temprature_auto_report) refers to noretval__2printf.o(.text) for __2printf
    main.o(i.temprature_auto_report) refers to main.o(.data) for temp_report_interval
    system.o(i.Delay_Configuration) refers to stm32f1xx_hal_cortex.o(i.HAL_SYSTICK_CLKSourceConfig) for HAL_SYSTICK_CLKSourceConfig
    system.o(i.Delay_Configuration) refers to system.o(.data) for fac_us
    system.o(i.Delay_Ms) refers to system.o(i.Delay_Us) for Delay_Us
    system.o(i.Delay_Us) refers to system.o(.data) for fac_us
    system.o(i.EasyDelay_Ms) refers to system.o(i.EasyDelay_Us) for EasyDelay_Us
    system.o(i.SystemClock_Configuration) refers to stm32f1xx_hal_rcc.o(i.HAL_RCC_OscConfig) for HAL_RCC_OscConfig
    system.o(i.SystemClock_Configuration) refers to stm32f1xx_hal_rcc.o(i.HAL_RCC_ClockConfig) for HAL_RCC_ClockConfig
    system.o(i.SystemClock_Configuration) refers to stm32f1xx_hal_rcc_ex.o(i.HAL_RCCEx_PeriphCLKConfig) for HAL_RCCEx_PeriphCLKConfig
    usart.o(.rev16_text) refers (Special) to use_no_semi_2.o(.text) for __use_no_semihosting
    usart.o(.revsh_text) refers (Special) to use_no_semi_2.o(.text) for __use_no_semihosting
[...]
    max_z_jerk                               0x200001e4   Data           4  planner.o(.data)
    max_e_jerk                               0x200001e8   Data           4  planner.o(.data)
    mintravelfeedrate                        0x200001ec   Data           4  planner.o(.data)
    autotemp_max                             0x200001f4   Data           4  planner.o(.data)
    autotemp_min                             0x200001f8   Data           4  planner.o(.data)
    autotemp_factor                          0x200001fc   Data           4  planner.o(.data)
    autotemp_enabled                         0x20000200   Data           1  planner.o(.data)
    block_buffer_head                        0x20000201   Data           1  planner.o(.data)
    block_buffer_tail                        0x20000202   Data           1  planner.o(.data)
    allow_cold_extrude                       0x20000203   Data           1  planner.o(.data)
    junction_deviation                       0x20000204   Data           4  planner.o(.data)
    HMI_MemberStruct                         0x2000020c   Data          20  hmi.o(.data)
    RTC_DurationStruct                       0x20000220   Data           4  hmi.o(.data)
    Print_Finished_flag                      0x20000224   Data           1  hmi.o(.data)
    Key_Down_flag                            0x20000225   Data           1  hmi.o(.data)
    Printing_flag                            0x20000226   Data           1  hmi.o(.data)
    Storage_Device                           0x20000228   Data           1  storage_device.o(.data)
    fatfs                                    0x2000022c   Data           4  fatfs.o(.data)
    FileType_Table                           0x20000230   Data         364  fatfs.o(.data)
    SystemCoreClock                          0x200003a8   Data           4  system_stm32f1xx.o(.data)
    USART1_HandleStruct                      0x200003ac   Data          64  usart.o(.bss)
    USART2_HandleStruct                      0x200003ec   Data          64  usart.o(.bss)
    USART3_HandleStruct                      0x2000042c   Data          64  usart.o(.bss)
    USART1_RxStruct                          0x2000046c   Data         136  usart.o(.bss)
    ADC3_HandleStruct                        0x200004f4   Data          48  adc.o(.bss)
    TIM1_HandleStruct                        0x20000524   Data          60  timer.o(.bss)
    TIM3_HandleStruct                        0x20000560   Data          60  timer.o(.bss)
    TIM5_HandleStruct                        0x2000059c   Data          60  timer.o(.bss)
    TIM6_HandleStruct                        0x200005d8   Data          60  timer.o(.bss)
    SD_HandleStruct                          0x20000618   Data          96  sdio.o(.bss)
    SD_CardInfoStruct                        0x20000678   Data          88  sdio.o(.bss)
    SDIO_DMA_HandleStruct                    0x200006d0   Data          56  sdio.o(.bss)
    MemoryIn_Pool                            0x20000720   Data       40960  malloc.o(.bss)
    MemoryIn_Table                           0x2000a720   Data        2560  malloc.o(.bss)
    RTC_HandleStruct                         0x2000b120   Data          20  rtc.o(.bss)
    SD_Card_DataBuff                         0x2000b134   Data         512  sd_card.o(.bss)
    EndStops_TrigSteps                       0x2000b334   Data          12  endstop.o(.bss)
    Count_Position                           0x2000b340   Data          16  endstop.o(.bss)
    Remote_StatusStruct                      0x2000b350   Data          12  remote.o(.bss)
    current_position                         0x2000b35c   Data          16  printer.o(.bss)
    add_homeing                              0x2000b36c   Data          12  printer.o(.bss)
    destination                              0x2000b378   Data          16  printer.o(.bss)
    offset                                   0x2000b388   Data          12  printer.o(.bss)
    axis_steps_per_sqr_second                0x2000b794   Data          16  planner.o(.bss)
    position                                 0x2000b7a4   Data          16  planner.o(.bss)
    block_buffer                             0x2000b7c4   Data        2688  planner.o(.bss)
    SD_Reader                                0x2000c244   Data         604  storage_device.o(.bss)
    fileInfo                                 0x2000c4a0   Data         280  fatfs.o(.bss)
    dir                                      0x2000c5b8   Data          48  fatfs.o(.bss)
    __libspace_start                         0x2000c5e8   Data          96  libspace.o(.bss)
    __temporary_stack_top$libspace           0x2000c648   Data           0  libspace.o(.bss)



==============================================================================

Memory Map of the image

  Image Entry point : 0x08019131

  Load Region LR_IROM1 (Base: 0x08019000, Size: 0x00017720, Max: 0x00064000, ABSOLUTE, COMPRESSED[0x0001746c])

    Execution Region ER_IROM1 (Exec base: 0x08019000, Load base: 0x08019000, Size: 0x00017374, Max: 0x00064000, ABSOLUTE)

    Exec Addr    Load Addr    Size         Type   Attr      Idx    E Section Name        Object

    0x08019000   0x08019000   0x00000130   Data   RO         2852    RESET               startup_stm32f103xe.o
    0x08019130   0x08019130   0x00000008   Code   RO         7665  * !!!main             c_w.l(__main.o)
    0x08019138   0x08019138   0x00000034   Code   RO         8152    !!!scatter          c_w.l(__scatter.o)
    0x0801916c   0x0801916c   0x0000005a   Code   RO         8150    !!dczerorl2         c_w.l(__dczerorl2.o)
    0x080191c6   0x080191c6   0x00000002   PAD
    0x080191c8   0x080191c8   0x0000001c   Code   RO         8154    !!handler_zi        c_w.l(__scatter_zi.o)
    0x080191e4   0x080191e4   0x00000000   Code   RO         7640    .ARM.Collect$$_printf_percent$$00000000  c_w.l(_printf_percent.o)
    0x080191e4   0x080191e4   0x00000006   Code   RO         7639    .ARM.Collect$$_printf_percent$$00000003  c_w.l(_printf_f.o)
    0x080191ea   0x080191ea   0x00000006   Code   RO         7637    .ARM.Collect$$_printf_percent$$00000008  c_w.l(_printf_i.o)
    0x080191f0   0x080191f0   0x00000006   Code   RO         7638    .ARM.Collect$$_printf_percent$$00000009  c_w.l(_printf_d.o)
    0x080191f6   0x080191f6   0x00000006   Code   RO         7635    .ARM.Collect$$_printf_percent$$00000013  c_w.l(_printf_c.o)
    0x080191fc   0x080191fc   0x00000006   Code   RO         7636    .ARM.Collect$$_printf_percent$$00000014  c_w.l(_printf_s.o)
    0x08019202   0x08019202   0x00000004   Code   RO         7827    .ARM.Collect$$_printf_percent$$00000017  c_w.l(_printf_percent_end.o)
    0x08019206   0x08019206   0x00000002   Code   RO         7985    .ARM.Collect$$libinit$$00000000  c_w.l(libinit.o)
    0x08019208   0x08019208   0x00000000   Code   RO         7987    .ARM.Collect$$libinit$$00000002  c_w.l(libinit2.o)
    0x08019208   0x08019208   0x00000000   Code   RO         7989    .ARM.Collect$$libinit$$00000004  c_w.l(libinit2.o)
    0x08019208   0x08019208   0x00000000   Code   RO         7992    .ARM.Collect$$libinit$$0000000A  c_w.l(libinit2.o)
    0x08019208   0x08019208   0x00000000   Code   RO         7994    .ARM.Collect$$libinit$$0000000C  c_w.l(libinit2.o)
    0x08019208   0x08019208   0x00000000   Code   RO         7996    .ARM.Collect$$libinit$$0000000E  c_w.l(libinit2.o)
    0x08019208   0x08019208   0x00000006   Code   RO         7997    .ARM.Collect$$libinit$$0000000F  c_w.l(libinit2.o)
    0x0801920e   0x0801920e   0x00000000   Code   RO         7999    .ARM.Collect$$libinit$$00000011  c_w.l(libinit2.o)
    0x0801920e   0x0801920e   0x0000000c   Code   RO         8000    .ARM.Collect$$libinit$$00000012  c_w.l(libinit2.o)
    0x0801921a   0x0801921a   0x00000000   Code   RO         8001    .ARM.Collect$$libinit$$00000013  c_w.l(libinit2.o)
    0x0801921a   0x0801921a   0x00000000   Code   RO         8003    .ARM.Collect$$libinit$$00000015  c_w.l(libinit2.o)
    0x0801921a   0x0801921a   0x0000000a   Code   RO         8004    .ARM.Collect$$libinit$$00000016  c_w.l(libinit2.o)
    0x08019224   0x08019224   0x00000000   Code   RO         8005    .ARM.Collect$$libinit$$00000017  c_w.l(libinit2.o)
    0x08019224   0x08019224   0x00000000   Code   RO         8007    .ARM.Collect$$libinit$$00000019  c_w.l(libinit2.o)
    0x08019224   0x08019224   0x00000000   Code   RO         8009    .ARM.Collect$$libinit$$0000001B  c_w.l(libinit2.o)
    0x08019224   0x08019224   0x00000000   Code   RO         8011    .ARM.Collect$$libinit$$0000001D  c_w.l(libinit2.o)
    0x08019224   0x08019224   0x00000000   Code   RO         8013    .ARM.Collect$$libinit$$0000001F  c_w.l(libinit2.o)
    0x08019224   0x08019224   0x00000000   Code   RO         8015    .ARM.Collect$$libinit$$00000021  c_w.l(libinit2.o)
    0x08019224   0x08019224   0x00000000   Code   RO         8017    .ARM.Collect$$libinit$$00000023  c_w.l(libinit2.o)
    0x08019224   0x08019224   0x00000000   Code   RO         8019    .ARM.Collect$$libinit$$00000025  c_w.l(libinit2.o)
    0x08019224   0x08019224   0x00000000   Code   RO         8023    .ARM.Collect$$libinit$$0000002C  c_w.l(libinit2.o)
    0x08019224   0x08019224   0x00000000   Code   RO         8025    .ARM.Collect$$libinit$$0000002E  c_w.l(libinit2.o)
    0x08019224   0x08019224   0x00000000   Code   RO         8027    .ARM.Collect$$libinit$$00000030  c_w.l(libinit2.o)
    0x08019224   0x08019224   0x00000000   Code   RO         8029    .ARM.Collect$$libinit$$00000032  c_w.l(libinit2.o)
    0x08019224   0x08019224   0x00000002   Code   RO         8030    .ARM.Collect$$libinit$$00000033  c_w.l(libinit2.o)
    0x08019226   0x08019226   0x00000002   Code   RO         8102    .ARM.Collect$$libshutdown$$00000000  c_w.l(libshutdown.o)
    0x08019228   0x08019228   0x00000000   Code   RO         8133    .ARM.Collect$$libshutdown$$00000002  c_w.l(libshutdown2.o)
    0x08019228   0x08019228   0x00000000   Code   RO         8135    .ARM.Collect$$libshutdown$$00000004  c_w.l(libshutdown2.o)
    0x08019228   0x08019228   0x00000000   Code   RO         8138    .ARM.Collect$$libshutdown$$00000007  c_w.l(libshutdown2.o)
    0x08019228   0x08019228   0x00000000   Code   RO         8141    .ARM.Collect$$libshutdown$$0000000A  c_w.l(libshutdown2.o)
    0x08019228   0x08019228   0x00000000   Code   RO         8143    .ARM.Collect$$libshutdown$$0000000C  c_w.l(libshutdown2.o)
    0x08019228   0x08019228   0x00000000   Code   RO         8146    .ARM.Collect$$libshutdown$$0000000F  c_w.l(libshutdown2.o)
    0x08019228   0x08019228   0x00000002   Code   RO         8147    .ARM.Collect$$libshutdown$$00000010  c_w.l(libshutdown2.o)
    0x0801922a   0x0801922a   0x00000000   Code   RO         7801    .ARM.Collect$$rtentry$$00000000  c_w.l(__rtentry.o)
    0x0801922a   0x0801922a   0x00000000   Code   RO         7896    .ARM.Collect$$rtentry$$00000002  c_w.l(__rtentry2.o)
    0x0801922a   0x0801922a   0x00000006   Code   RO         7908    .ARM.Collect$$rtentry$$00000004  c_w.l(__rtentry4.o)
    0x08019230   0x08019230   0x00000000   Code   RO         7898    .ARM.Collect$$rtentry$$00000009  c_w.l(__rtentry2.o)
    0x08019230   0x08019230   0x00000004   Code   RO         7899    .ARM.Collect$$rtentry$$0000000A  c_w.l(__rtentry2.o)
    0x08019234   0x08019234   0x00000000   Code   RO         7901    .ARM.Collect$$rtentry$$0000000C  c_w.l(__rtentry2.o)
    0x08019234   0x08019234   0x00000008   Code   RO         7902    .ARM.Collect$$rtentry$$0000000D  c_w.l(__rtentry2.o)
    0x0801923c   0x0801923c   0x00000002   Code   RO         8033    .ARM.Collect$$rtexit$$00000000  c_w.l(rtexit.o)
    0x0801923e   0x0801923e   0x00000000   Code   RO         8064    .ARM.Collect$$rtexit$$00000002  c_w.l(rtexit2.o)
    0x0801923e   0x0801923e   0x00000004   Code   RO         8065    .ARM.Collect$$rtexit$$00000003  c_w.l(rtexit2.o)
    0x08019242   0x08019242   0x00000006   Code   RO         8066    .ARM.Collect$$rtexit$$00000004  c_w.l(rtexit2.o)
    0x08019248   0x08019248   0x00000040   Code   RO         2853    .text               startup_stm32f103xe.o
    0x08019288   0x08019288   0x00000002   Code   RO         7593    .text               c_w.l(use_no_semi_2.o)
    0x0801928a   0x0801928a   0x000000ee   Code   RO         7595    .text               c_w.l(lludivv7m.o)
    0x08019378   0x08019378   0x00000018   Code   RO         7603    .text               c_w.l(noretval__2printf.o)
    0x08019390   0x08019390   0x00000028   Code   RO         7605    .text               c_w.l(noretval__2sprintf.o)
    0x080193b8   0x080193b8   0x0000004e   Code   RO         7609    .text               c_w.l(_printf_pad.o)
    0x08019406   0x08019406   0x00000052   Code   RO         7611    .text               c_w.l(_printf_str.o)
    0x08019458   0x08019458   0x00000078   Code   RO         7613    .text               c_w.l(_printf_dec.o)
    0x080194d0   0x080194d0   0x00000188   Code   RO         7632    .text               c_w.l(__printf_flags_ss_wp.o)
    0x08019658   0x08019658   0x0000001a   Code   RO         7641    .text               c_w.l(atoi.o)
    0x08019672   0x08019672   0x00000070   Code   RO         7643    .text               c_w.l(strtol.o)
    0x080196e2   0x080196e2   0x00000014   Code   RO         7645    .text               c_w.l(strchr.o)
    0x080196f6   0x080196f6   0x00000024   Code   RO         7647    .text               c_w.l(strstr.o)
    0x0801971a   0x0801971a   0x00000048   Code   RO         7649    .text               c_w.l(strcpy.o)
    0x08019762   0x08019762   0x0000003e   Code   RO         7651    .text               c_w.l(strlen.o)
    0x080197a0   0x080197a0   0x00000018   Code   RO         7653    .text               c_w.l(strcat.o)
    0x080197b8   0x080197b8   0x0000008a   Code   RO         7655    .text               c_w.l(rt_memcpy_v6.o)
    0x08019842   0x08019842   0x00000064   Code   RO         7657    .text               c_w.l(rt_memcpy_w.o)
    0x080198a6   0x080198a6   0x0000004e   Code   RO         7659    .text               c_w.l(rt_memclr_w.o)
    0x080198f4   0x080198f4   0x00000080   Code   RO         7661    .text               c_w.l(strcmpv7m.o)
    0x08019974   0x08019974   0x00000006   Code   RO         7663    .text               c_w.l(heapauxi.o)
    0x0801997a   0x0801997a   0x00000002   Code   RO         7799    .text               c_w.l(use_no_semi.o)
    0x0801997c   0x0801997c   0x00000010   Code   RO         7802    .text               c_w.l(rt_ctype_table.o)
    0x0801998c   0x0801998c   0x00000008   Code   RO         7811    .text               c_w.l(rt_errno_addr_intlibspace.o)
    0x08019994   0x08019994   0x00000016   Code   RO         7813    .text               c_w.l(_rserrno.o)
    0x080199aa   0x080199aa   0x000000b2   Code   RO         7815    .text               c_w.l(_printf_intcommon.o)
    0x08019a5c   0x08019a5c   0x0000041e   Code   RO         7817    .text               c_w.l(_printf_fp_dec.o)
    0x08019e7a   0x08019e7a   0x00000002   PAD
    0x08019e7c   0x08019e7c   0x00000030   Code   RO         7819    .text               c_w.l(_printf_char_common.o)
    0x08019eac   0x08019eac   0x0000000a   Code   RO         7821    .text               c_w.l(_sputc.o)
    0x08019eb6   0x08019eb6   0x0000002c   Code   RO         7823    .text               c_w.l(_printf_char.o)
    0x08019ee2   0x08019ee2   0x00000002   PAD
    0x08019ee4   0x08019ee4   0x00000024   Code   RO         7825    .text               c_w.l(_printf_char_file.o)
    0x08019f08   0x08019f08   0x0000009e   Code   RO         7828    .text               c_w.l(_strtoul.o)
    0x08019fa6   0x08019fa6   0x00000002   PAD
    0x08019fa8   0x08019fa8   0x000000a4   Code   RO         7830    .text               c_w.l(strtod.o)
    0x0801a04c   0x0801a04c   0x00000008   Code   RO         7892    .text               c_w.l(libspace.o)
    0x0801a054   0x0801a054   0x00000008   Code   RO         7915    .text               c_w.l(rt_locale_intlibspace.o)
    0x0801a05c   0x0801a05c   0x0000008a   Code   RO         7917    .text               c_w.l(lludiv10.o)
    0x0801a0e6   0x0801a0e6   0x00000012   Code   RO         7919    .text               c_w.l(isspace.o)
    0x0801a0f8   0x0801a0f8   0x00000080   Code   RO         7921    .text               c_w.l(_printf_fp_infnan.o)
    0x0801a178   0x0801a178   0x0000001c   Code   RO         7925    .text               c_w.l(_chval.o)
    0x0801a194   0x0801a194   0x00000040   Code   RO         7927    .text               c_w.l(_sgetc.o)
    0x0801a1d4   0x0801a1d4   0x000000e4   Code   RO         7929    .text               c_w.l(bigflt0.o)
    0x0801a2b8   0x0801a2b8   0x00000008   Code   RO         7954    .text               c_w.l(ferror.o)
    0x0801a2c0   0x0801a2c0   0x0000004a   Code   RO         7970    .text               c_w.l(sys_stackheap_outer.o)
    0x0801a30a   0x0801a30a   0x00000002   PAD
    0x0801a30c   0x0801a30c   0x000004f8   Code   RO         7972    .text               c_w.l(scanf_fp.o)
    0x0801a804   0x0801a804   0x00000012   Code   RO         7974    .text               c_w.l(exit.o)
    0x0801a816   0x0801a816   0x00000002   PAD
    0x0801a818   0x0801a818   0x00000320   Code   RO         8070    .text               c_w.l(scanf_hexfp.o)
    0x0801ab38   0x0801ab38   0x00000134   Code   RO         8072    .text               c_w.l(scanf_infnan.o)
    0x0801ac6c   0x0801ac6c   0x00000026   Code   RO         8092    .text               c_w.l(llshl.o)
    0x0801ac92   0x0801ac92   0x0000003e   Code   RO         7932    CL$$btod_d2e        c_w.l(btod.o)
    0x0801acd0   0x0801acd0   0x00000046   Code   RO         7934    CL$$btod_d2e_denorm_low  c_w.l(btod.o)
    0x0801ad16   0x0801ad16   0x00000060   Code   RO         7933    CL$$btod_d2e_norm_op1  c_w.l(btod.o)
    0x0801ad76   0x0801ad76   0x00000338   Code   RO         7942    CL$$btod_div_common  c_w.l(btod.o)
    0x0801b0ae   0x0801b0ae   0x00000002   PAD
    0x0801b0b0   0x0801b0b0   0x00000084   Code   RO         7940    CL$$btod_e2d        c_w.l(btod.o)
    0x0801b134   0x0801b134   0x000000dc   Code   RO         7939    CL$$btod_e2e        c_w.l(btod.o)
    0x0801b210   0x0801b210   0x0000002a   Code   RO         7936    CL$$btod_ediv       c_w.l(btod.o)
    0x0801b23a   0x0801b23a   0x0000002a   Code   RO         7938    CL$$btod_edivd      c_w.l(btod.o)
    0x0801b264   0x0801b264   0x0000002a   Code   RO         7935    CL$$btod_emul       c_w.l(btod.o)
    0x0801b28e   0x0801b28e   0x0000002a   Code   RO         7937    CL$$btod_emuld      c_w.l(btod.o)
    0x0801b2b8   0x0801b2b8   0x00000244   Code   RO         7941    CL$$btod_mult_common  c_w.l(btod.o)
    0x0801b4fc   0x0801b4fc   0x0000008c   Code   RO          660    i.ADC3_Configuration  adc.o
    0x0801b588   0x0801b588   0x00000034   Code   RO          662    i.ADC3_GetValue     adc.o
    0x0801b5bc   0x0801b5bc   0x00000052   Code   RO         2994    i.ADC_ConversionStop_Disable  stm32f1xx_hal_adc.o
    0x0801b60e   0x0801b60e   0x00000002   PAD
    0x0801b610   0x0801b610   0x00000084   Code   RO         2998    i.ADC_Enable        stm32f1xx_hal_adc.o
    0x0801b694   0x0801b694   0x00000108   Code   RO         1442    i.Automatic_Power_Off  endstop.o
    0x0801b79c   0x0801b79c   0x0000004c   Code   RO         1443    i.Automatic_Power_Off_Configuration  endstop.o
    0x0801b7e8   0x0801b7e8   0x00000004   Code   RO         6791    i.BusFault_Handler  stm32f1xx_it.o
    0x0801b7ec   0x0801b7ec   0x00000030   Code   RO         1741    i.ClearToSend       printer.o
    0x0801b81c   0x0801b81c   0x00000410   Code   RO         1742    i.Config_PrintSettings  printer.o
    0x0801bc2c   0x0801bc2c   0x00000028   Code   RO          840    i.DMA2_Channel4_5_IRQHandler  sdio.o
    0x0801bc54   0x0801bc54   0x00000020   Code   RO         3392    i.DMA_SetConfig     stm32f1xx_hal_dma.o
    0x0801bc74   0x0801bc74   0x00000002   Code   RO         6792    i.DebugMon_Handler  stm32f1xx_it.o
    0x0801bc76   0x0801bc76   0x00000002   PAD
    0x0801bc78   0x0801bc78   0x00000014   Code   RO          323    i.Delay_Configuration  system.o
    0x0801bc8c   0x0801bc8c   0x00000018   Code   RO          324    i.Delay_Ms          system.o
    0x0801bca4   0x0801bca4   0x00000048   Code   RO          325    i.Delay_Us          system.o
    0x0801bcec   0x0801bcec   0x00000040   Code   RO         1624    i.EXTI15_10_IRQHandler  keypad.o
    0x0801bd2c   0x0801bd2c   0x00000018   Code   RO          326    i.EasyDelay_Ms      system.o
    0x0801bd44   0x0801bd44   0x00000012   Code   RO          327    i.EasyDelay_Us      system.o
    0x0801bd56   0x0801bd56   0x00000002   PAD
    0x0801bd58   0x0801bd58   0x0000006c   Code   RO         1444    i.EndStops_CheckState  endstop.o
    0x0801bdc4   0x0801bdc4   0x0000001c   Code   RO         1445    i.EndStops_Clear    endstop.o
    0x0801bde0   0x0801bde0   0x00000048   Code   RO         1446    i.EndStops_Configuration  endstop.o
    0x0801be28   0x0801be28   0x0000000c   Code   RO         1447    i.EndStops_Enable   endstop.o
    0x0801be34   0x0801be34   0x00000108   Code   RO         1448    i.EndStops_ReportState  endstop.o
    0x0801bf3c   0x0801bf3c   0x00000024   Code   RO         2280    i.Exf_Configuration  fatfs.o
    0x0801bf60   0x0801bf60   0x000000c0   Code   RO         2286    i.Exf_GetType       fatfs.o
    0x0801c020   0x0801c020   0x00000034   Code   RO         1743    i.FlushSerialRequestResend  printer.o
    0x0801c054   0x0801c054   0x00000104   Code   RO         3174    i.HAL_ADCEx_Calibration_Start  stm32f1xx_hal_adc_ex.o
    0x0801c158   0x0801c158   0x000001c4   Code   RO         3000    i.HAL_ADC_ConfigChannel  stm32f1xx_hal_adc.o
    0x0801c31c   0x0801c31c   0x00000008   Code   RO         3007    i.HAL_ADC_GetValue  stm32f1xx_hal_adc.o
    0x0801c324   0x0801c324   0x00000184   Code   RO         3009    i.HAL_ADC_Init      stm32f1xx_hal_adc.o
    0x0801c4a8   0x0801c4a8   0x00000002   Code   RO         3012    i.HAL_ADC_MspInit   stm32f1xx_hal_adc.o
    0x0801c4aa   0x0801c4aa   0x00000002   PAD
    0x0801c4ac   0x0801c4ac   0x00000170   Code   RO         3013    i.HAL_ADC_PollForConversion  stm32f1xx_hal_adc.o
    0x0801c61c   0x0801c61c   0x00000130   Code   RO         3015    i.HAL_ADC_Start     stm32f1xx_hal_adc.o
    0x0801c74c   0x0801c74c   0x00000460   Code   RO         3394    i.HAL_DMA_DeInit    stm32f1xx_hal_dma.o
    0x0801cbac   0x0801cbac   0x00000908   Code   RO         3397    i.HAL_DMA_IRQHandler  stm32f1xx_hal_dma.o
    0x0801d4b4   0x0801d4b4   0x00000054   Code   RO         3398    i.HAL_DMA_Init      stm32f1xx_hal_dma.o
    0x0801d508   0x0801d508   0x00000076   Code   RO         3401    i.HAL_DMA_Start_IT  stm32f1xx_hal_dma.o
    0x0801d57e   0x0801d57e   0x0000001a   Code   RO         2867    i.HAL_Delay         stm32f1xx_hal.o
    0x0801d598   0x0801d598   0x00000058   Code   RO         1625    i.HAL_GPIO_EXTI_Callback  keypad.o
    0x0801d5f0   0x0801d5f0   0x0000001c   Code   RO         3680    i.HAL_GPIO_EXTI_IRQHandler  stm32f1xx_hal_gpio.o
    0x0801d60c   0x0801d60c   0x00000340   Code   RO         3681    i.HAL_GPIO_Init     stm32f1xx_hal_gpio.o
    0x0801d94c   0x0801d94c   0x00000010   Code   RO         3683    i.HAL_GPIO_ReadPin  stm32f1xx_hal_gpio.o
    0x0801d95c   0x0801d95c   0x0000000c   Code   RO         3685    i.HAL_GPIO_WritePin  stm32f1xx_hal_gpio.o
    0x0801d968   0x0801d968   0x0000000c   Code   RO         2871    i.HAL_GetTick       stm32f1xx_hal.o
    0x0801d974   0x0801d974   0x00000010   Code   RO         2872    i.HAL_IncTick       stm32f1xx_hal.o
    0x0801d984   0x0801d984   0x00000028   Code   RO         2873    i.HAL_Init          stm32f1xx_hal.o
    0x0801d9ac   0x0801d9ac   0x00000024   Code   RO         2874    i.HAL_InitTick      stm32f1xx_hal.o
    0x0801d9d0   0x0801d9d0   0x00000002   Code   RO         2876    i.HAL_MspInit       stm32f1xx_hal.o
    0x0801d9d2   0x0801d9d2   0x0000001a   Code   RO         3272    i.HAL_NVIC_EnableIRQ  stm32f1xx_hal_cortex.o
    0x0801d9ec   0x0801d9ec   0x0000007c   Code   RO         3278    i.HAL_NVIC_SetPriority  stm32f1xx_hal_cortex.o
    0x0801da68   0x0801da68   0x00000028   Code   RO         3279    i.HAL_NVIC_SetPriorityGrouping  stm32f1xx_hal_cortex.o
    0x0801da90   0x0801da90   0x00000018   Code   RO         4452    i.HAL_PWR_EnableBkUpAccess  stm32f1xx_hal_pwr.o
    0x0801daa8   0x0801daa8   0x00000164   Code   RO         4673    i.HAL_RCCEx_GetPeriphCLKFreq  stm32f1xx_hal_rcc_ex.o
    0x0801dc0c   0x0801dc0c   0x0000017c   Code   RO         4674    i.HAL_RCCEx_PeriphCLKConfig  stm32f1xx_hal_rcc_ex.o
    0x0801dd88   0x0801dd88   0x00000298   Code   RO         4571    i.HAL_RCC_ClockConfig  stm32f1xx_hal_rcc.o
    0x0801e020   0x0801e020   0x0000000c   Code   RO         4576    i.HAL_RCC_GetHCLKFreq  stm32f1xx_hal_rcc.o
    0x0801e02c   0x0801e02c   0x0000002c   Code   RO         4578    i.HAL_RCC_GetPCLK1Freq  stm32f1xx_hal_rcc.o
    0x0801e058   0x0801e058   0x0000002c   Code   RO         4579    i.HAL_RCC_GetPCLK2Freq  stm32f1xx_hal_rcc.o
    0x0801e084   0x0801e084   0x000000b4   Code   RO         4580    i.HAL_RCC_GetSysClockFreq  stm32f1xx_hal_rcc.o
    0x0801e138   0x0801e138   0x00000878   Code   RO         4583    i.HAL_RCC_OscConfig  stm32f1xx_hal_rcc.o
    0x0801e9b0   0x0801e9b0   0x00000052   Code   RO         7322    i.HAL_RTC_GetDate   stm32f1xx_hal_rtc.o
    0x0801ea02   0x0801ea02   0x00000104   Code   RO         7324    i.HAL_RTC_GetTime   stm32f1xx_hal_rtc.o
    0x0801eb06   0x0801eb06   0x00000002   PAD
    0x0801eb08   0x0801eb08   0x000000d0   Code   RO         7325    i.HAL_RTC_Init      stm32f1xx_hal_rtc.o
    0x0801ebd8   0x0801ebd8   0x00000002   Code   RO         7327    i.HAL_RTC_MspInit   stm32f1xx_hal_rtc.o
    0x0801ebda   0x0801ebda   0x00000002   PAD
    0x0801ebdc   0x0801ebdc   0x000000dc   Code   RO         7332    i.HAL_RTC_SetTime   stm32f1xx_hal_rtc.o
    0x0801ecb8   0x0801ecb8   0x00000040   Code   RO         7333    i.HAL_RTC_WaitForSynchro  stm32f1xx_hal_rtc.o
    0x0801ecf8   0x0801ecf8   0x0000007c   Code   RO         4708    i.HAL_SD_CheckReadOperation  stm32f1xx_hal_sd.o
    0x0801ed74   0x0801ed74   0x00000088   Code   RO         4709    i.HAL_SD_CheckWriteOperation  stm32f1xx_hal_sd.o
    0x0801edfc   0x0801edfc   0x00000002   Code   RO         4710    i.HAL_SD_DMA_RxCpltCallback  stm32f1xx_hal_sd.o
    0x0801edfe   0x0801edfe   0x00000002   Code   RO         4711    i.HAL_SD_DMA_RxErrorCallback  stm32f1xx_hal_sd.o
    0x0801ee00   0x0801ee00   0x00000002   Code   RO         4712    i.HAL_SD_DMA_TxCpltCallback  stm32f1xx_hal_sd.o
    0x0801ee02   0x0801ee02   0x00000002   Code   RO         4713    i.HAL_SD_DMA_TxErrorCallback  stm32f1xx_hal_sd.o
    0x0801ee04   0x0801ee04   0x00000014   Code   RO         4714    i.HAL_SD_DeInit     stm32f1xx_hal_sd.o
    0x0801ee18   0x0801ee18   0x00000022   Code   RO         4717    i.HAL_SD_GetStatus  stm32f1xx_hal_sd.o
    0x0801ee3a   0x0801ee3a   0x000002ee   Code   RO         4718    i.HAL_SD_Get_CardInfo  stm32f1xx_hal_sd.o
    0x0801f128   0x0801f128   0x000000c0   Code   RO         4720    i.HAL_SD_IRQHandler  stm32f1xx_hal_sd.o
    0x0801f1e8   0x0801f1e8   0x000000a2   Code   RO         4721    i.HAL_SD_Init       stm32f1xx_hal_sd.o
    0x0801f28a   0x0801f28a   0x00000002   Code   RO         4722    i.HAL_SD_MspDeInit  stm32f1xx_hal_sd.o
    0x0801f28c   0x0801f28c   0x00000002   Code   RO         4723    i.HAL_SD_MspInit    stm32f1xx_hal_sd.o
    0x0801f28e   0x0801f28e   0x00000002   PAD
    0x0801f290   0x0801f290   0x00000130   Code   RO         4725    i.HAL_SD_ReadBlocks_DMA  stm32f1xx_hal_sd.o
    0x0801f3c0   0x0801f3c0   0x0000003e   Code   RO         4727    i.HAL_SD_StopTransfer  stm32f1xx_hal_sd.o
    0x0801f3fe   0x0801f3fe   0x00000088   Code   RO         4728    i.HAL_SD_WideBusOperation_Config  stm32f1xx_hal_sd.o
    0x0801f486   0x0801f486   0x00000002   PAD
    0x0801f488   0x0801f488   0x0000012c   Code   RO         4730    i.HAL_SD_WriteBlocks_DMA  stm32f1xx_hal_sd.o
    0x0801f5b4   0x0801f5b4   0x00000002   Code   RO         4731    i.HAL_SD_XferCpltCallback  stm32f1xx_hal_sd.o
    0x0801f5b6   0x0801f5b6   0x00000002   Code   RO         4732    i.HAL_SD_XferErrorCallback  stm32f1xx_hal_sd.o
    0x0801f5b8   0x0801f5b8   0x00000028   Code   RO         3281    i.HAL_SYSTICK_CLKSourceConfig  stm32f1xx_hal_cortex.o
    0x0801f5e0   0x0801f5e0   0x00000034   Code   RO         3283    i.HAL_SYSTICK_Config  stm32f1xx_hal_cortex.o
    0x0801f614   0x0801f614   0x00000002   Code   RO         6015    i.HAL_TIMEx_BreakCallback  stm32f1xx_hal_tim_ex.o
    0x0801f616   0x0801f616   0x00000002   Code   RO         6016    i.HAL_TIMEx_CommutationCallback  stm32f1xx_hal_tim_ex.o
    0x0801f618   0x0801f618   0x00000034   Code   RO         5376    i.HAL_TIM_Base_Init  stm32f1xx_hal_tim.o
    0x0801f64c   0x0801f64c   0x00000002   Code   RO         5378    i.HAL_TIM_Base_MspInit  stm32f1xx_hal_tim.o
    0x0801f64e   0x0801f64e   0x0000001e   Code   RO         5381    i.HAL_TIM_Base_Start_IT  stm32f1xx_hal_tim.o
    0x0801f66c   0x0801f66c   0x00000038   Code   RO         5384    i.HAL_TIM_Base_Stop_IT  stm32f1xx_hal_tim.o
    0x0801f6a4   0x0801f6a4   0x00000018   Code   RO          762    i.HAL_TIM_IC_CaptureCallback  timer.o
    0x0801f6bc   0x0801f6bc   0x000000e0   Code   RO         5406    i.HAL_TIM_IC_ConfigChannel  stm32f1xx_hal_tim.o
    0x0801f79c   0x0801f79c   0x00000034   Code   RO         5409    i.HAL_TIM_IC_Init   stm32f1xx_hal_tim.o
    0x0801f7d0   0x0801f7d0   0x00000002   Code   RO         5411    i.HAL_TIM_IC_MspInit  stm32f1xx_hal_tim.o
    0x0801f7d2   0x0801f7d2   0x0000006c   Code   RO         5414    i.HAL_TIM_IC_Start_IT  stm32f1xx_hal_tim.o
    0x0801f83e   0x0801f83e   0x00000086   Code   RO         5417    i.HAL_TIM_IC_Stop_IT  stm32f1xx_hal_tim.o
    0x0801f8c4   0x0801f8c4   0x00000196   Code   RO         5418    i.HAL_TIM_IRQHandler  stm32f1xx_hal_tim.o
    0x0801fa5a   0x0801fa5a   0x00000002   Code   RO         5421    i.HAL_TIM_OC_DelayElapsedCallback  stm32f1xx_hal_tim.o
    0x0801fa5c   0x0801fa5c   0x00000108   Code   RO         5442    i.HAL_TIM_PWM_ConfigChannel  stm32f1xx_hal_tim.o
    0x0801fb64   0x0801fb64   0x00000034   Code   RO         5445    i.HAL_TIM_PWM_Init  stm32f1xx_hal_tim.o
    0x0801fb98   0x0801fb98   0x00000002   Code   RO         5447    i.HAL_TIM_PWM_MspInit  stm32f1xx_hal_tim.o
    0x0801fb9a   0x0801fb9a   0x00000002   Code   RO         5448    i.HAL_TIM_PWM_PulseFinishedCallback  stm32f1xx_hal_tim.o
    0x0801fb9c   0x0801fb9c   0x0000004c   Code   RO         5449    i.HAL_TIM_PWM_Start  stm32f1xx_hal_tim.o
    0x0801fbe8   0x0801fbe8   0x00000028   Code   RO          763    i.HAL_TIM_PeriodElapsedCallback  timer.o
    0x0801fc10   0x0801fc10   0x00000054   Code   RO         5456    i.HAL_TIM_ReadCapturedValue  stm32f1xx_hal_tim.o
    0x0801fc64   0x0801fc64   0x00000002   Code   RO         5459    i.HAL_TIM_TriggerCallback  stm32f1xx_hal_tim.o
    0x0801fc66   0x0801fc66   0x00000002   Code   RO         6260    i.HAL_UART_ErrorCallback  stm32f1xx_hal_uart.o
    0x0801fc68   0x0801fc68   0x00000008   Code   RO         6262    i.HAL_UART_GetState  stm32f1xx_hal_uart.o
    0x0801fc70   0x0801fc70   0x000000da   Code   RO         6263    i.HAL_UART_IRQHandler  stm32f1xx_hal_uart.o
    0x0801fd4a   0x0801fd4a   0x0000006e   Code   RO         6264    i.HAL_UART_Init     stm32f1xx_hal_uart.o
    0x0801fdb8   0x0801fdb8   0x00000002   Code   RO         6266    i.HAL_UART_MspInit  stm32f1xx_hal_uart.o
    0x0801fdba   0x0801fdba   0x00000086   Code   RO         6269    i.HAL_UART_Receive_IT  stm32f1xx_hal_uart.o
    0x0801fe40   0x0801fe40   0x00000020   Code   RO          546    i.HAL_UART_RxCpltCallback  usart.o
    0x0801fe60   0x0801fe60   0x00000002   Code   RO         6275    i.HAL_UART_TxCpltCallback  stm32f1xx_hal_uart.o
    0x0801fe62   0x0801fe62   0x00000002   PAD
    0x0801fe64   0x0801fe64   0x000006a0   Code   RO         2106    i.HMI_ProcessFrame  hmi.o
    0x08020504   0x08020504   0x000001b8   Code   RO         2107    i.HMI_StartFrame    hmi.o
    0x080206bc   0x080206bc   0x00000004   Code   RO         6793    i.HardFault_Handler  stm32f1xx_it.o
    0x080206c0   0x080206c0   0x00000040   Code   RO         1281    i.Heater_AutoShutdown  temperature.o
    0x08020700   0x08020700   0x00000034   Code   RO         1282    i.Heater_Disable    temperature.o
    0x08020734   0x08020734   0x0000001c   Code   RO         1284    i.Heater_GetCurrentCelsius  temperature.o
    0x08020750   0x08020750   0x0000002c   Code   RO         1285    i.Heater_GetTargetCelsius  temperature.o
    0x0802077c   0x0802077c   0x0000001e   Code   RO         1286    i.Heater_GetValue   temperature.o
    0x0802079a   0x0802079a   0x00000002   PAD
    0x0802079c   0x0802079c   0x00000054   Code   RO         1288    i.Heater_IsHeating  temperature.o
    0x080207f0   0x080207f0   0x00000500   Code   RO         1289    i.Heater_PID_AutoTune  temperature.o
    0x08020cf0   0x08020cf0   0x0000001c   Code   RO         1290    i.Heater_SetCompare  temperature.o
    0x08020d0c   0x08020d0c   0x0000002c   Code   RO         1291    i.Heater_SetPID     temperature.o
    0x08020d38   0x08020d38   0x00000038   Code   RO         1292    i.Heater_SetTargetCelsius  temperature.o
    0x08020d70   0x08020d70   0x00000002   Code   RO         1293    i.Heater_SetWatch   temperature.o
    0x08020d72   0x08020d72   0x00000002   PAD
    0x08020d74   0x08020d74   0x000000a8   Code   RO         1294    i.Heater_TemperatureError  temperature.o
    0x08020e1c   0x08020e1c   0x00000048   Code   RO          702    i.IIC2_Configuration  iic.o
    0x08020e64   0x08020e64   0x0000000c   Code   RO         1744    i.IsStopped         printer.o
    0x08020e70   0x08020e70   0x00000018   Code   RO         1626    i.KeyPad_ClearFlag  keypad.o
    0x08020e88   0x08020e88   0x0000005c   Code   RO         1627    i.KeyPad_Configuration  keypad.o
    0x08020ee4   0x08020ee4   0x00000020   Code   RO         1628    i.KeyPad_Enable     keypad.o
    0x08020f04   0x08020f04   0x00000020   Code   RO         1629    i.KeyPad_ScanPush   keypad.o
    0x08020f24   0x08020f24   0x00000004   Code   RO         6794    i.MemManage_Handler  stm32f1xx_it.o
    0x08020f28   0x08020f28   0x00000044   Code   RO          888    i.Memory_Configuration  malloc.o
    0x08020f6c   0x08020f6c   0x00000024   Code   RO          890    i.Memory_Free       malloc.o
    0x08020f90   0x08020f90   0x0000006c   Code   RO          891    i.Memory_FreeCheck  malloc.o
    0x08020ffc   0x08020ffc   0x00000040   Code   RO          892    i.Memory_GetUseRate  malloc.o
    0x0802103c   0x0802103c   0x00000028   Code   RO          893    i.Memory_Malloc     malloc.o
    0x08021064   0x08021064   0x000000a8   Code   RO          894    i.Memory_MallocCheck  malloc.o
    0x0802110c   0x0802110c   0x00000014   Code   RO          896    i.Memory_Write      malloc.o
    0x08021120   0x08021120   0x00000002   Code   RO         6795    i.NMI_Handler       stm32f1xx_it.o
    0x08021122   0x08021122   0x00000002   PAD
    0x08021124   0x08021124   0x00000010   Code   RO         3285    i.NVIC_GetPriorityGrouping  stm32f1xx_hal_cortex.o
    0x08021134   0x08021134   0x00000028   Code   RO         3286    i.NVIC_SetPriority  stm32f1xx_hal_cortex.o
    0x0802115c   0x0802115c   0x0000002c   Code   RO         1512    i.OLED_Clear        oled.o
    0x08021188   0x08021188   0x000000e0   Code   RO         1513    i.OLED_Configuration  oled.o
    0x08021268   0x08021268   0x0000001a   Code   RO         1516    i.OLED_ScrollControl  oled.o
    0x08021282   0x08021282   0x0000002a   Code   RO         1517    i.OLED_SetPosition  oled.o
    0x080212ac   0x080212ac   0x000000ec   Code   RO         1518    i.OLED_ShowChar     oled.o
    0x08021398   0x08021398   0x00000064   Code   RO         1519    i.OLED_ShowChinese  oled.o
    0x080213fc   0x080213fc   0x00000124   Code   RO         1520    i.OLED_ShowNum      oled.o
    0x08021520   0x08021520   0x0000004e   Code   RO         1521    i.OLED_ShowPicture  oled.o
    0x0802156e   0x0802156e   0x00000060   Code   RO         1522    i.OLED_ShowProgressBar  oled.o
    0x080215ce   0x080215ce   0x00000002   PAD
    0x080215d0   0x080215d0   0x00000098   Code   RO         1524    i.OLED_ShowText     oled.o
    0x08021668   0x08021668   0x00000024   Code   RO         1525    i.OLED_WriteByte    oled.o
    0x0802168c   0x0802168c   0x00000002   Code   RO         6796    i.PendSV_Handler    stm32f1xx_it.o
    0x0802168e   0x0802168e   0x00000002   PAD
    0x08021690   0x08021690   0x00000648   Code   RO         1745    i.Printer_GetCommand  printer.o
    0x08021cd8   0x08021cd8   0x00000134   Code   RO         1746    i.Printer_Process   printer.o
    0x08021e0c   0x08021e0c   0x0000001a   Code   RO         1009    i.RGB_LED_OFF       ws2812.o
    0x08021e26   0x08021e26   0x0000001a   Code   RO         1012    i.RGB_LED_WHITE     ws2812.o
    0x08021e40   0x08021e40   0x0000006c   Code   RO         1013    i.RGB_LED_Write0    ws2812.o
    0x08021eac   0x08021eac   0x00000064   Code   RO         1014    i.RGB_LED_Write1    ws2812.o
    0x08021f10   0x08021f10   0x0000001c   Code   RO         1015    i.RGB_LED_Write_24Bits  ws2812.o
    0x08021f2c   0x08021f2c   0x00000026   Code   RO         1016    i.RGB_LED_Write_Byte  ws2812.o
    0x08021f52   0x08021f52   0x00000016   Code   RO         7334    i.RTC_Bcd2ToByte    stm32f1xx_hal_rtc.o
    0x08021f68   0x08021f68   0x0000001a   Code   RO         7335    i.RTC_ByteToBcd2    stm32f1xx_hal_rtc.o
    0x08021f82   0x08021f82   0x00000002   PAD
    0x08021f84   0x08021f84   0x00000070   Code   RO          968    i.RTC_Configuration  rtc.o
    0x08021ff4   0x08021ff4   0x000000b6   Code   RO         7336    i.RTC_DateUpdate    stm32f1xx_hal_rtc.o
    0x080220aa   0x080220aa   0x0000003a   Code   RO         7337    i.RTC_EnterInitMode  stm32f1xx_hal_rtc.o
    0x080220e4   0x080220e4   0x0000003a   Code   RO         7338    i.RTC_ExitInitMode  stm32f1xx_hal_rtc.o
    0x0802211e   0x0802211e   0x00000002   PAD
    0x08022120   0x08022120   0x00000048   Code   RO          969    i.RTC_Get_DurationTime  rtc.o
    0x08022168   0x08022168   0x0000003a   Code   RO         7339    i.RTC_IsLeapYear    stm32f1xx_hal_rtc.o
    0x080221a2   0x080221a2   0x00000018   Code   RO         7340    i.RTC_ReadAlarmCounter  stm32f1xx_hal_rtc.o
    0x080221ba   0x080221ba   0x00000034   Code   RO         7341    i.RTC_ReadTimeCounter  stm32f1xx_hal_rtc.o
    0x080221ee   0x080221ee   0x00000002   PAD
    0x080221f0   0x080221f0   0x0000002c   Code   RO          970    i.RTC_SetTime       rtc.o
    0x0802221c   0x0802221c   0x00000084   Code   RO         7342    i.RTC_WeekDayNum    stm32f1xx_hal_rtc.o
    0x080222a0   0x080222a0   0x0000002e   Code   RO         7343    i.RTC_WriteAlarmCounter  stm32f1xx_hal_rtc.o
    0x080222ce   0x080222ce   0x0000002e   Code   RO         7344    i.RTC_WriteTimeCounter  stm32f1xx_hal_rtc.o
    0x080222fc   0x080222fc   0x00000118   Code   RO         1684    i.Remote_Capture    remote.o
    0x08022414   0x08022414   0x00000010   Code   RO         1685    i.Remote_Clear      remote.o
    0x08022424   0x08022424   0x0000000e   Code   RO         1686    i.Remote_Configuration  remote.o
    0x08022432   0x08022432   0x00000002   PAD
    0x08022434   0x08022434   0x00000020   Code   RO         1687    i.Remote_Enable     remote.o
    0x08022454   0x08022454   0x00000064   Code   RO         1688    i.Remote_ScanPush   remote.o
    0x080224b8   0x080224b8   0x00000154   Code   RO          841    i.SDIO_Configuration  sdio.o
    0x0802260c   0x0802260c   0x00000028   Code   RO          842    i.SDIO_DMA_SetDirection  sdio.o
    0x08022634   0x08022634   0x00000026   Code   RO         6992    i.SDIO_DataConfig   stm32f1xx_ll_sdmmc.o
    0x0802265a   0x0802265a   0x00000008   Code   RO         6993    i.SDIO_GetCommandResponse  stm32f1xx_ll_sdmmc.o
    0x08022662   0x08022662   0x0000000a   Code   RO         6996    i.SDIO_GetPowerState  stm32f1xx_ll_sdmmc.o
    0x0802266c   0x0802266c   0x00000018   Code   RO         6997    i.SDIO_GetResponse  stm32f1xx_ll_sdmmc.o
    0x08022684   0x08022684   0x00000010   Code   RO          843    i.SDIO_IRQHandler   sdio.o
    0x08022694   0x08022694   0x00000030   Code   RO         6998    i.SDIO_Init         stm32f1xx_ll_sdmmc.o
    0x080226c4   0x080226c4   0x00000008   Code   RO         6999    i.SDIO_PowerState_OFF  stm32f1xx_ll_sdmmc.o
    0x080226cc   0x080226cc   0x0000000a   Code   RO         7000    i.SDIO_PowerState_ON  stm32f1xx_ll_sdmmc.o
    0x080226d6   0x080226d6   0x00000008   Code   RO         7001    i.SDIO_ReadFIFO     stm32f1xx_ll_sdmmc.o
    0x080226de   0x080226de   0x00000022   Code   RO         7002    i.SDIO_SendCommand  stm32f1xx_ll_sdmmc.o
    0x08022700   0x08022700   0x00000060   Code   RO         1091    i.SD_Card_Configuration  sd_card.o
    0x08022760   0x08022760   0x00000010   Code   RO         1092    i.SD_Card_Detect    sd_card.o
    0x08022770   0x08022770   0x0000009c   Code   RO         1094    i.SD_Card_Read      sd_card.o
    0x0802280c   0x0802280c   0x0000009c   Code   RO         1095    i.SD_Card_Write     sd_card.o
    0x080228a8   0x080228a8   0x00000036   Code   RO         4733    i.SD_CmdError       stm32f1xx_hal_sd.o
    0x080228de   0x080228de   0x00000002   PAD
    0x080228e0   0x080228e0   0x00000184   Code   RO         4734    i.SD_CmdResp1Error  stm32f1xx_hal_sd.o
    0x08022a64   0x08022a64   0x00000046   Code   RO         4735    i.SD_CmdResp2Error  stm32f1xx_hal_sd.o
    0x08022aaa   0x08022aaa   0x00000032   Code   RO         4736    i.SD_CmdResp3Error  stm32f1xx_hal_sd.o
    0x08022adc   0x08022adc   0x000000b0   Code   RO         4737    i.SD_CmdResp6Error  stm32f1xx_hal_sd.o
    0x08022b8c   0x08022b8c   0x00000066   Code   RO         4738    i.SD_CmdResp7Error  stm32f1xx_hal_sd.o
    0x08022bf2   0x08022bf2   0x0000001a   Code   RO         4739    i.SD_DMA_RxCplt     stm32f1xx_hal_sd.o
    0x08022c0c   0x08022c0c   0x0000000e   Code   RO         4740    i.SD_DMA_RxError    stm32f1xx_hal_sd.o
    0x08022c1a   0x08022c1a   0x0000001a   Code   RO         4741    i.SD_DMA_TxCplt     stm32f1xx_hal_sd.o
    0x08022c34   0x08022c34   0x0000000e   Code   RO         4742    i.SD_DMA_TxError    stm32f1xx_hal_sd.o
    0x08022c42   0x08022c42   0x00000182   Code   RO         4743    i.SD_FindSCR        stm32f1xx_hal_sd.o
    0x08022dc4   0x08022dc4   0x0000001e   Code   RO         4744    i.SD_GetState       stm32f1xx_hal_sd.o
    0x08022de2   0x08022de2   0x00000112   Code   RO         4745    i.SD_Initialize_Cards  stm32f1xx_hal_sd.o
    0x08022ef4   0x08022ef4   0x00000010   Code   RO         4747    i.SD_PowerOFF       stm32f1xx_hal_sd.o
    0x08022f04   0x08022f04   0x00000174   Code   RO         4748    i.SD_PowerON        stm32f1xx_hal_sd.o
    0x08023078   0x08023078   0x00000040   Code   RO         4749    i.SD_Select_Deselect  stm32f1xx_hal_sd.o
    0x080230b8   0x080230b8   0x0000005a   Code   RO         4750    i.SD_SendStatus     stm32f1xx_hal_sd.o
    0x08023112   0x08023112   0x000000a2   Code   RO         4751    i.SD_WideBus_Disable  stm32f1xx_hal_sd.o
    0x080231b4   0x080231b4   0x000000a2   Code   RO         4752    i.SD_WideBus_Enable  stm32f1xx_hal_sd.o
    0x08023256   0x08023256   0x00000002   Code   RO         6797    i.SVC_Handler       stm32f1xx_it.o
    0x08023258   0x08023258   0x00000038   Code   RO          703    i.Simulate_I2C_Master_Transmit  iic.o
    0x08023290   0x08023290   0x00000034   Code   RO          704    i.Simulate_I2C_Start  iic.o
    0x080232c4   0x080232c4   0x00000028   Code   RO          705    i.Simulate_I2C_Stop  iic.o
    0x080232ec   0x080232ec   0x00000020   Code   RO          706    i.Simulate_I2C_WaitAck  iic.o
    0x0802330c   0x0802330c   0x0000005c   Code   RO          707    i.Simulate_I2C_WriteByte  iic.o
    0x08023368   0x08023368   0x00000100   Code   RO         1149    i.Stepper_Configuration  stepper_motor.o
    0x08023468   0x08023468   0x00000088   Code   RO         1150    i.Stepper_DirPin_Control  stepper_motor.o
    0x080234f0   0x080234f0   0x00000090   Code   RO         1151    i.Stepper_EnPin_Control  stepper_motor.o
    0x08023580   0x08023580   0x00000030   Code   RO         1152    i.Stepper_Finish_Disable  stepper_motor.o
    0x080235b0   0x080235b0   0x00000014   Code   RO         1153    i.Stepper_GetPosition  stepper_motor.o
    0x080235c4   0x080235c4   0x000004b4   Code   RO         1154    i.Stepper_Interrupt  stepper_motor.o
    0x08023a78   0x08023a78   0x00000088   Code   RO         1155    i.Stepper_PulsePin_Control  stepper_motor.o
    0x08023b00   0x08023b00   0x0000002c   Code   RO         1156    i.Stepper_QuickStop  stepper_motor.o
    0x08023b2c   0x08023b2c   0x00000018   Code   RO         1157    i.Stepper_SetPosition  stepper_motor.o
    0x08023b44   0x08023b44   0x00000010   Code   RO         1158    i.Stepper_SetPosition_E  stepper_motor.o
    0x08023b54   0x08023b54   0x00000016   Code   RO         1159    i.Stepper_Synchronize  stepper_motor.o
    0x08023b6a   0x08023b6a   0x00000002   PAD
    0x08023b6c   0x08023b6c   0x00000028   Code   RO         1747    i.Stop              printer.o
    0x08023b94   0x08023b94   0x00000024   Code   RO         2149    i.StorageDevice_AutoMount  storage_device.o
    0x08023bb8   0x08023bb8   0x00000020   Code   RO         2150    i.StorageDevice_CloseFile  storage_device.o
    0x08023bd8   0x08023bd8   0x00000068   Code   RO         2151    i.StorageDevice_DeleteFile  storage_device.o
    0x08023c40   0x08023c40   0x0000003c   Code   RO         2152    i.StorageDevice_FinishPrint  storage_device.o
    0x08023c7c   0x08023c7c   0x00000094   Code   RO         2153    i.StorageDevice_GetFirstFile  storage_device.o
    0x08023d10   0x08023d10   0x0000006c   Code   RO         2154    i.StorageDevice_GetProgress  storage_device.o
    0x08023d7c   0x08023d7c   0x0000002c   Code   RO         2155    i.StorageDevice_IsFileEnd  storage_device.o
    0x08023da8   0x08023da8   0x00000068   Code   RO         2156    i.StorageDevice_ListFiles  storage_device.o
    0x08023e10   0x08023e10   0x0000007c   Code   RO         2157    i.StorageDevice_Mount  storage_device.o
    0x08023e8c   0x08023e8c   0x0000017c   Code   RO         2158    i.StorageDevice_OpenFile  storage_device.o
    0x08024008   0x08024008   0x0000003c   Code   RO         2159    i.StorageDevice_PathCatName  storage_device.o
    0x08024044   0x08024044   0x0000001c   Code   RO         2160    i.StorageDevice_PausePrint  storage_device.o
    0x08024060   0x08024060   0x00000048   Code   RO         2161    i.StorageDevice_Process  storage_device.o
    0x080240a8   0x080240a8   0x00000030   Code   RO         2162    i.StorageDevice_ReadFile  storage_device.o
    0x080240d8   0x080240d8   0x00000028   Code   RO         2163    i.StorageDevice_Release  storage_device.o
    0x08024100   0x08024100   0x00000024   Code   RO         2164    i.StorageDevice_SetPointer  storage_device.o
    0x08024124   0x08024124   0x0000001c   Code   RO         2165    i.StorageDevice_StartPrint  storage_device.o
    0x08024140   0x08024140   0x00000008   Code   RO         6798    i.SysTick_Handler   stm32f1xx_it.o
    0x08024148   0x08024148   0x000000bc   Code   RO          328    i.SystemClock_Configuration  system.o
    0x08024204   0x08024204   0x00000058   Code   RO         7281    i.SystemInit        system_stm32f1xx.o
    0x0802425c   0x0802425c   0x00000010   Code   RO          764    i.TIM1_CC_IRQHandler  timer.o
    0x0802426c   0x0802426c   0x000000c4   Code   RO          765    i.TIM1_Configuration  timer.o
    0x08024330   0x08024330   0x0000005c   Code   RO          766    i.TIM3_Configuration  timer.o
    0x0802438c   0x0802438c   0x00000010   Code   RO          767    i.TIM3_IRQHandler   timer.o
    0x0802439c   0x0802439c   0x0000009c   Code   RO          768    i.TIM5_Configuration  timer.o
    0x08024438   0x08024438   0x0000005c   Code   RO          769    i.TIM6_Configuration  timer.o
    0x08024494   0x08024494   0x00000010   Code   RO          770    i.TIM6_IRQHandler   timer.o
    0x080244a4   0x080244a4   0x00000090   Code   RO         5460    i.TIM_Base_SetConfig  stm32f1xx_hal_tim.o
    0x08024534   0x08024534   0x0000001c   Code   RO         5461    i.TIM_CCxChannelCmd  stm32f1xx_hal_tim.o
    0x08024550   0x08024550   0x00000078   Code   RO         5469    i.TIM_OC1_SetConfig  stm32f1xx_hal_tim.o
    0x080245c8   0x080245c8   0x00000080   Code   RO         5470    i.TIM_OC2_SetConfig  stm32f1xx_hal_tim.o
    0x08024648   0x08024648   0x00000080   Code   RO         5471    i.TIM_OC3_SetConfig  stm32f1xx_hal_tim.o
    0x080246c8   0x080246c8   0x00000058   Code   RO         5472    i.TIM_OC4_SetConfig  stm32f1xx_hal_tim.o
    0x08024720   0x08024720   0x00000080   Code   RO         5475    i.TIM_TI1_SetConfig  stm32f1xx_hal_tim.o
    0x080247a0   0x080247a0   0x0000003e   Code   RO         5477    i.TIM_TI2_SetConfig  stm32f1xx_hal_tim.o
    0x080247de   0x080247de   0x0000003c   Code   RO         5478    i.TIM_TI3_SetConfig  stm32f1xx_hal_tim.o
    0x0802481a   0x0802481a   0x00000040   Code   RO         5479    i.TIM_TI4_SetConfig  stm32f1xx_hal_tim.o
    0x0802485a   0x0802485a   0x00000002   PAD
    0x0802485c   0x0802485c   0x000000c4   Code   RO         1295    i.Temperature_Configuration  temperature.o
    0x08024920   0x08024920   0x000002b8   Code   RO         1296    i.Temperature_Manage  temperature.o
    0x08024bd8   0x08024bd8   0x000000e0   Code   RO         1297    i.Temperature_Process  temperature.o
    0x08024cb8   0x08024cb8   0x00000088   Code   RO         1298    i.Temperature_ScalePID  temperature.o
    0x08024d40   0x08024d40   0x00000030   Code   RO         6282    i.UART_EndTransmit_IT  stm32f1xx_hal_uart.o
    0x08024d70   0x08024d70   0x000000bc   Code   RO         6283    i.UART_Receive_IT   stm32f1xx_hal_uart.o
    0x08024e2c   0x08024e2c   0x000001c8   Code   RO         6284    i.UART_SetConfig    stm32f1xx_hal_uart.o
    0x08024ff4   0x08024ff4   0x00000070   Code   RO         6285    i.UART_Transmit_IT  stm32f1xx_hal_uart.o
    0x08025064   0x08025064   0x000000b4   Code   RO          548    i.USART1_Configuration  usart.o
    0x08025118   0x08025118   0x00000014   Code   RO          549    i.USART1_Flush      usart.o
    0x0802512c   0x0802512c   0x00000054   Code   RO          550    i.USART1_IRQHandler  usart.o
    0x08025180   0x08025180   0x00000024   Code   RO          551    i.USART1_IsAvailable  usart.o
    0x080251a4   0x080251a4   0x00000038   Code   RO          552    i.USART1_ReadData   usart.o
    0x080251dc   0x080251dc   0x0000002c   Code   RO          553    i.USART1_SaveChar   usart.o
    0x08025208   0x08025208   0x00000004   Code   RO         6799    i.UsageFault_Handler  stm32f1xx_it.o
    0x0802520c   0x0802520c   0x00000028   Code   RO         7876    i.__ARM_fpclassify  m_ws.l(fpclassify.o)
    0x08025234   0x08025234   0x00000388   Code   RO         7881    i.__ieee754_rem_pio2  m_ws.l(rred.o)
    0x080255bc   0x080255bc   0x000000fc   Code   RO         7859    i.__kernel_cos      m_ws.l(cos_i.o)
    0x080256b8   0x080256b8   0x000000aa   Code   RO         7878    i.__kernel_poly     m_ws.l(poly.o)
    0x08025762   0x08025762   0x00000002   PAD
    0x08025764   0x08025764   0x000000ec   Code   RO         7886    i.__kernel_sin      m_ws.l(sin_i.o)
    0x08025850   0x08025850   0x00000010   Code   RO         7862    i.__mathlib_dbl_divzero  m_ws.l(dunder.o)
    0x08025860   0x08025860   0x00000006   Code   RO         7863    i.__mathlib_dbl_infnan  m_ws.l(dunder.o)
    0x08025866   0x08025866   0x00000004   Code   RO         7864    i.__mathlib_dbl_infnan2  m_ws.l(dunder.o)
    0x0802586a   0x0802586a   0x0000000c   Code   RO         7865    i.__mathlib_dbl_invalid  m_ws.l(dunder.o)
    0x08025876   0x08025876   0x0000000e   Code   RO         7866    i.__mathlib_dbl_overflow  m_ws.l(dunder.o)
    0x08025884   0x08025884   0x00000010   Code   RO         7868    i.__mathlib_dbl_underflow  m_ws.l(dunder.o)
    0x08025894   0x08025894   0x00000010   Code   RO         8057    i.__mathlib_narrow  m_ws.l(narrow.o)
    0x080258a4   0x080258a4   0x000000bc   Code   RO         8058    i.__mathlib_tofloat  m_ws.l(narrow.o)
    0x08025960   0x08025960   0x00000016   Code   RO         8104    i.__support_ldexp   m_ws.l(ldexp.o)
    0x08025976   0x08025976   0x0000000e   Code   RO         7625    i._is_digit         c_w.l(__printf_wp.o)
    0x08025984   0x08025984   0x00000004   Code   RO          556    i._sys_exit         usart.o
    0x08025988   0x08025988   0x0000000c   Code   RO         1939    i.allow_cold_extrudes  planner.o
    0x08025994   0x08025994   0x0000010c   Code   RO         1299    i.analog2temp       temperature.o
    0x08025aa0   0x08025aa0   0x00000006   Code   RO         1300    i.analog2tempBed    temperature.o
    0x08025aa6   0x08025aa6   0x00000002   PAD
    0x08025aa8   0x08025aa8   0x00000220   Code   RO         7850    i.atan              m_ws.l(atan.o)
    0x08025cc8   0x08025cc8   0x00000180   Code   RO         7738    i.atan2             m_ws.l(atan2.o)
    0x08025e48   0x08025e48   0x00000064   Code   RO         1748    i.axis_is_at_home   printer.o
    0x08025eac   0x08025eac   0x0000001c   Code   RO         1940    i.blocks_queued     planner.o
    0x08025ec8   0x08025ec8   0x00000080   Code   RO         1160    i.calc_timer        stepper_motor.o
    0x08025f48   0x08025f48   0x00000166   Code   RO         1941    i.calculate_trapezoid_for_block  planner.o
    0x080260ae   0x080260ae   0x00000002   PAD
    0x080260b0   0x080260b0   0x000000dc   Code   RO         7746    i.ceil              m_ws.l(ceil.o)
    0x0802618c   0x0802618c   0x0000001a   Code   RO         2287    i.char_upper        fatfs.o
    0x080261a6   0x080261a6   0x00000002   PAD
    0x080261a8   0x080261a8   0x0000007c   Code   RO         1942    i.check_axes_activity  planner.o
    0x08026224   0x08026224   0x0000007c   Code   RO         2420    i.check_fs          ff.o
    0x080262a0   0x080262a0   0x00000014   Code   RO         2421    i.chk_chr           ff.o
    0x080262b4   0x080262b4   0x0000007c   Code   RO         1749    i.clamp_to_software_endstops  printer.o
    0x08026330   0x08026330   0x00000032   Code   RO         2422    i.clmt_clust        ff.o
    0x08026362   0x08026362   0x0000001a   Code   RO         2423    i.clst2sect         ff.o
    0x0802637c   0x0802637c   0x00000098   Code   RO         2424    i.cmp_lfn           ff.o
    0x08026414   0x08026414   0x00000034   Code   RO         1750    i.code_seen         printer.o
    0x08026448   0x08026448   0x00000038   Code   RO         1751    i.code_value        printer.o
    0x08026480   0x08026480   0x00000030   Code   RO         1752    i.code_value_int    printer.o
    0x080264b0   0x080264b0   0x00000034   Code   RO         1753    i.code_value_long   printer.o
    0x080264e4   0x080264e4   0x0000009c   Code   RO         7750    i.cos               m_ws.l(cos.o)
    0x08026580   0x08026580   0x00000120   Code   RO         2425    i.create_chain      ff.o
    0x080266a0   0x080266a0   0x00000260   Code   RO         2426    i.create_name       ff.o
    0x08026900   0x08026900   0x0000000c   Code   RO         2427    i.dbc_1st           ff.o
    0x0802690c   0x0802690c   0x0000000c   Code   RO         2428    i.dbc_2nd           ff.o
    0x08026918   0x08026918   0x00000060   Code   RO         2429    i.dir_alloc         ff.o
    0x08026978   0x08026978   0x000000c6   Code   RO         2430    i.dir_clear         ff.o
    0x08026a3e   0x08026a3e   0x000000fc   Code   RO         2431    i.dir_find          ff.o
    0x08026b3a   0x08026b3a   0x000000c6   Code   RO         2432    i.dir_next          ff.o
    0x08026c00   0x08026c00   0x000000d2   Code   RO         2433    i.dir_read          ff.o
    0x08026cd2   0x08026cd2   0x00000142   Code   RO         2434    i.dir_register      ff.o
    0x08026e14   0x08026e14   0x00000060   Code   RO         2435    i.dir_remove        ff.o
    0x08026e74   0x08026e74   0x0000009a   Code   RO         2436    i.dir_sdi           ff.o
    0x08026f0e   0x08026f0e   0x00000020   Code   RO         2363    i.disk_initialize   diskio.o
    0x08026f2e   0x08026f2e   0x0000003c   Code   RO         2364    i.disk_ioctl        diskio.o
    0x08026f6a   0x08026f6a   0x0000003e   Code   RO         2365    i.disk_read         diskio.o
    0x08026fa8   0x08026fa8   0x00000006   Code   RO         2366    i.disk_status       diskio.o
    0x08026fae   0x08026fae   0x0000003e   Code   RO         2367    i.disk_write        diskio.o
    0x08026fec   0x08026fec   0x00000078   Code   RO         1754    i.enquecommand      printer.o
    0x08027064   0x08027064   0x00000066   Code   RO         1943    i.estimate_acceleration_distance  planner.o
    0x080270ca   0x080270ca   0x00000022   Code   RO         2437    i.f_close           ff.o
    0x080270ec   0x080270ec   0x000002b0   Code   RO         2441    i.f_lseek           ff.o
    0x0802739c   0x0802739c   0x00000054   Code   RO         2443    i.f_mount           ff.o
    0x080273f0   0x080273f0   0x00000206   Code   RO         2444    i.f_open            ff.o
    0x080275f6   0x080275f6   0x0000008a   Code   RO         2445    i.f_opendir         ff.o
    0x08027680   0x08027680   0x000001ac   Code   RO         2449    i.f_read            ff.o
    0x0802782c   0x0802782c   0x00000068   Code   RO         2450    i.f_readdir         ff.o
    0x08027894   0x08027894   0x000000a0   Code   RO         2453    i.f_sync            ff.o
    0x08027934   0x08027934   0x000000c4   Code   RO         2455    i.f_unlink          ff.o
    0x080279f8   0x080279f8   0x0000000e   Code   RO         2791    i.ff_memalloc       ffsystem.o
    0x08027a06   0x08027a06   0x0000000e   Code   RO         2792    i.ff_memfree        ffsystem.o
    0x08027a14   0x08027a14   0x0000002c   Code   RO         2824    i.ff_oem2uni        ffunicode.o
    0x08027a40   0x08027a40   0x00000040   Code   RO         2825    i.ff_uni2oem        ffunicode.o
    0x08027a80   0x08027a80   0x000000b0   Code   RO         2826    i.ff_wtoupper       ffunicode.o
    0x08027b30   0x08027b30   0x0000030c   Code   RO         2457    i.find_volume       ff.o
    0x08027e3c   0x08027e3c   0x000000dc   Code   RO         7758    i.floor             m_ws.l(floor.o)
    0x08027f18   0x08027f18   0x0000009e   Code   RO         2458    i.follow_path       ff.o
    0x08027fb6   0x08027fb6   0x00000002   PAD
    0x08027fb8   0x08027fb8   0x0000001c   Code   RO          557    i.fputc             usart.o
    0x08027fd4   0x08027fd4   0x00000058   Code   RO         8083    i.frexp             m_ws.l(frexp.o)
    0x0802802c   0x0802802c   0x000000cc   Code   RO         2459    i.gen_numname       ff.o
    0x080280f8   0x080280f8   0x00000190   Code   RO         1944    i.getHighESpeed     planner.o
    0x08028288   0x08028288   0x0000003c   Code   RO         1755    i.get_arc_coordinates  printer.o
    0x080282c4   0x080282c4   0x000000b4   Code   RO         1756    i.get_coordinates   printer.o
    0x08028378   0x08028378   0x000000e0   Code   RO         2460    i.get_fat           ff.o
    0x08028458   0x08028458   0x00000004   Code   RO         2368    i.get_fattime       diskio.o
    0x0802845c   0x0802845c   0x00000176   Code   RO         2461    i.get_fileinfo      ff.o
    0x080285d2   0x080285d2   0x0000004e   Code   RO         2462    i.get_ldnumber      ff.o
    0x08028620   0x08028620   0x000001b8   Code   RO         1757    i.homeaxis          printer.o
    0x080287d8   0x080287d8   0x00000050   Code   RO            4    i.host_keep_alive   main.o
    0x08028828   0x08028828   0x00000290   Code   RO         7762    i.hypot             m_ws.l(hypot.o)
    0x08028ab8   0x08028ab8   0x000000b4   Code   RO         1945    i.intersection_distance  planner.o
    0x08028b6c   0x08028b6c   0x00000068   Code   RO         1758    i.kill              printer.o
    0x08028bd4   0x08028bd4   0x00000026   Code   RO         2463    i.ld_clust          ff.o
    0x08028bfa   0x08028bfa   0x00000018   Code   RO         2464    i.ld_dword          ff.o
    0x08028c12   0x08028c12   0x0000000c   Code   RO         2465    i.ld_word           ff.o
    0x08028c1e   0x08028c1e   0x00000074   Code   RO         8105    i.ldexp             m_ws.l(ldexp.o)
    0x08028c92   0x08028c92   0x00000002   PAD
    0x08028c94   0x08028c94   0x00000098   Code   RO            5    i.main              main.o
    0x08028d2c   0x08028d2c   0x00000080   Code   RO         1759    i.manage_inactivity  printer.o
    0x08028dac   0x08028dac   0x00000044   Code   RO         1946    i.max_allowable_speed  planner.o
    0x08028df0   0x08028df0   0x000003dc   Code   RO         1760    i.mc_arc            printer.o
    0x080291cc   0x080291cc   0x00000024   Code   RO         2466    i.mem_cmp           ff.o
    0x080291f0   0x080291f0   0x0000001a   Code   RO         2467    i.mem_cpy           ff.o
    0x0802920a   0x0802920a   0x00000012   Code   RO         2468    i.mem_set           ff.o
    0x0802921c   0x0802921c   0x0000004c   Code   RO         1161    i.microstep_mode    stepper_motor.o
    0x08029268   0x08029268   0x00000002   Code   RO         1162    i.microstep_ms      stepper_motor.o
    0x0802926a   0x0802926a   0x00000002   PAD
    0x0802926c   0x0802926c   0x0000008c   Code   RO         1163    i.microstep_readings  stepper_motor.o
    0x080292f8   0x080292f8   0x00000034   Code   RO         2469    i.move_window       ff.o
    0x0802932c   0x0802932c   0x0000000c   Code   RO         1948    i.next_block_index  planner.o
    0x08029338   0x08029338   0x00000088   Code   RO         2470    i.pick_lfn          ff.o
    0x080293c0   0x080293c0   0x0000100c   Code   RO         1949    i.plan_buffer_line  planner.o
    0x0802a3cc   0x0802a3cc   0x00000024   Code   RO         1950    i.plan_discard_current_block  planner.o
    0x0802a3f0   0x0802a3f0   0x00000038   Code   RO         1951    i.plan_get_current_block  planner.o
    0x0802a428   0x0802a428   0x0000003c   Code   RO         1952    i.plan_init         planner.o
    0x0802a464   0x0802a464   0x00000078   Code   RO         1953    i.plan_set_e_position  planner.o
    0x0802a4dc   0x0802a4dc   0x000001ac   Code   RO         1954    i.plan_set_position  planner.o
    0x0802a688   0x0802a688   0x00000058   Code   RO         1955    i.planner_forward_pass  planner.o
    0x0802a6e0   0x0802a6e0   0x0000008c   Code   RO         1956    i.planner_forward_pass_kernel  planner.o
    0x0802a76c   0x0802a76c   0x00000010   Code   RO         1957    i.planner_recalculate  planner.o
    0x0802a77c   0x0802a77c   0x000000b8   Code   RO         1958    i.planner_recalculate_trapezoids  planner.o
    0x0802a834   0x0802a834   0x0000006c   Code   RO         1959    i.planner_reverse_pass  planner.o
    0x0802a8a0   0x0802a8a0   0x0000006c   Code   RO         1960    i.planner_reverse_pass_kernel  planner.o
    0x0802a90c   0x0802a90c   0x000009d8   Code   RO         7770    i.pow               m_ws.l(pow.o)
    0x0802b2e4   0x0802b2e4   0x000000d0   Code   RO         1761    i.prepare_arc_move  printer.o
    0x0802b3b4   0x0802b3b4   0x000000d8   Code   RO         1762    i.prepare_move      printer.o
    0x0802b48c   0x0802b48c   0x0000000a   Code   RO         1961    i.prev_block_index  planner.o
    0x0802b496   0x0802b496   0x00000002   PAD
    0x0802b498   0x0802b498   0x00001558   Code   RO         1763    i.process_commands  printer.o
    0x0802c9f0   0x0802c9f0   0x00000138   Code   RO         2471    i.put_fat           ff.o
    0x0802cb28   0x0802cb28   0x00000080   Code   RO         2472    i.put_lfn           ff.o
    0x0802cba8   0x0802cba8   0x00000042   Code   RO         2473    i.put_utf           ff.o
    0x0802cbea   0x0802cbea   0x0000009a   Code   RO         2477    i.remove_chain      ff.o
    0x0802cc84   0x0802cc84   0x00000040   Code   RO         1962    i.reset_acceleration_rates  planner.o
    0x0802ccc4   0x0802ccc4   0x000000ec   Code   RO         1764    i.setTargetedHotend  printer.o
    0x0802cdb0   0x0802cdb0   0x0000000c   Code   RO            6    i.set_busy_state    main.o
    0x0802cdbc   0x0802cdbc   0x0000000c   Code   RO            7    i.set_temp_report_interval  main.o
    0x0802cdc8   0x0802cdc8   0x000000a0   Code   RO         7780    i.sin               m_ws.l(sin.o)
    0x0802ce68   0x0802ce68   0x0000004c   Code   RO         7788    i.sqrt              m_ws.l(sqrt.o)
    0x0802ceb4   0x0802ceb4   0x00000024   Code   RO         2478    i.st_clust          ff.o
    0x0802ced8   0x0802ced8   0x00000018   Code   RO         2479    i.st_dword          ff.o
    0x0802cef0   0x0802cef0   0x0000000c   Code   RO         2480    i.st_word           ff.o
    0x0802cefc   0x0802cefc   0x0000001c   Code   RO         7796    i.strtod            m_ws.l(strtod.o)
    0x0802cf18   0x0802cf18   0x00000020   Code   RO         2481    i.sum_sfn           ff.o
    0x0802cf38   0x0802cf38   0x00000090   Code   RO         2482    i.sync_fs           ff.o
    0x0802cfc8   0x0802cfc8   0x0000004a   Code   RO         2483    i.sync_window       ff.o
    0x0802d012   0x0802d012   0x0000004c   Code   RO         2484    i.tchar2uni         ff.o
    0x0802d05e   0x0802d05e   0x00000002   PAD
    0x0802d060   0x0802d060   0x00000094   Code   RO            8    i.temprature_auto_report  main.o
    0x0802d0f4   0x0802d0f4   0x00000064   Code   RO         1164    i.trapezoid_generator_reset  stepper_motor.o
    0x0802d158   0x0802d158   0x0000004c   Code   RO         1301    i.updateTemperaturesFromRawValues  temperature.o
    0x0802d1a4   0x0802d1a4   0x0000003c   Code   RO         2485    i.validate          ff.o
    0x0802d1e0   0x0802d1e0   0x000000a8   Code   RO         1017    i.ws2812_GPIO_Init  ws2812.o
    0x0802d288   0x0802d288   0x0000002c   Code   RO         7959    locale$$code        c_w.l(lc_ctype_c.o)
    0x0802d2b4   0x0802d2b4   0x0000002c   Code   RO         7962    locale$$code        c_w.l(lc_numeric_c.o)
    0x0802d2e0   0x0802d2e0   0x00000062   Code   RO         7667    x$fpl$d2f           fz_ws.l(d2f.o)
    0x0802d342   0x0802d342   0x00000002   PAD
    0x0802d344   0x0802d344   0x00000150   Code   RO         7669    x$fpl$dadd          fz_ws.l(daddsub_clz.o)
    0x0802d494   0x0802d494   0x00000010   Code   RO         7964    x$fpl$dcheck1       fz_ws.l(dcheck1.o)
    0x0802d4a4   0x0802d4a4   0x00000018   Code   RO         7832    x$fpl$dcmpinf       fz_ws.l(dcmpi.o)
    0x0802d4bc   0x0802d4bc   0x000002b0   Code   RO         7676    x$fpl$ddiv          fz_ws.l(ddiv.o)
    0x0802d76c   0x0802d76c   0x00000078   Code   RO         7679    x$fpl$deqf          fz_ws.l(deqf.o)
    0x0802d7e4   0x0802d7e4   0x0000005e   Code   RO         7681    x$fpl$dfix          fz_ws.l(dfix.o)
    0x0802d842   0x0802d842   0x00000002   PAD
    0x0802d844   0x0802d844   0x0000005a   Code   RO         7685    x$fpl$dfixu         fz_ws.l(dfixu.o)
    0x0802d89e   0x0802d89e   0x0000002e   Code   RO         7690    x$fpl$dflt          fz_ws.l(dflt_clz.o)
    0x0802d8cc   0x0802d8cc   0x00000026   Code   RO         7689    x$fpl$dfltu         fz_ws.l(dflt_clz.o)
    0x0802d8f2   0x0802d8f2   0x00000002   PAD
    0x0802d8f4   0x0802d8f4   0x00000078   Code   RO         7695    x$fpl$dleqf         fz_ws.l(dleqf.o)
    0x0802d96c   0x0802d96c   0x00000154   Code   RO         7697    x$fpl$dmul          fz_ws.l(dmul.o)
    0x0802dac0   0x0802dac0   0x0000009c   Code   RO         7834    x$fpl$dnaninf       fz_ws.l(dnaninf.o)
    0x0802db5c   0x0802db5c   0x0000000c   Code   RO         7836    x$fpl$dretinf       fz_ws.l(dretinf.o)
    0x0802db68   0x0802db68   0x0000006c   Code   RO         7699    x$fpl$drleqf        fz_ws.l(drleqf.o)
    0x0802dbd4   0x0802dbd4   0x00000016   Code   RO         7670    x$fpl$drsb          fz_ws.l(daddsub_clz.o)
    0x0802dbea   0x0802dbea   0x00000002   PAD
    0x0802dbec   0x0802dbec   0x000001cc   Code   RO         7838    x$fpl$dsqrt         fz_ws.l(dsqrt_noumaal.o)
    0x0802ddb8   0x0802ddb8   0x000001d4   Code   RO         7671    x$fpl$dsub          fz_ws.l(daddsub_clz.o)
    0x0802df8c   0x0802df8c   0x00000056   Code   RO         7701    x$fpl$f2d           fz_ws.l(f2d.o)
    0x0802dfe2   0x0802dfe2   0x00000002   PAD
    0x0802dfe4   0x0802dfe4   0x000000c4   Code   RO         7703    x$fpl$fadd          fz_ws.l(faddsub_clz.o)
    0x0802e0a8   0x0802e0a8   0x00000018   Code   RO         7840    x$fpl$fcmpinf       fz_ws.l(fcmpi.o)
    0x0802e0c0   0x0802e0c0   0x00000184   Code   RO         7710    x$fpl$fdiv          fz_ws.l(fdiv.o)
    0x0802e244   0x0802e244   0x00000068   Code   RO         7713    x$fpl$feqf          fz_ws.l(feqf.o)
    0x0802e2ac   0x0802e2ac   0x00000036   Code   RO         7715    x$fpl$ffix          fz_ws.l(ffix.o)
    0x0802e2e2   0x0802e2e2   0x00000002   PAD
    0x0802e2e4   0x0802e2e4   0x0000003e   Code   RO         7719    x$fpl$ffixu         fz_ws.l(ffixu.o)
    0x0802e322   0x0802e322   0x00000002   PAD
    0x0802e324   0x0802e324   0x00000030   Code   RO         7724    x$fpl$fflt          fz_ws.l(fflt_clz.o)
    0x0802e354   0x0802e354   0x00000026   Code   RO         7723    x$fpl$ffltu         fz_ws.l(fflt_clz.o)
    0x0802e37a   0x0802e37a   0x00000002   PAD
    0x0802e37c   0x0802e37c   0x00000068   Code   RO         7729    x$fpl$fleqf         fz_ws.l(fleqf.o)
    0x0802e3e4   0x0802e3e4   0x00000102   Code   RO         7731    x$fpl$fmul          fz_ws.l(fmul.o)
    0x0802e4e6   0x0802e4e6   0x0000008c   Code   RO         7842    x$fpl$fnaninf       fz_ws.l(fnaninf.o)
    0x0802e572   0x0802e572   0x0000000a   Code   RO         7844    x$fpl$fretinf       fz_ws.l(fretinf.o)
    0x0802e57c   0x0802e57c   0x00000062   Code   RO         7733    x$fpl$frleqf        fz_ws.l(frleqf.o)
    0x0802e5de   0x0802e5de   0x00000014   Code   RO         7704    x$fpl$frsb          fz_ws.l(faddsub_clz.o)
    0x0802e5f2   0x0802e5f2   0x00000002   PAD
    0x0802e5f4   0x0802e5f4   0x000000ea   Code   RO         7705    x$fpl$fsub          fz_ws.l(faddsub_clz.o)
    0x0802e6de   0x0802e6de   0x00000006   Code   RO         7966    x$fpl$ieeestatus    fz_ws.l(istatus.o)
    0x0802e6e4   0x0802e6e4   0x00000004   Code   RO         7735    x$fpl$printf1       fz_ws.l(printf1.o)
    0x0802e6e8   0x0802e6e8   0x00000064   Code   RO         8031    x$fpl$retnan        fz_ws.l(retnan.o)
    0x0802e74c   0x0802e74c   0x0000005c   Code   RO         7846    x$fpl$scalbn        fz_ws.l(scalbn.o)
    0x0802e7a8   0x0802e7a8   0x00000004   Code   RO         7968    x$fpl$scanf1        fz_ws.l(scanf1.o)
    0x0802e7ac   0x0802e7ac   0x00000008   Code   RO         8049    x$fpl$scanf2        fz_ws.l(scanf2.o)
    0x0802e7b4   0x0802e7b4   0x00000030   Code   RO         8055    x$fpl$trapveneer    fz_ws.l(trapv.o)
    0x0802e7e4   0x0802e7e4   0x00000000   Code   RO         7848    x$fpl$usenofp       fz_ws.l(usenofp.o)
    0x0802e7e4   0x0802e7e4   0x0000000c   Data   RO          898    .constdata          malloc.o
    0x0802e7f0   0x0802e7f0   0x000000f4   Data   RO         1302    .constdata          temperature.o
    0x0802e8e4   0x0802e8e4   0x00000e8e   Data   RO         1526    .constdata          oled.o
    0x0802f772   0x0802f772   0x00000002   PAD
    0x0802f774   0x0802f774   0x0000002b   Data   RO         1766    .constdata          printer.o
    0x0802f79f   0x0802f79f   0x0000013e   Data   RO         2108    .constdata          hmi.o
    0x0802f8dd   0x0802f8dd   0x0000008d   Data   RO         2486    .constdata          ff.o
    0x0802f96a   0x0802f96a   0x000003ae   Data   RO         2827    .constdata          ffunicode.o
    0x0802fd18   0x0802fd18   0x00000018   Data   RO         7282    .constdata          system_stm32f1xx.o
    0x0802fd30   0x0802fd30   0x00000011   Data   RO         7633    .constdata          c_w.l(__printf_flags_ss_wp.o)
    0x0802fd41   0x0802fd41   0x00000007   PAD
    0x0802fd48   0x0802fd48   0x00000088   Data   RO         7771    .constdata          m_ws.l(pow.o)
    0x0802fdd0   0x0802fdd0   0x00000098   Data   RO         7851    .constdata          m_ws.l(atan.o)
    0x0802fe68   0x0802fe68   0x00000030   Data   RO         7860    .constdata          m_ws.l(cos_i.o)
    0x0802fe98   0x0802fe98   0x00000008   Data   RO         7880    .constdata          m_ws.l(qnan.o)
    0x0802fea0   0x0802fea0   0x000000c8   Data   RO         7883    .constdata          m_ws.l(rred.o)
    0x0802ff68   0x0802ff68   0x00000028   Data   RO         7887    .constdata          m_ws.l(sin_i.o)
    0x0802ff90   0x0802ff90   0x00000094   Data   RO         7930    .constdata          c_w.l(bigflt0.o)
    0x08030024   0x08030024   0x00000050   Data   RO         1303    .conststring        temperature.o
    0x08030074   0x08030074   0x00000135   Data   RO         1767    .conststring        printer.o
    0x080301a9   0x080301a9   0x00000003   PAD
    0x080301ac   0x080301ac   0x0000006c   Data   RO         2289    .conststring        fatfs.o
    0x08030218   0x08030218   0x00000020   Data   RO         8148    Region$$Table       anon$$obj.o
    0x08030238   0x08030238   0x00000008   Data   RO         8043    c$$dinf             fz_ws.l(fpconst.o)
    0x08030240   0x08030240   0x00000008   Data   RO         8046    c$$dmax             fz_ws.l(fpconst.o)
    0x08030248   0x08030248   0x00000110   Data   RO         7958    locale$$data        c_w.l(lc_ctype_c.o)
    0x08030358   0x08030358   0x0000001c   Data   RO         7961    locale$$data        c_w.l(lc_numeric_c.o)


    Execution Region RW_IRAM1 (Exec base: 0x20000000, Load base: 0x08030374, Size: 0x0000cc48, Max: 0x00010000, ABSOLUTE, COMPRESSED[0x000000f8])

    Exec Addr    Load Addr    Size         Type   Attr      Idx    E Section Name        Object

    0x20000000   COMPRESSED   0x0000000c   Data   RW            9    .data               main.o
    0x2000000c   COMPRESSED   0x00000004   Data   RW          329    .data               system.o
    0x20000010   COMPRESSED   0x0000000a   Data   RW          559    .data               usart.o
    0x2000001a   COMPRESSED   0x00000002   PAD
    0x2000001c   COMPRESSED   0x00000014   Data   RW          899    .data               malloc.o
    0x20000030   COMPRESSED   0x00000032   Data   RW         1165    .data               stepper_motor.o
    0x20000062   COMPRESSED   0x00000002   PAD
    0x20000064   COMPRESSED   0x00000075   Data   RW         1304    .data               temperature.o
    0x200000d9   COMPRESSED   0x00000001   PAD
    0x200000da   COMPRESSED   0x00000010   Data   RW         1450    .data               endstop.o
    0x200000ea   COMPRESSED   0x00000004   Data   RW         1630    .data               keypad.o
    0x200000ee   COMPRESSED   0x00000002   PAD
    0x200000f0   COMPRESSED   0x000000ae   Data   RW         1768    .data               printer.o
    0x2000019e   COMPRESSED   0x00000002   PAD
    0x200001a0   COMPRESSED   0x0000006c   Data   RW         1964    .data               planner.o
    0x2000020c   COMPRESSED   0x0000001c   Data   RW         2109    .data               hmi.o
    0x20000228   COMPRESSED   0x00000001   Data   RW         2167    .data               storage_device.o
    0x20000229   COMPRESSED   0x00000003   PAD
    0x2000022c   COMPRESSED   0x00000170   Data   RW         2290    .data               fatfs.o
    0x2000039c   COMPRESSED   0x00000006   Data   RW         2487    .data               ff.o
    0x200003a2   COMPRESSED   0x00000002   PAD
    0x200003a4   COMPRESSED   0x00000004   Data   RW         2879    .data               stm32f1xx_hal.o
    0x200003a8   COMPRESSED   0x00000004   Data   RW         7283    .data               system_stm32f1xx.o
    0x200003ac        -       0x00000148   Zero   RW          558    .bss                usart.o
    0x200004f4        -       0x00000030   Zero   RW          663    .bss                adc.o
    0x20000524        -       0x000000f0   Zero   RW          771    .bss                timer.o
    0x20000614   COMPRESSED   0x00000004   PAD
    0x20000618        -       0x000000f0   Zero   RW          844    .bss                sdio.o
    0x20000708   COMPRESSED   0x00000018   PAD
    0x20000720        -       0x0000aa00   Zero   RW          897    .bss                malloc.o
    0x2000b120        -       0x00000014   Zero   RW          971    .bss                rtc.o
    0x2000b134        -       0x00000200   Zero   RW         1096    .bss                sd_card.o
    0x2000b334        -       0x0000001c   Zero   RW         1449    .bss                endstop.o
    0x2000b350        -       0x0000000c   Zero   RW         1689    .bss                remote.o
    0x2000b35c        -       0x00000438   Zero   RW         1765    .bss                printer.o
    0x2000b794        -       0x00000ab0   Zero   RW         1963    .bss                planner.o
    0x2000c244        -       0x0000025c   Zero   RW         2166    .bss                storage_device.o
    0x2000c4a0        -       0x00000148   Zero   RW         2288    .bss                fatfs.o
    0x2000c5e8        -       0x00000060   Zero   RW         7893    .bss                c_w.l(libspace.o)
    0x2000c648        -       0x00000200   Zero   RW         2851    HEAP                startup_stm32f103xe.o
    0x2000c848        -       0x00000400   Zero   RW         2850    STACK               startup_stm32f103xe.o


==============================================================================

Image component sizes


      Code (inc. data)   RO Data    RW Data    ZI Data      Debug   Object Name

       192         24          0          0         48       1745   adc.o
       226          0          0          0          0       6528   diskio.o
       824        150          0         16         28       7757   endstop.o
       254         10        108        368        328       5367   fatfs.o
      8446         92        141          6          0      58156   ff.o
        28          0          0          0          0       1547   ffsystem.o
       284         32        942          0          0       2624   ffunicode.o
      2136        358        318         28          0       4194   hmi.o
       344         28          0          0          0       3605   iic.o
       332         46          0          4          0       4749   keypad.o
       404        100          0         12          0     473252   main.o
       504         60         12         20      43520       6327   malloc.o
      1326         98       3726          0          0       9955   oled.o
      6810        476          0        108       2736      21888   planner.o
     11684       2274        352        174       1080      23837   printer.o
       442         30          0          0         12       4363   remote.o
       228         30          0          0         20       2264   rtc.o
       424         32          0          0        512       3967   sd_card.o
       436         56          0          0        240       2994   sdio.o
        64         26        304          0       1536        816   startup_stm32f103xe.o
      2496        342          0         50          0      14501   stepper_motor.o
       132         16          0          4          0       3784   stm32f1xx_hal.o
      1736         66          0          0          0       6562   stm32f1xx_hal_adc.o
       260          4          0          0          0       1394   stm32f1xx_hal_adc_ex.o
       338         22          0          0          0      26517   stm32f1xx_hal_cortex.o
      3666         42          0          0          0       5400   stm32f1xx_hal_dma.o
       888         46          0          0          0       3890   stm32f1xx_hal_gpio.o
        24          4          0          0          0        475   stm32f1xx_hal_pwr.o
      3112        100          0          0          0       5488   stm32f1xx_hal_rcc.o
       736         46          0          0          0       2233   stm32f1xx_hal_rcc_ex.o
      1540         12          0          0          0      11736   stm32f1xx_hal_rtc.o
      4712         24          0          0          0      29595   stm32f1xx_hal_sd.o
      2500         86          0          0          0      18366   stm32f1xx_hal_tim.o
         4          0          0          0          0       1390   stm32f1xx_hal_tim_ex.o
      1280          6          0          0          0       7170   stm32f1xx_hal_uart.o
        32          0          0          0          0       4006   stm32f1xx_it.o
       188          4          0          0          0       5438   stm32f1xx_ll_sdmmc.o
      1452        442          0          1        604      13824   storage_device.o
       346         16          0          4          0     542026   system.o
        88         18         24          4          0       1167   system_stm32f1xx.o
      3482        758        324        117          0      19057   temperature.o
       648         92          0          0        240       7180   timer.o
       484         70          0         10        328       7903   usart.o
       494         20          0          0          0       5143   ws2812.o

    ----------------------------------------------------------------------
     66082       6158       6288        940      51260    1390180   Object Totals
         0          0         32          0          0          0   (incl. Generated)
        56          0          5         14         28          0   (incl. Padding)

    ----------------------------------------------------------------------

      Code (inc. data)   RO Data    RW Data    ZI Data      Debug   Library Member Name

        90          0          0          0          0          0   __dczerorl2.o
         8          0          0          0          0         68   __main.o
       392          4         17          0          0         92   __printf_flags_ss_wp.o
        14          0          0          0          0         68   __printf_wp.o
         0          0          0          0          0          0   __rtentry.o
        12          0          0          0          0          0   __rtentry2.o
         6          0          0          0          0          0   __rtentry4.o
        52          8          0          0          0          0   __scatter.o
        28          0          0          0          0          0   __scatter_zi.o
        28          0          0          0          0         68   _chval.o
         6          0          0          0          0          0   _printf_c.o
        44          0          0          0          0        108   _printf_char.o
        48          6          0          0          0         96   _printf_char_common.o
        36          4          0          0          0         80   _printf_char_file.o
         6          0          0          0          0          0   _printf_d.o
       120         16          0          0          0         92   _printf_dec.o
         6          0          0          0          0          0   _printf_f.o
      1054          0          0          0          0        216   _printf_fp_dec.o
       128         16          0          0          0         84   _printf_fp_infnan.o
         6          0          0          0          0          0   _printf_i.o
       178          0          0          0          0         88   _printf_intcommon.o
        78          0          0          0          0        108   _printf_pad.o
         0          0          0          0          0          0   _printf_percent.o
         4          0          0          0          0          0   _printf_percent_end.o
         6          0          0          0          0          0   _printf_s.o
        82          0          0          0          0         80   _printf_str.o
        22          0          0          0          0        100   _rserrno.o
        64          0          0          0          0         84   _sgetc.o
        10          0          0          0          0         68   _sputc.o
       158          0          0          0          0         92   _strtoul.o
        26          0          0          0          0         80   atoi.o
       228          4        148          0          0         96   bigflt0.o
      2152        136          0          0          0        960   btod.o
        18          0          0          0          0         80   exit.o
         8          0          0          0          0         68   ferror.o
         6          0          0          0          0        152   heapauxi.o
        18          0          0          0          0         76   isspace.o
        44         10        272          0          0         76   lc_ctype_c.o
        44         10         28          0          0         76   lc_numeric_c.o
         2          0          0          0          0          0   libinit.o
        30          0          0          0          0          0   libinit2.o
         2          0          0          0          0          0   libshutdown.o
         2          0          0          0          0          0   libshutdown2.o
         8          4          0          0         96         68   libspace.o
        38          0          0          0          0         68   llshl.o
       138          0          0          0          0         80   lludiv10.o
       238          0          0          0          0        100   lludivv7m.o
        24          4          0          0          0         84   noretval__2printf.o
        40          6          0          0          0         84   noretval__2sprintf.o
        16          4          0          0          0         76   rt_ctype_table.o
         8          4          0          0          0         68   rt_errno_addr_intlibspace.o
         8          4          0          0          0         68   rt_locale_intlibspace.o
        78          0          0          0          0         80   rt_memclr_w.o
       138          0          0          0          0         68   rt_memcpy_v6.o
       100          0          0          0          0         80   rt_memcpy_w.o
         2          0          0          0          0          0   rtexit.o
        10          0          0          0          0          0   rtexit2.o
      1272         16          0          0          0        168   scanf_fp.o
       800         14          0          0          0        100   scanf_hexfp.o
       308         16          0          0          0        100   scanf_infnan.o
        24          0          0          0          0         68   strcat.o
        20          0          0          0          0         68   strchr.o
       128          0          0          0          0         68   strcmpv7m.o
        72          0          0          0          0         80   strcpy.o
        62          0          0          0          0         76   strlen.o
        36          0          0          0          0         80   strstr.o
       164         14          0          0          0        120   strtod.o
       112          0          0          0          0         88   strtol.o
        74          0          0          0          0         80   sys_stackheap_outer.o
         2          0          0          0          0         68   use_no_semi.o
         2          0          0          0          0         68   use_no_semi_2.o
        98          4          0          0          0         92   d2f.o
       826         16          0          0          0        348   daddsub_clz.o
        16          4          0          0          0         68   dcheck1.o
        24          0          0          0          0         68   dcmpi.o
       688        140          0          0          0        208   ddiv.o
       120          4          0          0          0         92   deqf.o
        94          4          0          0          0         92   dfix.o
        90          4          0          0          0         92   dfixu.o
        84          0          0          0          0        136   dflt_clz.o
       120          4          0          0          0         92   dleqf.o
       340         12          0          0          0        104   dmul.o
       156          4          0          0          0         92   dnaninf.o
        12          0          0          0          0         68   dretinf.o
       108          0          0          0          0         80   drleqf.o
       460         56          0          0          0        120   dsqrt_noumaal.o
        86          4          0          0          0         84   f2d.o
       450          8          0          0          0        236   faddsub_clz.o
        24          0          0          0          0         68   fcmpi.o
       388         76          0          0          0         96   fdiv.o
       104          4          0          0          0         84   feqf.o
        54          4          0          0          0         84   ffix.o
        62          4          0          0          0         84   ffixu.o
        86          0          0          0          0        136   fflt_clz.o
       104          4          0          0          0         84   fleqf.o
       258          4          0          0          0         84   fmul.o
       140          4          0          0          0         84   fnaninf.o
         0          0         16          0          0          0   fpconst.o
        10          0          0          0          0         68   fretinf.o
        98          0          0          0          0         68   frleqf.o
         6          0          0          0          0         68   istatus.o
         4          0          0          0          0         68   printf1.o
       100          0          0          0          0         68   retnan.o
        92          0          0          0          0         68   scalbn.o
         4          0          0          0          0         68   scanf1.o
         8          0          0          0          0         84   scanf2.o
        48          0          0          0          0         68   trapv.o
         0          0          0          0          0          0   usenofp.o
       544         70        152          0          0        124   atan.o
       384         38          0          0          0        144   atan2.o
       220         16          0          0          0         84   ceil.o
       156          8          0          0          0        104   cos.o
       252         22         48          0          0        124   cos_i.o
        68         10          0          0          0        408   dunder.o
       220         16          0          0          0         84   floor.o
        40          0          0          0          0         68   fpclassify.o
        88          8          0          0          0         76   frexp.o
       656         22          0          0          0        160   hypot.o
       138          0          0          0          0        160   ldexp.o
       204          4          0          0          0        168   narrow.o
       170          0          0          0          0         96   poly.o
      2520        190        136          0          0        324   pow.o
         0          0          8          0          0          0   qnan.o
       904         76        200          0          0        140   rred.o
       160         10          0          0          0        108   sin.o
       236         12         40          0          0        128   sin_i.o
        76          0          0          0          0         84   sqrt.o
        28          0          0          0          0         80   strtod.o

    ----------------------------------------------------------------------
     21650       1168       1072          0         96      11580   Library Totals
        36          2          7          0          0          0   (incl. Padding)

    ----------------------------------------------------------------------

      Code (inc. data)   RO Data    RW Data    ZI Data      Debug   Library Name

      9188        300        465          0         96       5412   c_w.l
      5362        364         16          0          0       3504   fz_ws.l
      7064        502        584          0          0       2664   m_ws.l

    ----------------------------------------------------------------------
     21650       1168       1072          0         96      11580   Library Totals

    ----------------------------------------------------------------------

==============================================================================


      Code (inc. data)   RO Data    RW Data    ZI Data      Debug   

     87732       7326       7360        940      51356    1373988   Grand Totals
     87732       7326       7360        248      51356    1373988   ELF Image Totals (compressed)
     87732       7326       7360        248          0          0   ROM Totals

==============================================================================

    Total RO  Size (Code + RO Data)                95092 (  92.86kB)
    Total RW  Size (RW Data + ZI Data)             52296 (  51.07kB)
    Total ROM Size (Code + RO Data + RW Data)      95340 (  93.11kB)

==============================================================================

