<html>
<body>
<pre>
<h1>礦ision Build Log</h1>
<h2>Tool Versions:</h2>
IDE-Version: μVision V5.31.0.0
Copyright (C) 2020 ARM Ltd and ARM Germany GmbH. All rights reserved.
License Information: FVGD HASEE, DB, LIC=BUURY-IRC86-9UY4U-SMXRA-BMK3R-639X2
 
Tool Versions:
Toolchain:       MDK-ARM Plus  Version: 5.31.0.0
Toolchain Path:  D:\Keil_v5\ARM\ARMCC\Bin
C Compiler:      Armcc.exe V5.06 update 6 (build 750)
Assembler:       Armasm.exe V5.06 update 6 (build 750)
Linker/Locator:  ArmLink.exe V5.06 update 6 (build 750)
Library Manager: ArmAr.exe V5.06 update 6 (build 750)
Hex Converter:   FromElf.exe V5.06 update 6 (build 750)
CPU DLL:         SARMCM3.DLL V5.31.0.0
Dialog DLL:      DCM.DLL V1.17.3.0
Target DLL:      Segger\JL2CM3.dll V2.99.38.0
Dialog DLL:      TCM.DLL V1.46.0.0
 
<h2>Project:</h2>
E:\艾克瑞特\工厂生产\3D打印机\3D打印机主板\3D打印机STM32F103RET6程序(非APM32)\底层程序\BiSun_BootLoader_V0.0.13\MDK-ARM\BiSun_BootLoader_V0.0.1.uvprojx
Project File Date:  07/26/2022

<h2>Output:</h2>
*** Using Compiler 'V5.06 update 6 (build 750)', folder: 'D:\Keil_v5\ARM\ARMCC\Bin'
Rebuild target 'BiSun_BootLoader_V0.0.1'
compiling malloc.c...
compiling sdio.c...
compiling main.c...
compiling iic.c...
compiling usart.c...
compiling iap.c...
compiling system.c...
compiling ffunicode.c...
compiling ff.c...
assembling startup_stm32f103xe.s...
compiling oled.c...
compiling sd_card.c...
compiling fatfs.c...
compiling diskio.c...
compiling ffsystem.c...
compiling stm32f1xx_hal.c...
compiling stm32f1xx_hal_adc.c...
compiling stm32f1xx_hal_flash.c...
compiling stm32f1xx_hal_cortex.c...
compiling stm32f1xx_hal_adc_ex.c...
compiling stm32f1xx_hal_dma.c...
compiling stm32f1xx_hal_flash_ex.c...
compiling stm32f1xx_hal_gpio.c...
compiling stm32f1xx_hal_gpio_ex.c...
compiling stm32f1xx_hal_iwdg.c...
compiling stm32f1xx_hal_i2c.c...
compiling stm32f1xx_hal_pcd.c...
compiling stm32f1xx_hal_pcd_ex.c...
compiling stm32f1xx_hal_pwr.c...
compiling stm32f1xx_hal_rcc.c...
compiling stm32f1xx_hal_rcc_ex.c...
compiling stm32f1xx_hal_sram.c...
compiling stm32f1xx_hal_spi_ex.c...
compiling stm32f1xx_hal_spi.c...
compiling stm32f1xx_hal_sd.c...
compiling stm32f1xx_hal_tim_ex.c...
compiling stm32f1xx_hal_uart.c...
compiling stm32f1xx_hal_tim.c...
compiling stm32f1xx_hal_wwdg.c...
compiling stm32f1xx_hal_usart.c...
compiling stm32f1xx_it.c...
compiling stm32f1xx_ll_fsmc.c...
compiling stm32f1xx_ll_sdmmc.c...
compiling system_stm32f1xx.c...
compiling stm32f1xx_ll_usb.c...
compiling stm32f1xx_hal_rtc_ex.c...
compiling stm32f1xx_hal_rtc.c...
linking...
Program Size: Code=31188 RO-data=5140 RW-data=420 ZI-data=26884  
FromELF: creating hex file...
After Build - User command #1: fromelf --bin -o "E:\艾克瑞特\工厂生产\3D打印机\3D打印机主板\3D打印机STM32F103RET6程序(非APM32)\底层程序\BiSun_BootLoader_V0.0.13\MDK-ARM\Obj\BiSun_BootLoader_V0.0.bin" "E:\艾克瑞特\工厂生产\3D打印机\3D打印机主板\3D打印机STM32F103RET6程序(非APM32)\底层程序\BiSun_BootLoader_V0.0.13\MDK-ARM\Obj\BiSun_BootLoader_V0.0.1"
".\Obj\BiSun_BootLoader_V0.0.1" - 0 Error(s), 0 Warning(s).

<h2>Software Packages used:</h2>

Package Vendor: Keil
                http://www.keil.com/pack/Keil.STM32F1xx_DFP.2.1.0.pack
                Keil.STM32F1xx_DFP.2.1.0
                STMicroelectronics STM32F1 Series Device Support, Drivers and Examples

<h2>Collection of Component include folders:</h2>
  D:\Users\HASEE\AppData\Local\Arm\Packs\Keil\STM32F1xx_DFP\2.1.0\Device\Include

<h2>Collection of Component Files used:</h2>
Build Time Elapsed:  00:01:56
</pre>
</body>
</html>
